[0.046s] Invoking command in '/home/daniel-mooney/Documents/Projects/Intrinsic/ws_aic/src/aic/build/aic_task_interfaces': CMAKE_PREFIX_PATH=${CMAKE_PREFIX_PATH}:/home/daniel-mooney/Documents/Projects/Intrinsic/ws_aic/src/aic/.pixi/envs/default PIXI_PROMPT=(aic) PS1=\[[1;36m\].../aic\[[0m\] on \[[1;35m\] dev\[[0m\] \[[1;31m\][!?⇡]\[[0m\] via \[[1;33m\]🧚 v0.65.0 (default) \[[2;31m\]⬢ [Docker]\[[0m\] \[[1;32m\]❯\[[0m\] XAUTHLOCALHOSTNAME= /home/daniel-mooney/Documents/Projects/Intrinsic/ws_aic/src/aic/.pixi/envs/default/bin/cmake /home/daniel-mooney/Documents/Projects/Intrinsic/ws_aic/src/aic/aic_interfaces/aic_task_interfaces -DCMAKE_INSTALL_PREFIX=/home/daniel-mooney/Documents/Projects/Intrinsic/ws_aic/src/aic/install/aic_task_interfaces
[0.547s] -- The C compiler identification is GNU 13.3.0
[0.547s] [0mCMake Deprecation Warning at CMakeLists.txt:1 (cmake_minimum_required):
[0.547s]   Compatibility with CMake < 3.10 will be removed from a future version of
[0.547s]   CMake.
[0.548s] 
[0.548s]   Update the VERSION argument <min> value.  Or, use the <min>...<max> syntax
[0.548s]   to tell CMake that the project requires at least <min> but has been updated
[0.548s]   to work with policies introduced by <max> or earlier.
[0.548s] 
[0.549s] [0m
[0.622s] -- The CXX compiler identification is GNU 13.3.0
[0.646s] -- Detecting C compiler ABI info
[0.782s] -- Detecting C compiler ABI info - done
[0.821s] -- Check for working C compiler: /usr/bin/cc - skipped
[0.823s] -- Detecting C compile features
[0.825s] -- Detecting C compile features - done
[0.857s] -- Detecting CXX compiler ABI info
[1.006s] -- Detecting CXX compiler ABI info - done
[1.052s] -- Check for working CXX compiler: /usr/bin/c++ - skipped
[1.053s] -- Detecting CXX compile features
[1.054s] -- Detecting CXX compile features - done
[1.079s] -- Found ament_cmake: 2.7.4 (/home/daniel-mooney/Documents/Projects/Intrinsic/ws_aic/src/aic/.pixi/envs/default/share/ament_cmake/cmake)
[1.381s] -- Found Python3: /home/daniel-mooney/Documents/Projects/Intrinsic/ws_aic/src/aic/.pixi/envs/default/bin/python3 (found version "3.12.12") found components: Interpreter
[1.723s] -- Found builtin_interfaces: 2.3.0 (/home/daniel-mooney/Documents/Projects/Intrinsic/ws_aic/src/aic/.pixi/envs/default/share/builtin_interfaces/cmake)
[1.851s] -- Found rosidl_generator_c: 4.9.6 (/home/daniel-mooney/Documents/Projects/Intrinsic/ws_aic/src/aic/.pixi/envs/default/share/rosidl_generator_c/cmake)
[1.910s] -- Found rosidl_generator_cpp: 4.9.6 (/home/daniel-mooney/Documents/Projects/Intrinsic/ws_aic/src/aic/.pixi/envs/default/share/rosidl_generator_cpp/cmake)
[1.988s] -- Using all available rosidl_typesupport_c: rosidl_typesupport_fastrtps_c;rosidl_typesupport_introspection_c
[2.077s] -- Using all available rosidl_typesupport_cpp: rosidl_typesupport_fastrtps_cpp;rosidl_typesupport_introspection_cpp
[2.151s] -- Found rosidl_default_generators: 1.7.1 (/home/daniel-mooney/Documents/Projects/Intrinsic/ws_aic/src/aic/.pixi/envs/default/share/rosidl_default_generators/cmake)
[2.209s] -- Found rosidl_adapter: 4.9.6 (/home/daniel-mooney/Documents/Projects/Intrinsic/ws_aic/src/aic/.pixi/envs/default/share/rosidl_adapter/cmake)
[3.650s] -- Found ament_cmake_cppcheck: 0.19.2 (/home/daniel-mooney/Documents/Projects/Intrinsic/ws_aic/src/aic/.pixi/envs/default/share/ament_cmake_cppcheck/cmake)
[3.662s] -- Found ament_cmake_cpplint: 0.19.2 (/home/daniel-mooney/Documents/Projects/Intrinsic/ws_aic/src/aic/.pixi/envs/default/share/ament_cmake_cpplint/cmake)
[3.673s] -- Found ament_cmake_uncrustify: 0.19.2 (/home/daniel-mooney/Documents/Projects/Intrinsic/ws_aic/src/aic/.pixi/envs/default/share/ament_cmake_uncrustify/cmake)
[3.689s] -- Found ament_cmake_ros_core: 0.14.7 (/home/daniel-mooney/Documents/Projects/Intrinsic/ws_aic/src/aic/.pixi/envs/default/share/ament_cmake_ros_core/cmake)
[5.110s] -- Using all available rosidl_typesupport_c: rosidl_typesupport_fastrtps_c;rosidl_typesupport_introspection_c
[5.692s] -- Using all available rosidl_typesupport_cpp: rosidl_typesupport_fastrtps_cpp;rosidl_typesupport_introspection_cpp
[6.712s] -- Found Python3: /home/daniel-mooney/Documents/Projects/Intrinsic/ws_aic/src/aic/.pixi/envs/default/bin/python3 (found version "3.12.12") found components: Interpreter Development NumPy Development.Module Development.Embed
[6.825s] -- Found ament_cmake_flake8: 0.19.2 (/home/daniel-mooney/Documents/Projects/Intrinsic/ws_aic/src/aic/.pixi/envs/default/share/ament_cmake_flake8/cmake)
[6.851s] -- Found ament_cmake_pep257: 0.19.2 (/home/daniel-mooney/Documents/Projects/Intrinsic/ws_aic/src/aic/.pixi/envs/default/share/ament_cmake_pep257/cmake)
[6.872s] -- Configuring done (6.5s)
[6.967s] -- Generating done (0.1s)
[6.987s] -- Build files have been written to: /home/daniel-mooney/Documents/Projects/Intrinsic/ws_aic/src/aic/build/aic_task_interfaces
[7.002s] Invoked command in '/home/daniel-mooney/Documents/Projects/Intrinsic/ws_aic/src/aic/build/aic_task_interfaces' returned '0': CMAKE_PREFIX_PATH=${CMAKE_PREFIX_PATH}:/home/daniel-mooney/Documents/Projects/Intrinsic/ws_aic/src/aic/.pixi/envs/default PIXI_PROMPT=(aic) PS1=\[[1;36m\].../aic\[[0m\] on \[[1;35m\] dev\[[0m\] \[[1;31m\][!?⇡]\[[0m\] via \[[1;33m\]🧚 v0.65.0 (default) \[[2;31m\]⬢ [Docker]\[[0m\] \[[1;32m\]❯\[[0m\] XAUTHLOCALHOSTNAME= /home/daniel-mooney/Documents/Projects/Intrinsic/ws_aic/src/aic/.pixi/envs/default/bin/cmake /home/daniel-mooney/Documents/Projects/Intrinsic/ws_aic/src/aic/aic_interfaces/aic_task_interfaces -DCMAKE_INSTALL_PREFIX=/home/daniel-mooney/Documents/Projects/Intrinsic/ws_aic/src/aic/install/aic_task_interfaces
[7.005s] Invoking command in '/home/daniel-mooney/Documents/Projects/Intrinsic/ws_aic/src/aic/build/aic_task_interfaces': CMAKE_PREFIX_PATH=${CMAKE_PREFIX_PATH}:/home/daniel-mooney/Documents/Projects/Intrinsic/ws_aic/src/aic/.pixi/envs/default PIXI_PROMPT=(aic) PS1=\[[1;36m\].../aic\[[0m\] on \[[1;35m\] dev\[[0m\] \[[1;31m\][!?⇡]\[[0m\] via \[[1;33m\]🧚 v0.65.0 (default) \[[2;31m\]⬢ [Docker]\[[0m\] \[[1;32m\]❯\[[0m\] XAUTHLOCALHOSTNAME= /home/daniel-mooney/Documents/Projects/Intrinsic/ws_aic/src/aic/.pixi/envs/default/bin/cmake --build /home/daniel-mooney/Documents/Projects/Intrinsic/ws_aic/src/aic/build/aic_task_interfaces -- -j20 -l20
[7.310s] [  2%] [1m[34mGenerating type hashes for ROS interfaces[0m
[7.316s] [  2%] Built target ament_cmake_python_copy_aic_task_interfaces
[7.881s] running egg_info
[7.913s] creating aic_task_interfaces.egg-info
[7.914s] writing aic_task_interfaces.egg-info/PKG-INFO
[7.914s] writing dependency_links to aic_task_interfaces.egg-info/dependency_links.txt
[7.914s] writing top-level names to aic_task_interfaces.egg-info/top_level.txt
[7.915s] writing manifest file 'aic_task_interfaces.egg-info/SOURCES.txt'
[7.944s] [  2%] Built target aic_task_interfaces__rosidl_generator_type_description
[7.957s] [  4%] [1m[34mGenerating C code for ROS interfaces[0m
[7.969s] [  6%] [1m[34mGenerating C++ code for ROS interfaces[0m
[8.018s] reading manifest file 'aic_task_interfaces.egg-info/SOURCES.txt'
[8.019s] writing manifest file 'aic_task_interfaces.egg-info/SOURCES.txt'
[8.074s] [  6%] Built target ament_cmake_python_build_aic_task_interfaces_egg
[8.901s] [  6%] Built target aic_task_interfaces__cpp
[9.035s] [  9%] [32mBuilding C object CMakeFiles/aic_task_interfaces__rosidl_generator_c.dir/rosidl_generator_c/aic_task_interfaces/msg/detail/task__description.c.o[0m
[9.036s] [ 13%] [32mBuilding C object CMakeFiles/aic_task_interfaces__rosidl_generator_c.dir/rosidl_generator_c/aic_task_interfaces/msg/detail/task__type_support.c.o[0m
[9.036s] [ 13%] [32mBuilding C object CMakeFiles/aic_task_interfaces__rosidl_generator_c.dir/rosidl_generator_c/aic_task_interfaces/msg/detail/task__functions.c.o[0m
[9.037s] [ 15%] [32mBuilding C object CMakeFiles/aic_task_interfaces__rosidl_generator_c.dir/rosidl_generator_c/aic_task_interfaces/action/detail/insert_cable__description.c.o[0m
[9.037s] [ 18%] [32mBuilding C object CMakeFiles/aic_task_interfaces__rosidl_generator_c.dir/rosidl_generator_c/aic_task_interfaces/action/detail/insert_cable__functions.c.o[0m
[9.038s] [ 20%] [32mBuilding C object CMakeFiles/aic_task_interfaces__rosidl_generator_c.dir/rosidl_generator_c/aic_task_interfaces/action/detail/insert_cable__type_support.c.o[0m
[9.413s] [ 22%] [1m[32mLinking C shared library libaic_task_interfaces__rosidl_generator_c.so[0m
[9.480s] [ 22%] Built target aic_task_interfaces__rosidl_generator_c
[9.492s] [ 25%] [1m[34mGenerating C type support dispatch for ROS interfaces[0m
[9.492s] [ 27%] [1m[34mGenerating C++ type support for eProsima Fast-RTPS[0m
[9.493s] [ 29%] [1m[34mGenerating C++ introspection for ROS interfaces[0m
[9.494s] [ 31%] [1m[34mGenerating C introspection for ROS interfaces[0m
[9.496s] [ 34%] [1m[34mGenerating C++ type support dispatch for ROS interfaces[0m
[9.496s] [ 36%] [1m[34mGenerating C type support for eProsima Fast-RTPS[0m
[10.211s] [ 38%] [32mBuilding CXX object CMakeFiles/aic_task_interfaces__rosidl_typesupport_c.dir/rosidl_typesupport_c/aic_task_interfaces/msg/task__type_support.cpp.o[0m
[10.212s] [ 40%] [32mBuilding CXX object CMakeFiles/aic_task_interfaces__rosidl_typesupport_c.dir/rosidl_typesupport_c/aic_task_interfaces/action/insert_cable__type_support.cpp.o[0m
[10.385s] [ 43%] [1m[32mLinking CXX shared library libaic_task_interfaces__rosidl_typesupport_c.so[0m
[10.399s] [ 45%] [32mBuilding CXX object CMakeFiles/aic_task_interfaces__rosidl_typesupport_cpp.dir/rosidl_typesupport_cpp/aic_task_interfaces/msg/task__type_support.cpp.o[0m
[10.399s] [ 47%] [32mBuilding CXX object CMakeFiles/aic_task_interfaces__rosidl_typesupport_cpp.dir/rosidl_typesupport_cpp/aic_task_interfaces/action/insert_cable__type_support.cpp.o[0m
[10.470s] [ 47%] Built target aic_task_interfaces__rosidl_typesupport_c
[10.483s] [ 50%] [32mBuilding C object CMakeFiles/aic_task_interfaces__rosidl_typesupport_introspection_c.dir/rosidl_typesupport_introspection_c/aic_task_interfaces/action/detail/insert_cable__type_support.c.o[0m
[10.484s] [ 52%] [32mBuilding C object CMakeFiles/aic_task_interfaces__rosidl_typesupport_introspection_c.dir/rosidl_typesupport_introspection_c/aic_task_interfaces/msg/detail/task__type_support.c.o[0m
[10.551s] [ 54%] [32mBuilding CXX object CMakeFiles/aic_task_interfaces__rosidl_typesupport_fastrtps_cpp.dir/rosidl_typesupport_fastrtps_cpp/aic_task_interfaces/msg/detail/dds_fastrtps/task__type_support.cpp.o[0m
[10.554s] [ 56%] [32mBuilding CXX object CMakeFiles/aic_task_interfaces__rosidl_typesupport_fastrtps_cpp.dir/rosidl_typesupport_fastrtps_cpp/aic_task_interfaces/action/detail/dds_fastrtps/insert_cable__type_support.cpp.o[0m
[10.612s] [ 59%] [32mBuilding CXX object CMakeFiles/aic_task_interfaces__rosidl_typesupport_introspection_cpp.dir/rosidl_typesupport_introspection_cpp/aic_task_interfaces/action/detail/insert_cable__type_support.cpp.o[0m
[10.613s] [ 61%] [32mBuilding CXX object CMakeFiles/aic_task_interfaces__rosidl_typesupport_introspection_cpp.dir/rosidl_typesupport_introspection_cpp/aic_task_interfaces/msg/detail/task__type_support.cpp.o[0m
[10.652s] [ 63%] [1m[32mLinking C shared library libaic_task_interfaces__rosidl_typesupport_introspection_c.so[0m
[10.709s] [ 63%] Built target aic_task_interfaces__rosidl_typesupport_introspection_c
[11.023s] [ 65%] [32mBuilding CXX object CMakeFiles/aic_task_interfaces__rosidl_typesupport_fastrtps_c.dir/rosidl_typesupport_fastrtps_c/aic_task_interfaces/action/detail/insert_cable__type_support_c.cpp.o[0m
[11.023s] [ 68%] [32mBuilding CXX object CMakeFiles/aic_task_interfaces__rosidl_typesupport_fastrtps_c.dir/rosidl_typesupport_fastrtps_c/aic_task_interfaces/msg/detail/task__type_support_c.cpp.o[0m
[12.244s] [ 70%] [1m[32mLinking CXX shared library libaic_task_interfaces__rosidl_typesupport_introspection_cpp.so[0m
[12.379s] [ 70%] Built target aic_task_interfaces__rosidl_typesupport_introspection_cpp
[12.431s] [ 72%] [1m[32mLinking CXX shared library libaic_task_interfaces__rosidl_typesupport_cpp.so[0m
[12.602s] [ 72%] Built target aic_task_interfaces__rosidl_typesupport_cpp
[12.608s] [ 75%] [1m[32mLinking CXX shared library libaic_task_interfaces__rosidl_typesupport_fastrtps_c.so[0m
[12.737s] [ 77%] [1m[32mLinking CXX shared library libaic_task_interfaces__rosidl_typesupport_fastrtps_cpp.so[0m
[12.781s] [ 77%] Built target aic_task_interfaces__rosidl_typesupport_fastrtps_c
[12.885s] [ 77%] Built target aic_task_interfaces__rosidl_typesupport_fastrtps_cpp
[12.905s] [ 77%] Built target aic_task_interfaces
[12.930s] [ 79%] [1m[34mGenerating Python code for ROS interfaces[0m
[15.542s] [ 79%] Built target aic_task_interfaces__py
[15.571s] [ 81%] [32mBuilding C object CMakeFiles/aic_task_interfaces__rosidl_generator_py.dir/rosidl_generator_py/aic_task_interfaces/msg/_task_s.c.o[0m
[15.571s] [ 84%] [32mBuilding C object CMakeFiles/aic_task_interfaces__rosidl_generator_py.dir/rosidl_generator_py/aic_task_interfaces/action/_insert_cable_s.c.o[0m
[16.144s] [ 86%] [1m[32mLinking C shared library libaic_task_interfaces__rosidl_generator_py.so[0m
[16.239s] [ 86%] Built target aic_task_interfaces__rosidl_generator_py
[16.265s] [ 88%] [32mBuilding C object CMakeFiles/aic_task_interfaces_s__rosidl_typesupport_fastrtps_c.dir/rosidl_generator_py/aic_task_interfaces/_aic_task_interfaces_s.ep.rosidl_typesupport_fastrtps_c.c.o[0m
[16.269s] [ 90%] [32mBuilding C object CMakeFiles/aic_task_interfaces_s__rosidl_typesupport_c.dir/rosidl_generator_py/aic_task_interfaces/_aic_task_interfaces_s.ep.rosidl_typesupport_c.c.o[0m
[16.269s] [ 93%] [32mBuilding C object CMakeFiles/aic_task_interfaces_s__rosidl_typesupport_introspection_c.dir/rosidl_generator_py/aic_task_interfaces/_aic_task_interfaces_s.ep.rosidl_typesupport_introspection_c.c.o[0m
[16.581s] [ 95%] [1m[32mLinking C shared module rosidl_generator_py/aic_task_interfaces/aic_task_interfaces_s__rosidl_typesupport_c.so[0m
[16.643s] [ 97%] [1m[32mLinking C shared module rosidl_generator_py/aic_task_interfaces/aic_task_interfaces_s__rosidl_typesupport_introspection_c.so[0m
[16.644s] [ 97%] Built target aic_task_interfaces_s__rosidl_typesupport_c
[16.686s] [100%] [1m[32mLinking C shared module rosidl_generator_py/aic_task_interfaces/aic_task_interfaces_s__rosidl_typesupport_fastrtps_c.so[0m
[16.694s] [100%] Built target aic_task_interfaces_s__rosidl_typesupport_introspection_c
[16.743s] [100%] Built target aic_task_interfaces_s__rosidl_typesupport_fastrtps_c
[16.755s] Invoked command in '/home/daniel-mooney/Documents/Projects/Intrinsic/ws_aic/src/aic/build/aic_task_interfaces' returned '0': CMAKE_PREFIX_PATH=${CMAKE_PREFIX_PATH}:/home/daniel-mooney/Documents/Projects/Intrinsic/ws_aic/src/aic/.pixi/envs/default PIXI_PROMPT=(aic) PS1=\[[1;36m\].../aic\[[0m\] on \[[1;35m\] dev\[[0m\] \[[1;31m\][!?⇡]\[[0m\] via \[[1;33m\]🧚 v0.65.0 (default) \[[2;31m\]⬢ [Docker]\[[0m\] \[[1;32m\]❯\[[0m\] XAUTHLOCALHOSTNAME= /home/daniel-mooney/Documents/Projects/Intrinsic/ws_aic/src/aic/.pixi/envs/default/bin/cmake --build /home/daniel-mooney/Documents/Projects/Intrinsic/ws_aic/src/aic/build/aic_task_interfaces -- -j20 -l20
[16.758s] Invoking command in '/home/daniel-mooney/Documents/Projects/Intrinsic/ws_aic/src/aic/build/aic_task_interfaces': CMAKE_PREFIX_PATH=${CMAKE_PREFIX_PATH}:/home/daniel-mooney/Documents/Projects/Intrinsic/ws_aic/src/aic/.pixi/envs/default PIXI_PROMPT=(aic) PS1=\[[1;36m\].../aic\[[0m\] on \[[1;35m\] dev\[[0m\] \[[1;31m\][!?⇡]\[[0m\] via \[[1;33m\]🧚 v0.65.0 (default) \[[2;31m\]⬢ [Docker]\[[0m\] \[[1;32m\]❯\[[0m\] XAUTHLOCALHOSTNAME= /home/daniel-mooney/Documents/Projects/Intrinsic/ws_aic/src/aic/.pixi/envs/default/bin/cmake --install /home/daniel-mooney/Documents/Projects/Intrinsic/ws_aic/src/aic/build/aic_task_interfaces
[17.026s] -- Install configuration: ""
[17.026s] -- Installing: /home/daniel-mooney/Documents/Projects/Intrinsic/ws_aic/src/aic/install/aic_task_interfaces/share/ament_index/resource_index/rosidl_interfaces/aic_task_interfaces
[17.027s] -- Installing: /home/daniel-mooney/Documents/Projects/Intrinsic/ws_aic/src/aic/install/aic_task_interfaces/share/aic_task_interfaces/msg/Task.json
[17.027s] -- Installing: /home/daniel-mooney/Documents/Projects/Intrinsic/ws_aic/src/aic/install/aic_task_interfaces/share/aic_task_interfaces/action/InsertCable.json
[17.028s] -- Installing: /home/daniel-mooney/Documents/Projects/Intrinsic/ws_aic/src/aic/install/aic_task_interfaces/include/aic_task_interfaces/aic_task_interfaces
[17.028s] -- Installing: /home/daniel-mooney/Documents/Projects/Intrinsic/ws_aic/src/aic/install/aic_task_interfaces/include/aic_task_interfaces/aic_task_interfaces/action
[17.028s] -- Installing: /home/daniel-mooney/Documents/Projects/Intrinsic/ws_aic/src/aic/install/aic_task_interfaces/include/aic_task_interfaces/aic_task_interfaces/action/insert_cable.h
[17.028s] -- Installing: /home/daniel-mooney/Documents/Projects/Intrinsic/ws_aic/src/aic/install/aic_task_interfaces/include/aic_task_interfaces/aic_task_interfaces/action/detail
[17.029s] -- Installing: /home/daniel-mooney/Documents/Projects/Intrinsic/ws_aic/src/aic/install/aic_task_interfaces/include/aic_task_interfaces/aic_task_interfaces/action/detail/insert_cable__functions.c
[17.029s] -- Installing: /home/daniel-mooney/Documents/Projects/Intrinsic/ws_aic/src/aic/install/aic_task_interfaces/include/aic_task_interfaces/aic_task_interfaces/action/detail/insert_cable__type_support.h
[17.029s] -- Installing: /home/daniel-mooney/Documents/Projects/Intrinsic/ws_aic/src/aic/install/aic_task_interfaces/include/aic_task_interfaces/aic_task_interfaces/action/detail/insert_cable__functions.h
[17.029s] -- Installing: /home/daniel-mooney/Documents/Projects/Intrinsic/ws_aic/src/aic/install/aic_task_interfaces/include/aic_task_interfaces/aic_task_interfaces/action/detail/insert_cable__struct.h
[17.030s] -- Installing: /home/daniel-mooney/Documents/Projects/Intrinsic/ws_aic/src/aic/install/aic_task_interfaces/include/aic_task_interfaces/aic_task_interfaces/action/detail/insert_cable__type_support.c
[17.030s] -- Installing: /home/daniel-mooney/Documents/Projects/Intrinsic/ws_aic/src/aic/install/aic_task_interfaces/include/aic_task_interfaces/aic_task_interfaces/action/detail/insert_cable__description.c
[17.030s] -- Installing: /home/daniel-mooney/Documents/Projects/Intrinsic/ws_aic/src/aic/install/aic_task_interfaces/include/aic_task_interfaces/aic_task_interfaces/msg
[17.030s] -- Installing: /home/daniel-mooney/Documents/Projects/Intrinsic/ws_aic/src/aic/install/aic_task_interfaces/include/aic_task_interfaces/aic_task_interfaces/msg/detail
[17.031s] -- Installing: /home/daniel-mooney/Documents/Projects/Intrinsic/ws_aic/src/aic/install/aic_task_interfaces/include/aic_task_interfaces/aic_task_interfaces/msg/detail/task__type_support.c
[17.031s] -- Installing: /home/daniel-mooney/Documents/Projects/Intrinsic/ws_aic/src/aic/install/aic_task_interfaces/include/aic_task_interfaces/aic_task_interfaces/msg/detail/task__type_support.h
[17.031s] -- Installing: /home/daniel-mooney/Documents/Projects/Intrinsic/ws_aic/src/aic/install/aic_task_interfaces/include/aic_task_interfaces/aic_task_interfaces/msg/detail/task__functions.c
[17.031s] -- Installing: /home/daniel-mooney/Documents/Projects/Intrinsic/ws_aic/src/aic/install/aic_task_interfaces/include/aic_task_interfaces/aic_task_interfaces/msg/detail/task__description.c
[17.031s] -- Installing: /home/daniel-mooney/Documents/Projects/Intrinsic/ws_aic/src/aic/install/aic_task_interfaces/include/aic_task_interfaces/aic_task_interfaces/msg/detail/task__struct.h
[17.032s] -- Installing: /home/daniel-mooney/Documents/Projects/Intrinsic/ws_aic/src/aic/install/aic_task_interfaces/include/aic_task_interfaces/aic_task_interfaces/msg/detail/task__functions.h
[17.032s] -- Installing: /home/daniel-mooney/Documents/Projects/Intrinsic/ws_aic/src/aic/install/aic_task_interfaces/include/aic_task_interfaces/aic_task_interfaces/msg/task.h
[17.032s] -- Installing: /home/daniel-mooney/Documents/Projects/Intrinsic/ws_aic/src/aic/install/aic_task_interfaces/include/aic_task_interfaces/aic_task_interfaces/msg/rosidl_generator_c__visibility_control.h
[17.032s] -- Installing: /home/daniel-mooney/Documents/Projects/Intrinsic/ws_aic/src/aic/install/aic_task_interfaces/share/aic_task_interfaces/environment/library_path.sh
[17.033s] -- Installing: /home/daniel-mooney/Documents/Projects/Intrinsic/ws_aic/src/aic/install/aic_task_interfaces/share/aic_task_interfaces/environment/library_path.dsv
[17.033s] -- Installing: /home/daniel-mooney/Documents/Projects/Intrinsic/ws_aic/src/aic/install/aic_task_interfaces/lib/libaic_task_interfaces__rosidl_generator_c.so
[17.033s] -- Set non-toolchain portion of runtime path of "/home/daniel-mooney/Documents/Projects/Intrinsic/ws_aic/src/aic/install/aic_task_interfaces/lib/libaic_task_interfaces__rosidl_generator_c.so" to ""
[17.033s] -- Up-to-date: /home/daniel-mooney/Documents/Projects/Intrinsic/ws_aic/src/aic/install/aic_task_interfaces/include/aic_task_interfaces/aic_task_interfaces
[17.034s] -- Up-to-date: /home/daniel-mooney/Documents/Projects/Intrinsic/ws_aic/src/aic/install/aic_task_interfaces/include/aic_task_interfaces/aic_task_interfaces/action
[17.034s] -- Up-to-date: /home/daniel-mooney/Documents/Projects/Intrinsic/ws_aic/src/aic/install/aic_task_interfaces/include/aic_task_interfaces/aic_task_interfaces/action/detail
[17.034s] -- Installing: /home/daniel-mooney/Documents/Projects/Intrinsic/ws_aic/src/aic/install/aic_task_interfaces/include/aic_task_interfaces/aic_task_interfaces/action/detail/insert_cable__rosidl_typesupport_fastrtps_c.h
[17.034s] -- Up-to-date: /home/daniel-mooney/Documents/Projects/Intrinsic/ws_aic/src/aic/install/aic_task_interfaces/include/aic_task_interfaces/aic_task_interfaces/msg
[17.035s] -- Installing: /home/daniel-mooney/Documents/Projects/Intrinsic/ws_aic/src/aic/install/aic_task_interfaces/include/aic_task_interfaces/aic_task_interfaces/msg/rosidl_typesupport_fastrtps_c__visibility_control.h
[17.035s] -- Up-to-date: /home/daniel-mooney/Documents/Projects/Intrinsic/ws_aic/src/aic/install/aic_task_interfaces/include/aic_task_interfaces/aic_task_interfaces/msg/detail
[17.035s] -- Installing: /home/daniel-mooney/Documents/Projects/Intrinsic/ws_aic/src/aic/install/aic_task_interfaces/include/aic_task_interfaces/aic_task_interfaces/msg/detail/task__rosidl_typesupport_fastrtps_c.h
[17.035s] -- Installing: /home/daniel-mooney/Documents/Projects/Intrinsic/ws_aic/src/aic/install/aic_task_interfaces/lib/libaic_task_interfaces__rosidl_typesupport_fastrtps_c.so
[17.036s] -- Set non-toolchain portion of runtime path of "/home/daniel-mooney/Documents/Projects/Intrinsic/ws_aic/src/aic/install/aic_task_interfaces/lib/libaic_task_interfaces__rosidl_typesupport_fastrtps_c.so" to ""
[17.036s] -- Up-to-date: /home/daniel-mooney/Documents/Projects/Intrinsic/ws_aic/src/aic/install/aic_task_interfaces/include/aic_task_interfaces/aic_task_interfaces
[17.036s] -- Up-to-date: /home/daniel-mooney/Documents/Projects/Intrinsic/ws_aic/src/aic/install/aic_task_interfaces/include/aic_task_interfaces/aic_task_interfaces/action
[17.036s] -- Installing: /home/daniel-mooney/Documents/Projects/Intrinsic/ws_aic/src/aic/install/aic_task_interfaces/include/aic_task_interfaces/aic_task_interfaces/action/insert_cable.hpp
[17.036s] -- Up-to-date: /home/daniel-mooney/Documents/Projects/Intrinsic/ws_aic/src/aic/install/aic_task_interfaces/include/aic_task_interfaces/aic_task_interfaces/action/detail
[17.037s] -- Installing: /home/daniel-mooney/Documents/Projects/Intrinsic/ws_aic/src/aic/install/aic_task_interfaces/include/aic_task_interfaces/aic_task_interfaces/action/detail/insert_cable__builder.hpp
[17.037s] -- Installing: /home/daniel-mooney/Documents/Projects/Intrinsic/ws_aic/src/aic/install/aic_task_interfaces/include/aic_task_interfaces/aic_task_interfaces/action/detail/insert_cable__type_support.hpp
[17.037s] -- Installing: /home/daniel-mooney/Documents/Projects/Intrinsic/ws_aic/src/aic/install/aic_task_interfaces/include/aic_task_interfaces/aic_task_interfaces/action/detail/insert_cable__struct.hpp
[17.037s] -- Installing: /home/daniel-mooney/Documents/Projects/Intrinsic/ws_aic/src/aic/install/aic_task_interfaces/include/aic_task_interfaces/aic_task_interfaces/action/detail/insert_cable__traits.hpp
[17.038s] -- Up-to-date: /home/daniel-mooney/Documents/Projects/Intrinsic/ws_aic/src/aic/install/aic_task_interfaces/include/aic_task_interfaces/aic_task_interfaces/msg
[17.038s] -- Installing: /home/daniel-mooney/Documents/Projects/Intrinsic/ws_aic/src/aic/install/aic_task_interfaces/include/aic_task_interfaces/aic_task_interfaces/msg/rosidl_generator_cpp__visibility_control.hpp
[17.038s] -- Installing: /home/daniel-mooney/Documents/Projects/Intrinsic/ws_aic/src/aic/install/aic_task_interfaces/include/aic_task_interfaces/aic_task_interfaces/msg/task.hpp
[17.038s] -- Up-to-date: /home/daniel-mooney/Documents/Projects/Intrinsic/ws_aic/src/aic/install/aic_task_interfaces/include/aic_task_interfaces/aic_task_interfaces/msg/detail
[17.038s] -- Installing: /home/daniel-mooney/Documents/Projects/Intrinsic/ws_aic/src/aic/install/aic_task_interfaces/include/aic_task_interfaces/aic_task_interfaces/msg/detail/task__traits.hpp
[17.039s] -- Installing: /home/daniel-mooney/Documents/Projects/Intrinsic/ws_aic/src/aic/install/aic_task_interfaces/include/aic_task_interfaces/aic_task_interfaces/msg/detail/task__type_support.hpp
[17.039s] -- Installing: /home/daniel-mooney/Documents/Projects/Intrinsic/ws_aic/src/aic/install/aic_task_interfaces/include/aic_task_interfaces/aic_task_interfaces/msg/detail/task__struct.hpp
[17.039s] -- Installing: /home/daniel-mooney/Documents/Projects/Intrinsic/ws_aic/src/aic/install/aic_task_interfaces/include/aic_task_interfaces/aic_task_interfaces/msg/detail/task__builder.hpp
[17.039s] -- Up-to-date: /home/daniel-mooney/Documents/Projects/Intrinsic/ws_aic/src/aic/install/aic_task_interfaces/include/aic_task_interfaces/aic_task_interfaces
[17.040s] -- Up-to-date: /home/daniel-mooney/Documents/Projects/Intrinsic/ws_aic/src/aic/install/aic_task_interfaces/include/aic_task_interfaces/aic_task_interfaces/action
[17.040s] -- Up-to-date: /home/daniel-mooney/Documents/Projects/Intrinsic/ws_aic/src/aic/install/aic_task_interfaces/include/aic_task_interfaces/aic_task_interfaces/action/detail
[17.040s] -- Installing: /home/daniel-mooney/Documents/Projects/Intrinsic/ws_aic/src/aic/install/aic_task_interfaces/include/aic_task_interfaces/aic_task_interfaces/action/detail/insert_cable__rosidl_typesupport_fastrtps_cpp.hpp
[17.040s] -- Installing: /home/daniel-mooney/Documents/Projects/Intrinsic/ws_aic/src/aic/install/aic_task_interfaces/include/aic_task_interfaces/aic_task_interfaces/action/detail/dds_fastrtps
[17.040s] -- Up-to-date: /home/daniel-mooney/Documents/Projects/Intrinsic/ws_aic/src/aic/install/aic_task_interfaces/include/aic_task_interfaces/aic_task_interfaces/msg
[17.041s] -- Installing: /home/daniel-mooney/Documents/Projects/Intrinsic/ws_aic/src/aic/install/aic_task_interfaces/include/aic_task_interfaces/aic_task_interfaces/msg/rosidl_typesupport_fastrtps_cpp__visibility_control.h
[17.041s] -- Up-to-date: /home/daniel-mooney/Documents/Projects/Intrinsic/ws_aic/src/aic/install/aic_task_interfaces/include/aic_task_interfaces/aic_task_interfaces/msg/detail
[17.041s] -- Installing: /home/daniel-mooney/Documents/Projects/Intrinsic/ws_aic/src/aic/install/aic_task_interfaces/include/aic_task_interfaces/aic_task_interfaces/msg/detail/task__rosidl_typesupport_fastrtps_cpp.hpp
[17.041s] -- Installing: /home/daniel-mooney/Documents/Projects/Intrinsic/ws_aic/src/aic/install/aic_task_interfaces/include/aic_task_interfaces/aic_task_interfaces/msg/detail/dds_fastrtps
[17.042s] -- Installing: /home/daniel-mooney/Documents/Projects/Intrinsic/ws_aic/src/aic/install/aic_task_interfaces/lib/libaic_task_interfaces__rosidl_typesupport_fastrtps_cpp.so
[17.042s] -- Set non-toolchain portion of runtime path of "/home/daniel-mooney/Documents/Projects/Intrinsic/ws_aic/src/aic/install/aic_task_interfaces/lib/libaic_task_interfaces__rosidl_typesupport_fastrtps_cpp.so" to ""
[17.042s] -- Up-to-date: /home/daniel-mooney/Documents/Projects/Intrinsic/ws_aic/src/aic/install/aic_task_interfaces/include/aic_task_interfaces/aic_task_interfaces
[17.042s] -- Up-to-date: /home/daniel-mooney/Documents/Projects/Intrinsic/ws_aic/src/aic/install/aic_task_interfaces/include/aic_task_interfaces/aic_task_interfaces/action
[17.043s] -- Up-to-date: /home/daniel-mooney/Documents/Projects/Intrinsic/ws_aic/src/aic/install/aic_task_interfaces/include/aic_task_interfaces/aic_task_interfaces/action/detail
[17.043s] -- Installing: /home/daniel-mooney/Documents/Projects/Intrinsic/ws_aic/src/aic/install/aic_task_interfaces/include/aic_task_interfaces/aic_task_interfaces/action/detail/insert_cable__rosidl_typesupport_introspection_c.h
[17.043s] -- Installing: /home/daniel-mooney/Documents/Projects/Intrinsic/ws_aic/src/aic/install/aic_task_interfaces/include/aic_task_interfaces/aic_task_interfaces/action/detail/insert_cable__type_support.c
[17.043s] -- Up-to-date: /home/daniel-mooney/Documents/Projects/Intrinsic/ws_aic/src/aic/install/aic_task_interfaces/include/aic_task_interfaces/aic_task_interfaces/msg
[17.043s] -- Installing: /home/daniel-mooney/Documents/Projects/Intrinsic/ws_aic/src/aic/install/aic_task_interfaces/include/aic_task_interfaces/aic_task_interfaces/msg/rosidl_typesupport_introspection_c__visibility_control.h
[17.044s] -- Up-to-date: /home/daniel-mooney/Documents/Projects/Intrinsic/ws_aic/src/aic/install/aic_task_interfaces/include/aic_task_interfaces/aic_task_interfaces/msg/detail
[17.044s] -- Installing: /home/daniel-mooney/Documents/Projects/Intrinsic/ws_aic/src/aic/install/aic_task_interfaces/include/aic_task_interfaces/aic_task_interfaces/msg/detail/task__rosidl_typesupport_introspection_c.h
[17.044s] -- Installing: /home/daniel-mooney/Documents/Projects/Intrinsic/ws_aic/src/aic/install/aic_task_interfaces/include/aic_task_interfaces/aic_task_interfaces/msg/detail/task__type_support.c
[17.044s] -- Installing: /home/daniel-mooney/Documents/Projects/Intrinsic/ws_aic/src/aic/install/aic_task_interfaces/lib/libaic_task_interfaces__rosidl_typesupport_introspection_c.so
[17.045s] -- Set non-toolchain portion of runtime path of "/home/daniel-mooney/Documents/Projects/Intrinsic/ws_aic/src/aic/install/aic_task_interfaces/lib/libaic_task_interfaces__rosidl_typesupport_introspection_c.so" to ""
[17.045s] -- Installing: /home/daniel-mooney/Documents/Projects/Intrinsic/ws_aic/src/aic/install/aic_task_interfaces/lib/libaic_task_interfaces__rosidl_typesupport_c.so
[17.045s] -- Set non-toolchain portion of runtime path of "/home/daniel-mooney/Documents/Projects/Intrinsic/ws_aic/src/aic/install/aic_task_interfaces/lib/libaic_task_interfaces__rosidl_typesupport_c.so" to ""
[17.045s] -- Up-to-date: /home/daniel-mooney/Documents/Projects/Intrinsic/ws_aic/src/aic/install/aic_task_interfaces/include/aic_task_interfaces/aic_task_interfaces
[17.045s] -- Up-to-date: /home/daniel-mooney/Documents/Projects/Intrinsic/ws_aic/src/aic/install/aic_task_interfaces/include/aic_task_interfaces/aic_task_interfaces/action
[17.045s] -- Up-to-date: /home/daniel-mooney/Documents/Projects/Intrinsic/ws_aic/src/aic/install/aic_task_interfaces/include/aic_task_interfaces/aic_task_interfaces/action/detail
[17.046s] -- Installing: /home/daniel-mooney/Documents/Projects/Intrinsic/ws_aic/src/aic/install/aic_task_interfaces/include/aic_task_interfaces/aic_task_interfaces/action/detail/insert_cable__rosidl_typesupport_introspection_cpp.hpp
[17.046s] -- Installing: /home/daniel-mooney/Documents/Projects/Intrinsic/ws_aic/src/aic/install/aic_task_interfaces/include/aic_task_interfaces/aic_task_interfaces/action/detail/insert_cable__type_support.cpp
[17.046s] -- Up-to-date: /home/daniel-mooney/Documents/Projects/Intrinsic/ws_aic/src/aic/install/aic_task_interfaces/include/aic_task_interfaces/aic_task_interfaces/msg
[17.046s] -- Up-to-date: /home/daniel-mooney/Documents/Projects/Intrinsic/ws_aic/src/aic/install/aic_task_interfaces/include/aic_task_interfaces/aic_task_interfaces/msg/detail
[17.046s] -- Installing: /home/daniel-mooney/Documents/Projects/Intrinsic/ws_aic/src/aic/install/aic_task_interfaces/include/aic_task_interfaces/aic_task_interfaces/msg/detail/task__rosidl_typesupport_introspection_cpp.hpp
[17.046s] -- Installing: /home/daniel-mooney/Documents/Projects/Intrinsic/ws_aic/src/aic/install/aic_task_interfaces/include/aic_task_interfaces/aic_task_interfaces/msg/detail/task__type_support.cpp
[17.047s] -- Installing: /home/daniel-mooney/Documents/Projects/Intrinsic/ws_aic/src/aic/install/aic_task_interfaces/lib/libaic_task_interfaces__rosidl_typesupport_introspection_cpp.so
[17.047s] -- Set non-toolchain portion of runtime path of "/home/daniel-mooney/Documents/Projects/Intrinsic/ws_aic/src/aic/install/aic_task_interfaces/lib/libaic_task_interfaces__rosidl_typesupport_introspection_cpp.so" to ""
[17.047s] -- Installing: /home/daniel-mooney/Documents/Projects/Intrinsic/ws_aic/src/aic/install/aic_task_interfaces/lib/libaic_task_interfaces__rosidl_typesupport_cpp.so
[17.047s] -- Set non-toolchain portion of runtime path of "/home/daniel-mooney/Documents/Projects/Intrinsic/ws_aic/src/aic/install/aic_task_interfaces/lib/libaic_task_interfaces__rosidl_typesupport_cpp.so" to ""
[17.047s] -- Installing: /home/daniel-mooney/Documents/Projects/Intrinsic/ws_aic/src/aic/install/aic_task_interfaces/share/aic_task_interfaces/environment/pythonpath.sh
[17.048s] -- Installing: /home/daniel-mooney/Documents/Projects/Intrinsic/ws_aic/src/aic/install/aic_task_interfaces/share/aic_task_interfaces/environment/pythonpath.dsv
[17.048s] -- Installing: /home/daniel-mooney/Documents/Projects/Intrinsic/ws_aic/src/aic/install/aic_task_interfaces/lib/python3.12/site-packages/aic_task_interfaces-0.0.1-py3.12.egg-info
[17.048s] -- Installing: /home/daniel-mooney/Documents/Projects/Intrinsic/ws_aic/src/aic/install/aic_task_interfaces/lib/python3.12/site-packages/aic_task_interfaces-0.0.1-py3.12.egg-info/dependency_links.txt
[17.048s] -- Installing: /home/daniel-mooney/Documents/Projects/Intrinsic/ws_aic/src/aic/install/aic_task_interfaces/lib/python3.12/site-packages/aic_task_interfaces-0.0.1-py3.12.egg-info/SOURCES.txt
[17.048s] -- Installing: /home/daniel-mooney/Documents/Projects/Intrinsic/ws_aic/src/aic/install/aic_task_interfaces/lib/python3.12/site-packages/aic_task_interfaces-0.0.1-py3.12.egg-info/PKG-INFO
[17.048s] -- Installing: /home/daniel-mooney/Documents/Projects/Intrinsic/ws_aic/src/aic/install/aic_task_interfaces/lib/python3.12/site-packages/aic_task_interfaces-0.0.1-py3.12.egg-info/top_level.txt
[17.049s] -- Installing: /home/daniel-mooney/Documents/Projects/Intrinsic/ws_aic/src/aic/install/aic_task_interfaces/lib/python3.12/site-packages/aic_task_interfaces
[17.049s] -- Installing: /home/daniel-mooney/Documents/Projects/Intrinsic/ws_aic/src/aic/install/aic_task_interfaces/lib/python3.12/site-packages/aic_task_interfaces/_aic_task_interfaces_s.ep.rosidl_typesupport_fastrtps_c.c
[17.049s] -- Installing: /home/daniel-mooney/Documents/Projects/Intrinsic/ws_aic/src/aic/install/aic_task_interfaces/lib/python3.12/site-packages/aic_task_interfaces/__init__.py
[17.049s] -- Installing: /home/daniel-mooney/Documents/Projects/Intrinsic/ws_aic/src/aic/install/aic_task_interfaces/lib/python3.12/site-packages/aic_task_interfaces/_aic_task_interfaces_s.ep.rosidl_typesupport_c.c
[17.049s] -- Installing: /home/daniel-mooney/Documents/Projects/Intrinsic/ws_aic/src/aic/install/aic_task_interfaces/lib/python3.12/site-packages/aic_task_interfaces/aic_task_interfaces_s__rosidl_typesupport_introspection_c.so
[17.050s] -- Installing: /home/daniel-mooney/Documents/Projects/Intrinsic/ws_aic/src/aic/install/aic_task_interfaces/lib/python3.12/site-packages/aic_task_interfaces/action
[17.050s] -- Installing: /home/daniel-mooney/Documents/Projects/Intrinsic/ws_aic/src/aic/install/aic_task_interfaces/lib/python3.12/site-packages/aic_task_interfaces/action/_insert_cable_s.c
[17.050s] -- Installing: /home/daniel-mooney/Documents/Projects/Intrinsic/ws_aic/src/aic/install/aic_task_interfaces/lib/python3.12/site-packages/aic_task_interfaces/action/__init__.py
[17.050s] -- Installing: /home/daniel-mooney/Documents/Projects/Intrinsic/ws_aic/src/aic/install/aic_task_interfaces/lib/python3.12/site-packages/aic_task_interfaces/action/_insert_cable.py
[17.050s] -- Installing: /home/daniel-mooney/Documents/Projects/Intrinsic/ws_aic/src/aic/install/aic_task_interfaces/lib/python3.12/site-packages/aic_task_interfaces/aic_task_interfaces_s__rosidl_typesupport_fastrtps_c.so
[17.050s] -- Installing: /home/daniel-mooney/Documents/Projects/Intrinsic/ws_aic/src/aic/install/aic_task_interfaces/lib/python3.12/site-packages/aic_task_interfaces/aic_task_interfaces_s__rosidl_typesupport_c.so
[17.051s] -- Installing: /home/daniel-mooney/Documents/Projects/Intrinsic/ws_aic/src/aic/install/aic_task_interfaces/lib/python3.12/site-packages/aic_task_interfaces/_aic_task_interfaces_s.ep.rosidl_typesupport_introspection_c.c
[17.051s] -- Installing: /home/daniel-mooney/Documents/Projects/Intrinsic/ws_aic/src/aic/install/aic_task_interfaces/lib/python3.12/site-packages/aic_task_interfaces/msg
[17.051s] -- Installing: /home/daniel-mooney/Documents/Projects/Intrinsic/ws_aic/src/aic/install/aic_task_interfaces/lib/python3.12/site-packages/aic_task_interfaces/msg/__init__.py
[17.051s] -- Installing: /home/daniel-mooney/Documents/Projects/Intrinsic/ws_aic/src/aic/install/aic_task_interfaces/lib/python3.12/site-packages/aic_task_interfaces/msg/_task.py
[17.051s] -- Installing: /home/daniel-mooney/Documents/Projects/Intrinsic/ws_aic/src/aic/install/aic_task_interfaces/lib/python3.12/site-packages/aic_task_interfaces/msg/_task_s.c
[17.149s] Listing '/home/daniel-mooney/Documents/Projects/Intrinsic/ws_aic/src/aic/install/aic_task_interfaces/lib/python3.12/site-packages/aic_task_interfaces'...
[17.149s] Compiling '/home/daniel-mooney/Documents/Projects/Intrinsic/ws_aic/src/aic/install/aic_task_interfaces/lib/python3.12/site-packages/aic_task_interfaces/__init__.py'...
[17.150s] Listing '/home/daniel-mooney/Documents/Projects/Intrinsic/ws_aic/src/aic/install/aic_task_interfaces/lib/python3.12/site-packages/aic_task_interfaces/action'...
[17.150s] Compiling '/home/daniel-mooney/Documents/Projects/Intrinsic/ws_aic/src/aic/install/aic_task_interfaces/lib/python3.12/site-packages/aic_task_interfaces/action/__init__.py'...
[17.150s] Compiling '/home/daniel-mooney/Documents/Projects/Intrinsic/ws_aic/src/aic/install/aic_task_interfaces/lib/python3.12/site-packages/aic_task_interfaces/action/_insert_cable.py'...
[17.150s] Listing '/home/daniel-mooney/Documents/Projects/Intrinsic/ws_aic/src/aic/install/aic_task_interfaces/lib/python3.12/site-packages/aic_task_interfaces/msg'...
[17.150s] Compiling '/home/daniel-mooney/Documents/Projects/Intrinsic/ws_aic/src/aic/install/aic_task_interfaces/lib/python3.12/site-packages/aic_task_interfaces/msg/__init__.py'...
[17.150s] Compiling '/home/daniel-mooney/Documents/Projects/Intrinsic/ws_aic/src/aic/install/aic_task_interfaces/lib/python3.12/site-packages/aic_task_interfaces/msg/_task.py'...
[17.164s] -- Installing: /home/daniel-mooney/Documents/Projects/Intrinsic/ws_aic/src/aic/install/aic_task_interfaces/lib/python3.12/site-packages/aic_task_interfaces/aic_task_interfaces_s__rosidl_typesupport_fastrtps_c.so
[17.165s] -- Set non-toolchain portion of runtime path of "/home/daniel-mooney/Documents/Projects/Intrinsic/ws_aic/src/aic/install/aic_task_interfaces/lib/python3.12/site-packages/aic_task_interfaces/aic_task_interfaces_s__rosidl_typesupport_fastrtps_c.so" to ""
[17.166s] -- Installing: /home/daniel-mooney/Documents/Projects/Intrinsic/ws_aic/src/aic/install/aic_task_interfaces/lib/python3.12/site-packages/aic_task_interfaces/aic_task_interfaces_s__rosidl_typesupport_introspection_c.so
[17.166s] -- Set non-toolchain portion of runtime path of "/home/daniel-mooney/Documents/Projects/Intrinsic/ws_aic/src/aic/install/aic_task_interfaces/lib/python3.12/site-packages/aic_task_interfaces/aic_task_interfaces_s__rosidl_typesupport_introspection_c.so" to ""
[17.166s] -- Installing: /home/daniel-mooney/Documents/Projects/Intrinsic/ws_aic/src/aic/install/aic_task_interfaces/lib/python3.12/site-packages/aic_task_interfaces/aic_task_interfaces_s__rosidl_typesupport_c.so
[17.167s] -- Set non-toolchain portion of runtime path of "/home/daniel-mooney/Documents/Projects/Intrinsic/ws_aic/src/aic/install/aic_task_interfaces/lib/python3.12/site-packages/aic_task_interfaces/aic_task_interfaces_s__rosidl_typesupport_c.so" to ""
[17.167s] -- Installing: /home/daniel-mooney/Documents/Projects/Intrinsic/ws_aic/src/aic/install/aic_task_interfaces/lib/libaic_task_interfaces__rosidl_generator_py.so
[17.168s] -- Set non-toolchain portion of runtime path of "/home/daniel-mooney/Documents/Projects/Intrinsic/ws_aic/src/aic/install/aic_task_interfaces/lib/libaic_task_interfaces__rosidl_generator_py.so" to ""
[17.168s] -- Installing: /home/daniel-mooney/Documents/Projects/Intrinsic/ws_aic/src/aic/install/aic_task_interfaces/share/aic_task_interfaces/msg/Task.idl
[17.168s] -- Installing: /home/daniel-mooney/Documents/Projects/Intrinsic/ws_aic/src/aic/install/aic_task_interfaces/share/aic_task_interfaces/action/InsertCable.idl
[17.168s] -- Installing: /home/daniel-mooney/Documents/Projects/Intrinsic/ws_aic/src/aic/install/aic_task_interfaces/share/aic_task_interfaces/msg/Task.msg
[17.169s] -- Installing: /home/daniel-mooney/Documents/Projects/Intrinsic/ws_aic/src/aic/install/aic_task_interfaces/share/aic_task_interfaces/action/InsertCable.action
[17.169s] -- Installing: /home/daniel-mooney/Documents/Projects/Intrinsic/ws_aic/src/aic/install/aic_task_interfaces/share/ament_index/resource_index/package_run_dependencies/aic_task_interfaces
[17.170s] -- Installing: /home/daniel-mooney/Documents/Projects/Intrinsic/ws_aic/src/aic/install/aic_task_interfaces/share/ament_index/resource_index/parent_prefix_path/aic_task_interfaces
[17.171s] -- Installing: /home/daniel-mooney/Documents/Projects/Intrinsic/ws_aic/src/aic/install/aic_task_interfaces/share/aic_task_interfaces/environment/ament_prefix_path.sh
[17.171s] -- Installing: /home/daniel-mooney/Documents/Projects/Intrinsic/ws_aic/src/aic/install/aic_task_interfaces/share/aic_task_interfaces/environment/ament_prefix_path.dsv
[17.171s] -- Installing: /home/daniel-mooney/Documents/Projects/Intrinsic/ws_aic/src/aic/install/aic_task_interfaces/share/aic_task_interfaces/environment/path.sh
[17.172s] -- Installing: /home/daniel-mooney/Documents/Projects/Intrinsic/ws_aic/src/aic/install/aic_task_interfaces/share/aic_task_interfaces/environment/path.dsv
[17.173s] -- Installing: /home/daniel-mooney/Documents/Projects/Intrinsic/ws_aic/src/aic/install/aic_task_interfaces/share/aic_task_interfaces/local_setup.bash
[17.173s] -- Installing: /home/daniel-mooney/Documents/Projects/Intrinsic/ws_aic/src/aic/install/aic_task_interfaces/share/aic_task_interfaces/local_setup.sh
[17.173s] -- Installing: /home/daniel-mooney/Documents/Projects/Intrinsic/ws_aic/src/aic/install/aic_task_interfaces/share/aic_task_interfaces/local_setup.zsh
[17.174s] -- Installing: /home/daniel-mooney/Documents/Projects/Intrinsic/ws_aic/src/aic/install/aic_task_interfaces/share/aic_task_interfaces/local_setup.dsv
[17.174s] -- Installing: /home/daniel-mooney/Documents/Projects/Intrinsic/ws_aic/src/aic/install/aic_task_interfaces/share/aic_task_interfaces/package.dsv
[17.174s] -- Installing: /home/daniel-mooney/Documents/Projects/Intrinsic/ws_aic/src/aic/install/aic_task_interfaces/share/ament_index/resource_index/packages/aic_task_interfaces
[17.175s] -- Installing: /home/daniel-mooney/Documents/Projects/Intrinsic/ws_aic/src/aic/install/aic_task_interfaces/share/aic_task_interfaces/cmake/export_aic_task_interfaces__rosidl_generator_cExport.cmake
[17.175s] -- Installing: /home/daniel-mooney/Documents/Projects/Intrinsic/ws_aic/src/aic/install/aic_task_interfaces/share/aic_task_interfaces/cmake/export_aic_task_interfaces__rosidl_generator_cExport-noconfig.cmake
[17.175s] -- Installing: /home/daniel-mooney/Documents/Projects/Intrinsic/ws_aic/src/aic/install/aic_task_interfaces/share/aic_task_interfaces/cmake/export_aic_task_interfaces__rosidl_typesupport_fastrtps_cExport.cmake
[17.175s] -- Installing: /home/daniel-mooney/Documents/Projects/Intrinsic/ws_aic/src/aic/install/aic_task_interfaces/share/aic_task_interfaces/cmake/export_aic_task_interfaces__rosidl_typesupport_fastrtps_cExport-noconfig.cmake
[17.176s] -- Installing: /home/daniel-mooney/Documents/Projects/Intrinsic/ws_aic/src/aic/install/aic_task_interfaces/share/aic_task_interfaces/cmake/export_aic_task_interfaces__rosidl_generator_cppExport.cmake
[17.176s] -- Installing: /home/daniel-mooney/Documents/Projects/Intrinsic/ws_aic/src/aic/install/aic_task_interfaces/share/aic_task_interfaces/cmake/export_aic_task_interfaces__rosidl_typesupport_fastrtps_cppExport.cmake
[17.176s] -- Installing: /home/daniel-mooney/Documents/Projects/Intrinsic/ws_aic/src/aic/install/aic_task_interfaces/share/aic_task_interfaces/cmake/export_aic_task_interfaces__rosidl_typesupport_fastrtps_cppExport-noconfig.cmake
[17.177s] -- Installing: /home/daniel-mooney/Documents/Projects/Intrinsic/ws_aic/src/aic/install/aic_task_interfaces/share/aic_task_interfaces/cmake/aic_task_interfaces__rosidl_typesupport_introspection_cExport.cmake
[17.177s] -- Installing: /home/daniel-mooney/Documents/Projects/Intrinsic/ws_aic/src/aic/install/aic_task_interfaces/share/aic_task_interfaces/cmake/aic_task_interfaces__rosidl_typesupport_introspection_cExport-noconfig.cmake
[17.177s] -- Installing: /home/daniel-mooney/Documents/Projects/Intrinsic/ws_aic/src/aic/install/aic_task_interfaces/share/aic_task_interfaces/cmake/aic_task_interfaces__rosidl_typesupport_cExport.cmake
[17.178s] -- Installing: /home/daniel-mooney/Documents/Projects/Intrinsic/ws_aic/src/aic/install/aic_task_interfaces/share/aic_task_interfaces/cmake/aic_task_interfaces__rosidl_typesupport_cExport-noconfig.cmake
[17.178s] -- Installing: /home/daniel-mooney/Documents/Projects/Intrinsic/ws_aic/src/aic/install/aic_task_interfaces/share/aic_task_interfaces/cmake/aic_task_interfaces__rosidl_typesupport_introspection_cppExport.cmake
[17.178s] -- Installing: /home/daniel-mooney/Documents/Projects/Intrinsic/ws_aic/src/aic/install/aic_task_interfaces/share/aic_task_interfaces/cmake/aic_task_interfaces__rosidl_typesupport_introspection_cppExport-noconfig.cmake
[17.178s] -- Installing: /home/daniel-mooney/Documents/Projects/Intrinsic/ws_aic/src/aic/install/aic_task_interfaces/share/aic_task_interfaces/cmake/aic_task_interfaces__rosidl_typesupport_cppExport.cmake
[17.179s] -- Installing: /home/daniel-mooney/Documents/Projects/Intrinsic/ws_aic/src/aic/install/aic_task_interfaces/share/aic_task_interfaces/cmake/aic_task_interfaces__rosidl_typesupport_cppExport-noconfig.cmake
[17.180s] -- Installing: /home/daniel-mooney/Documents/Projects/Intrinsic/ws_aic/src/aic/install/aic_task_interfaces/share/aic_task_interfaces/cmake/export_aic_task_interfaces__rosidl_generator_pyExport.cmake
[17.180s] -- Installing: /home/daniel-mooney/Documents/Projects/Intrinsic/ws_aic/src/aic/install/aic_task_interfaces/share/aic_task_interfaces/cmake/export_aic_task_interfaces__rosidl_generator_pyExport-noconfig.cmake
[17.181s] -- Installing: /home/daniel-mooney/Documents/Projects/Intrinsic/ws_aic/src/aic/install/aic_task_interfaces/share/aic_task_interfaces/cmake/rosidl_cmake-extras.cmake
[17.181s] -- Installing: /home/daniel-mooney/Documents/Projects/Intrinsic/ws_aic/src/aic/install/aic_task_interfaces/share/aic_task_interfaces/cmake/ament_cmake_export_dependencies-extras.cmake
[17.182s] -- Installing: /home/daniel-mooney/Documents/Projects/Intrinsic/ws_aic/src/aic/install/aic_task_interfaces/share/aic_task_interfaces/cmake/ament_cmake_export_include_directories-extras.cmake
[17.183s] -- Installing: /home/daniel-mooney/Documents/Projects/Intrinsic/ws_aic/src/aic/install/aic_task_interfaces/share/aic_task_interfaces/cmake/ament_cmake_export_libraries-extras.cmake
[17.185s] -- Installing: /home/daniel-mooney/Documents/Projects/Intrinsic/ws_aic/src/aic/install/aic_task_interfaces/share/aic_task_interfaces/cmake/ament_cmake_export_targets-extras.cmake
[17.185s] -- Installing: /home/daniel-mooney/Documents/Projects/Intrinsic/ws_aic/src/aic/install/aic_task_interfaces/share/aic_task_interfaces/cmake/rosidl_cmake_export_typesupport_targets-extras.cmake
[17.186s] -- Installing: /home/daniel-mooney/Documents/Projects/Intrinsic/ws_aic/src/aic/install/aic_task_interfaces/share/aic_task_interfaces/cmake/rosidl_cmake_export_typesupport_libraries-extras.cmake
[17.186s] -- Installing: /home/daniel-mooney/Documents/Projects/Intrinsic/ws_aic/src/aic/install/aic_task_interfaces/share/aic_task_interfaces/cmake/aic_task_interfacesConfig.cmake
[17.186s] -- Installing: /home/daniel-mooney/Documents/Projects/Intrinsic/ws_aic/src/aic/install/aic_task_interfaces/share/aic_task_interfaces/cmake/aic_task_interfacesConfig-version.cmake
[17.186s] -- Installing: /home/daniel-mooney/Documents/Projects/Intrinsic/ws_aic/src/aic/install/aic_task_interfaces/share/aic_task_interfaces/package.xml
[17.187s] Invoked command in '/home/daniel-mooney/Documents/Projects/Intrinsic/ws_aic/src/aic/build/aic_task_interfaces' returned '0': CMAKE_PREFIX_PATH=${CMAKE_PREFIX_PATH}:/home/daniel-mooney/Documents/Projects/Intrinsic/ws_aic/src/aic/.pixi/envs/default PIXI_PROMPT=(aic) PS1=\[[1;36m\].../aic\[[0m\] on \[[1;35m\] dev\[[0m\] \[[1;31m\][!?⇡]\[[0m\] via \[[1;33m\]🧚 v0.65.0 (default) \[[2;31m\]⬢ [Docker]\[[0m\] \[[1;32m\]❯\[[0m\] XAUTHLOCALHOSTNAME= /home/daniel-mooney/Documents/Projects/Intrinsic/ws_aic/src/aic/.pixi/envs/default/bin/cmake --install /home/daniel-mooney/Documents/Projects/Intrinsic/ws_aic/src/aic/build/aic_task_interfaces
