1774409154.908811 client started (8813): version 3.4, socket /tmp/tmux-1000/default, protocol 8
1774409154.908928 on Linux 6.14.0-37-generic #37~24.04.1-Ubuntu SMP PREEMPT_DYNAMIC Thu Nov 20 10:25:38 UTC 2
1774409154.908942 using libevent 2.1.12-stable poll
1774409154.908951 using ncurses 6.4 20240113
1774409154.909002 flags are 0x10010000
1774409154.909037 socket is /tmp/tmux-1000/default
1774409154.909073 trying connect
1774409154.909305 add peer 0x56e45b2d53d0: 6 ((nil))
1774409154.910269 sending message 100 to peer 0x56e45b2d53d0 (4 bytes)
1774409154.910296 sending message 111 to peer 0x56e45b2d53d0 (8 bytes)
1774409154.910306 sending message 101 to peer 0x56e45b2d53d0 (14 bytes)
1774409154.910314 sending message 109 to peer 0x56e45b2d53d0 (4 bytes)
1774409154.910322 sending message 102 to peer 0x56e45b2d53d0 (11 bytes)
1774409154.910330 sending message 108 to peer 0x56e45b2d53d0 (64 bytes)
1774409154.910338 sending message 112 to peer 0x56e45b2d53d0 (70 bytes)
1774409154.910345 sending message 112 to peer 0x56e45b2d53d0 (5 bytes)
1774409154.910353 sending message 112 to peer 0x56e45b2d53d0 (5 bytes)
1774409154.910360 sending message 112 to peer 0x56e45b2d53d0 (6 bytes)
1774409154.910367 sending message 112 to peer 0x56e45b2d53d0 (6 bytes)
1774409154.910375 sending message 112 to peer 0x56e45b2d53d0 (11 bytes)
1774409154.910382 sending message 112 to peer 0x56e45b2d53d0 (10 bytes)
1774409154.910390 sending message 112 to peer 0x56e45b2d53d0 (13 bytes)
1774409154.910397 sending message 112 to peer 0x56e45b2d53d0 (13 bytes)
1774409154.910405 sending message 112 to peer 0x56e45b2d53d0 (18 bytes)
1774409154.910412 sending message 112 to peer 0x56e45b2d53d0 (11 bytes)
1774409154.910419 sending message 112 to peer 0x56e45b2d53d0 (10 bytes)
1774409154.910426 sending message 112 to peer 0x56e45b2d53d0 (15 bytes)
1774409154.910434 sending message 112 to peer 0x56e45b2d53d0 (21 bytes)
1774409154.910633 sending message 112 to peer 0x56e45b2d53d0 (13 bytes)
1774409154.910667 sending message 112 to peer 0x56e45b2d53d0 (7 bytes)
1774409154.910675 sending message 112 to peer 0x56e45b2d53d0 (13 bytes)
1774409154.910681 sending message 112 to peer 0x56e45b2d53d0 (7 bytes)
1774409154.910688 sending message 112 to peer 0x56e45b2d53d0 (13 bytes)
1774409154.910694 sending message 112 to peer 0x56e45b2d53d0 (9 bytes)
1774409154.910700 sending message 112 to peer 0x56e45b2d53d0 (21 bytes)
1774409154.910705 sending message 112 to peer 0x56e45b2d53d0 (13 bytes)
1774409154.910711 sending message 112 to peer 0x56e45b2d53d0 (8 bytes)
1774409154.910716 sending message 112 to peer 0x56e45b2d53d0 (12 bytes)
1774409154.910722 sending message 112 to peer 0x56e45b2d53d0 (13 bytes)
1774409154.910727 sending message 112 to peer 0x56e45b2d53d0 (9 bytes)
1774409154.910733 sending message 112 to peer 0x56e45b2d53d0 (9 bytes)
1774409154.910738 sending message 112 to peer 0x56e45b2d53d0 (12 bytes)
1774409154.910743 sending message 112 to peer 0x56e45b2d53d0 (8 bytes)
1774409154.910748 sending message 112 to peer 0x56e45b2d53d0 (8 bytes)
1774409154.910753 sending message 112 to peer 0x56e45b2d53d0 (7 bytes)
1774409154.910758 sending message 112 to peer 0x56e45b2d53d0 (7 bytes)
1774409154.910764 sending message 112 to peer 0x56e45b2d53d0 (9 bytes)
1774409154.910769 sending message 112 to peer 0x56e45b2d53d0 (13 bytes)
1774409154.910807 sending message 112 to peer 0x56e45b2d53d0 (6 bytes)
1774409154.910812 sending message 112 to peer 0x56e45b2d53d0 (9 bytes)
1774409154.910818 sending message 112 to peer 0x56e45b2d53d0 (15 bytes)
1774409154.910823 sending message 112 to peer 0x56e45b2d53d0 (13 bytes)
1774409154.910828 sending message 112 to peer 0x56e45b2d53d0 (12 bytes)
1774409154.910833 sending message 112 to peer 0x56e45b2d53d0 (8 bytes)
1774409154.910839 sending message 112 to peer 0x56e45b2d53d0 (14 bytes)
1774409154.910847 sending message 112 to peer 0x56e45b2d53d0 (11 bytes)
1774409154.910875 sending message 112 to peer 0x56e45b2d53d0 (9 bytes)
1774409154.910880 sending message 112 to peer 0x56e45b2d53d0 (10 bytes)
1774409154.910884 sending message 112 to peer 0x56e45b2d53d0 (10 bytes)
1774409154.910917 sending message 112 to peer 0x56e45b2d53d0 (10 bytes)
1774409154.910922 sending message 112 to peer 0x56e45b2d53d0 (10 bytes)
1774409154.910928 sending message 112 to peer 0x56e45b2d53d0 (11 bytes)
1774409154.910933 sending message 112 to peer 0x56e45b2d53d0 (12 bytes)
1774409154.910938 sending message 112 to peer 0x56e45b2d53d0 (12 bytes)
1774409154.910943 sending message 112 to peer 0x56e45b2d53d0 (12 bytes)
1774409154.910947 sending message 112 to peer 0x56e45b2d53d0 (12 bytes)
1774409154.910952 sending message 112 to peer 0x56e45b2d53d0 (12 bytes)
1774409154.910956 sending message 112 to peer 0x56e45b2d53d0 (11 bytes)
1774409154.910960 sending message 112 to peer 0x56e45b2d53d0 (11 bytes)
1774409154.910965 sending message 112 to peer 0x56e45b2d53d0 (12 bytes)
1774409154.910969 sending message 112 to peer 0x56e45b2d53d0 (12 bytes)
1774409154.910973 sending message 112 to peer 0x56e45b2d53d0 (12 bytes)
1774409154.910977 sending message 112 to peer 0x56e45b2d53d0 (12 bytes)
1774409154.910982 sending message 112 to peer 0x56e45b2d53d0 (12 bytes)
1774409154.910986 sending message 112 to peer 0x56e45b2d53d0 (10 bytes)
1774409154.910991 sending message 112 to peer 0x56e45b2d53d0 (12 bytes)
1774409154.910995 sending message 112 to peer 0x56e45b2d53d0 (13 bytes)
1774409154.911000 sending message 112 to peer 0x56e45b2d53d0 (13 bytes)
1774409154.911004 sending message 112 to peer 0x56e45b2d53d0 (13 bytes)
1774409154.911009 sending message 112 to peer 0x56e45b2d53d0 (13 bytes)
1774409154.911013 sending message 112 to peer 0x56e45b2d53d0 (13 bytes)
1774409154.911018 sending message 112 to peer 0x56e45b2d53d0 (8 bytes)
1774409154.911022 sending message 112 to peer 0x56e45b2d53d0 (11 bytes)
1774409154.911027 sending message 112 to peer 0x56e45b2d53d0 (11 bytes)
1774409154.911031 sending message 112 to peer 0x56e45b2d53d0 (11 bytes)
1774409154.911036 sending message 112 to peer 0x56e45b2d53d0 (12 bytes)
1774409154.911040 sending message 112 to peer 0x56e45b2d53d0 (12 bytes)
1774409154.911044 sending message 112 to peer 0x56e45b2d53d0 (12 bytes)
1774409154.911049 sending message 112 to peer 0x56e45b2d53d0 (12 bytes)
1774409154.911053 sending message 112 to peer 0x56e45b2d53d0 (13 bytes)
1774409154.911057 sending message 112 to peer 0x56e45b2d53d0 (13 bytes)
1774409154.911062 sending message 112 to peer 0x56e45b2d53d0 (13 bytes)
1774409154.911066 sending message 112 to peer 0x56e45b2d53d0 (8 bytes)
1774409154.911071 sending message 112 to peer 0x56e45b2d53d0 (13 bytes)
1774409154.911075 sending message 112 to peer 0x56e45b2d53d0 (13 bytes)
1774409154.911080 sending message 112 to peer 0x56e45b2d53d0 (13 bytes)
1774409154.911084 sending message 112 to peer 0x56e45b2d53d0 (13 bytes)
1774409154.911089 sending message 112 to peer 0x56e45b2d53d0 (13 bytes)
1774409154.911093 sending message 112 to peer 0x56e45b2d53d0 (12 bytes)
1774409154.911097 sending message 112 to peer 0x56e45b2d53d0 (12 bytes)
1774409154.911102 sending message 112 to peer 0x56e45b2d53d0 (12 bytes)
1774409154.911106 sending message 112 to peer 0x56e45b2d53d0 (12 bytes)
1774409154.911111 sending message 112 to peer 0x56e45b2d53d0 (13 bytes)
1774409154.911116 sending message 112 to peer 0x56e45b2d53d0 (8 bytes)
1774409154.911121 sending message 112 to peer 0x56e45b2d53d0 (13 bytes)
1774409154.911126 sending message 112 to peer 0x56e45b2d53d0 (13 bytes)
1774409154.911131 sending message 112 to peer 0x56e45b2d53d0 (13 bytes)
1774409154.911136 sending message 112 to peer 0x56e45b2d53d0 (13 bytes)
1774409154.911141 sending message 112 to peer 0x56e45b2d53d0 (13 bytes)
1774409154.911146 sending message 112 to peer 0x56e45b2d53d0 (13 bytes)
1774409154.911151 sending message 112 to peer 0x56e45b2d53d0 (13 bytes)
1774409154.911156 sending message 112 to peer 0x56e45b2d53d0 (12 bytes)
1774409154.911162 sending message 112 to peer 0x56e45b2d53d0 (12 bytes)
1774409154.911167 sending message 112 to peer 0x56e45b2d53d0 (12 bytes)
1774409154.911172 sending message 112 to peer 0x56e45b2d53d0 (8 bytes)
1774409154.911177 sending message 112 to peer 0x56e45b2d53d0 (12 bytes)
1774409154.911187 sending message 112 to peer 0x56e45b2d53d0 (13 bytes)
1774409154.911191 sending message 112 to peer 0x56e45b2d53d0 (13 bytes)
1774409154.911196 sending message 112 to peer 0x56e45b2d53d0 (13 bytes)
1774409154.911200 sending message 112 to peer 0x56e45b2d53d0 (13 bytes)
1774409154.911205 sending message 112 to peer 0x56e45b2d53d0 (13 bytes)
1774409154.911209 sending message 112 to peer 0x56e45b2d53d0 (13 bytes)
1774409154.911213 sending message 112 to peer 0x56e45b2d53d0 (13 bytes)
1774409154.911218 sending message 112 to peer 0x56e45b2d53d0 (13 bytes)
1774409154.911222 sending message 112 to peer 0x56e45b2d53d0 (12 bytes)
1774409154.911227 sending message 112 to peer 0x56e45b2d53d0 (10 bytes)
1774409154.911231 sending message 112 to peer 0x56e45b2d53d0 (12 bytes)
1774409154.911236 sending message 112 to peer 0x56e45b2d53d0 (12 bytes)
1774409154.911240 sending message 112 to peer 0x56e45b2d53d0 (12 bytes)
1774409154.911245 sending message 112 to peer 0x56e45b2d53d0 (13 bytes)
1774409154.911249 sending message 112 to peer 0x56e45b2d53d0 (13 bytes)
1774409154.911254 sending message 112 to peer 0x56e45b2d53d0 (13 bytes)
1774409154.911258 sending message 112 to peer 0x56e45b2d53d0 (13 bytes)
1774409154.911263 sending message 112 to peer 0x56e45b2d53d0 (13 bytes)
1774409154.911267 sending message 112 to peer 0x56e45b2d53d0 (13 bytes)
1774409154.911272 sending message 112 to peer 0x56e45b2d53d0 (13 bytes)
1774409154.911276 sending message 112 to peer 0x56e45b2d53d0 (10 bytes)
1774409154.911281 sending message 112 to peer 0x56e45b2d53d0 (13 bytes)
1774409154.911285 sending message 112 to peer 0x56e45b2d53d0 (12 bytes)
1774409154.911289 sending message 112 to peer 0x56e45b2d53d0 (12 bytes)
1774409154.911294 sending message 112 to peer 0x56e45b2d53d0 (12 bytes)
1774409154.911298 sending message 112 to peer 0x56e45b2d53d0 (10 bytes)
1774409154.911302 sending message 112 to peer 0x56e45b2d53d0 (10 bytes)
1774409154.911307 sending message 112 to peer 0x56e45b2d53d0 (10 bytes)
1774409154.911311 sending message 112 to peer 0x56e45b2d53d0 (12 bytes)
1774409154.911315 sending message 112 to peer 0x56e45b2d53d0 (13 bytes)
1774409154.911320 sending message 112 to peer 0x56e45b2d53d0 (13 bytes)
1774409154.911324 sending message 112 to peer 0x56e45b2d53d0 (13 bytes)
1774409154.911329 sending message 112 to peer 0x56e45b2d53d0 (13 bytes)
1774409154.911333 sending message 112 to peer 0x56e45b2d53d0 (13 bytes)
1774409154.911337 sending message 112 to peer 0x56e45b2d53d0 (11 bytes)
1774409154.911342 sending message 112 to peer 0x56e45b2d53d0 (11 bytes)
1774409154.911346 sending message 112 to peer 0x56e45b2d53d0 (12 bytes)
1774409154.911350 sending message 112 to peer 0x56e45b2d53d0 (12 bytes)
1774409154.911355 sending message 112 to peer 0x56e45b2d53d0 (12 bytes)
1774409154.911359 sending message 112 to peer 0x56e45b2d53d0 (12 bytes)
1774409154.911363 sending message 112 to peer 0x56e45b2d53d0 (12 bytes)
1774409154.911367 sending message 112 to peer 0x56e45b2d53d0 (11 bytes)
1774409154.911372 sending message 112 to peer 0x56e45b2d53d0 (12 bytes)
1774409154.911376 sending message 112 to peer 0x56e45b2d53d0 (12 bytes)
1774409154.911380 sending message 112 to peer 0x56e45b2d53d0 (13 bytes)
1774409154.911385 sending message 112 to peer 0x56e45b2d53d0 (13 bytes)
1774409154.911389 sending message 112 to peer 0x56e45b2d53d0 (13 bytes)
1774409154.911393 sending message 112 to peer 0x56e45b2d53d0 (13 bytes)
1774409154.911398 sending message 112 to peer 0x56e45b2d53d0 (13 bytes)
1774409154.911402 sending message 112 to peer 0x56e45b2d53d0 (10 bytes)
1774409154.911407 sending message 112 to peer 0x56e45b2d53d0 (9 bytes)
1774409154.911412 sending message 112 to peer 0x56e45b2d53d0 (12 bytes)
1774409154.911416 sending message 112 to peer 0x56e45b2d53d0 (13 bytes)
1774409154.911421 sending message 112 to peer 0x56e45b2d53d0 (13 bytes)
1774409154.911425 sending message 112 to peer 0x56e45b2d53d0 (13 bytes)
1774409154.911429 sending message 112 to peer 0x56e45b2d53d0 (13 bytes)
1774409154.911434 sending message 112 to peer 0x56e45b2d53d0 (13 bytes)
1774409154.911443 sending message 112 to peer 0x56e45b2d53d0 (9 bytes)
1774409154.911447 sending message 112 to peer 0x56e45b2d53d0 (12 bytes)
1774409154.911452 sending message 112 to peer 0x56e45b2d53d0 (13 bytes)
1774409154.911456 sending message 112 to peer 0x56e45b2d53d0 (13 bytes)
1774409154.911461 sending message 112 to peer 0x56e45b2d53d0 (13 bytes)
1774409154.911465 sending message 112 to peer 0x56e45b2d53d0 (13 bytes)
1774409154.911470 sending message 112 to peer 0x56e45b2d53d0 (13 bytes)
1774409154.911474 sending message 112 to peer 0x56e45b2d53d0 (11 bytes)
1774409154.911478 sending message 112 to peer 0x56e45b2d53d0 (12 bytes)
1774409154.911483 sending message 112 to peer 0x56e45b2d53d0 (13 bytes)
1774409154.911487 sending message 112 to peer 0x56e45b2d53d0 (13 bytes)
1774409154.911491 sending message 112 to peer 0x56e45b2d53d0 (13 bytes)
1774409154.911496 sending message 112 to peer 0x56e45b2d53d0 (13 bytes)
1774409154.911500 sending message 112 to peer 0x56e45b2d53d0 (13 bytes)
1774409154.911505 sending message 112 to peer 0x56e45b2d53d0 (11 bytes)
1774409154.911509 sending message 112 to peer 0x56e45b2d53d0 (12 bytes)
1774409154.911514 sending message 112 to peer 0x56e45b2d53d0 (12 bytes)
1774409154.911518 sending message 112 to peer 0x56e45b2d53d0 (12 bytes)
1774409154.911524 sending message 112 to peer 0x56e45b2d53d0 (12 bytes)
1774409154.911529 sending message 112 to peer 0x56e45b2d53d0 (12 bytes)
1774409154.911534 sending message 112 to peer 0x56e45b2d53d0 (21 bytes)
1774409154.911538 sending message 112 to peer 0x56e45b2d53d0 (12 bytes)
1774409154.911543 sending message 112 to peer 0x56e45b2d53d0 (9 bytes)
1774409154.911548 sending message 112 to peer 0x56e45b2d53d0 (6 bytes)
1774409154.911552 sending message 112 to peer 0x56e45b2d53d0 (13 bytes)
1774409154.911557 sending message 112 to peer 0x56e45b2d53d0 (8 bytes)
1774409154.911563 sending message 112 to peer 0x56e45b2d53d0 (15 bytes)
1774409154.911568 sending message 112 to peer 0x56e45b2d53d0 (13 bytes)
1774409154.911573 sending message 112 to peer 0x56e45b2d53d0 (9 bytes)
1774409154.911579 sending message 112 to peer 0x56e45b2d53d0 (70 bytes)
1774409154.911584 sending message 112 to peer 0x56e45b2d53d0 (69 bytes)
1774409154.911589 sending message 112 to peer 0x56e45b2d53d0 (10 bytes)
1774409154.911593 sending message 112 to peer 0x56e45b2d53d0 (10 bytes)
1774409154.911598 sending message 112 to peer 0x56e45b2d53d0 (8 bytes)
1774409154.911603 sending message 112 to peer 0x56e45b2d53d0 (15 bytes)
1774409154.911607 sending message 112 to peer 0x56e45b2d53d0 (13 bytes)
1774409154.911612 sending message 112 to peer 0x56e45b2d53d0 (10 bytes)
1774409154.911617 sending message 112 to peer 0x56e45b2d53d0 (10 bytes)
1774409154.911621 sending message 112 to peer 0x56e45b2d53d0 (17 bytes)
1774409154.911626 sending message 112 to peer 0x56e45b2d53d0 (10 bytes)
1774409154.911630 sending message 112 to peer 0x56e45b2d53d0 (13 bytes)
1774409154.911635 sending message 112 to peer 0x56e45b2d53d0 (9 bytes)
1774409154.911639 sending message 112 to peer 0x56e45b2d53d0 (5 bytes)
1774409154.911644 sending message 112 to peer 0x56e45b2d53d0 (15 bytes)
1774409154.911651 sending message 104 to peer 0x56e45b2d53d0 (0 bytes)
1774409154.911656 sending message 110 to peer 0x56e45b2d53d0 (0 bytes)
1774409154.911662 sending message 107 to peer 0x56e45b2d53d0 (4 bytes)
1774409154.911667 sending message 105 to peer 0x56e45b2d53d0 (16 bytes)
1774409154.911672 sending message 105 to peer 0x56e45b2d53d0 (90 bytes)
1774409154.911678 sending message 105 to peer 0x56e45b2d53d0 (18 bytes)
1774409154.911683 sending message 105 to peer 0x56e45b2d53d0 (19 bytes)
1774409154.911688 sending message 105 to peer 0x56e45b2d53d0 (20 bytes)
1774409154.911692 sending message 105 to peer 0x56e45b2d53d0 (45 bytes)
1774409154.911697 sending message 105 to peer 0x56e45b2d53d0 (23 bytes)
1774409154.911702 sending message 105 to peer 0x56e45b2d53d0 (25 bytes)
1774409154.911707 sending message 105 to peer 0x56e45b2d53d0 (44 bytes)
1774409154.911713 sending message 105 to peer 0x56e45b2d53d0 (35 bytes)
1774409154.911722 sending message 105 to peer 0x56e45b2d53d0 (45 bytes)
1774409154.911727 sending message 105 to peer 0x56e45b2d53d0 (32 bytes)
1774409154.911732 sending message 105 to peer 0x56e45b2d53d0 (41 bytes)
1774409154.911737 sending message 105 to peer 0x56e45b2d53d0 (47 bytes)
1774409154.911742 sending message 105 to peer 0x56e45b2d53d0 (44 bytes)
1774409154.911747 sending message 105 to peer 0x56e45b2d53d0 (51 bytes)
1774409154.911751 sending message 105 to peer 0x56e45b2d53d0 (20 bytes)
1774409154.911756 sending message 105 to peer 0x56e45b2d53d0 (23 bytes)
1774409154.911761 sending message 105 to peer 0x56e45b2d53d0 (12 bytes)
1774409154.911766 sending message 105 to peer 0x56e45b2d53d0 (28 bytes)
1774409154.911783 sending message 105 to peer 0x56e45b2d53d0 (68 bytes)
1774409154.911787 sending message 105 to peer 0x56e45b2d53d0 (27 bytes)
1774409154.911792 sending message 105 to peer 0x56e45b2d53d0 (22 bytes)
1774409154.911796 sending message 105 to peer 0x56e45b2d53d0 (21 bytes)
1774409154.911800 sending message 105 to peer 0x56e45b2d53d0 (52 bytes)
1774409154.911804 sending message 105 to peer 0x56e45b2d53d0 (22 bytes)
1774409154.911808 sending message 105 to peer 0x56e45b2d53d0 (41 bytes)
1774409154.911812 sending message 105 to peer 0x56e45b2d53d0 (13 bytes)
1774409154.911816 sending message 105 to peer 0x56e45b2d53d0 (25 bytes)
1774409154.911821 sending message 105 to peer 0x56e45b2d53d0 (23 bytes)
1774409154.911826 sending message 105 to peer 0x56e45b2d53d0 (18 bytes)
1774409154.911830 sending message 105 to peer 0x56e45b2d53d0 (17 bytes)
1774409154.911835 sending message 105 to peer 0x56e45b2d53d0 (1817 bytes)
1774409154.911870 sending message 105 to peer 0x56e45b2d53d0 (33 bytes)
1774409154.912085 sending message 105 to peer 0x56e45b2d53d0 (155 bytes)
1774409154.912100 sending message 105 to peer 0x56e45b2d53d0 (20 bytes)
1774409154.912105 sending message 105 to peer 0x56e45b2d53d0 (67 bytes)
1774409154.912110 sending message 105 to peer 0x56e45b2d53d0 (47 bytes)
1774409154.912115 sending message 105 to peer 0x56e45b2d53d0 (16 bytes)
1774409154.912119 sending message 105 to peer 0x56e45b2d53d0 (38 bytes)
1774409154.912124 sending message 105 to peer 0x56e45b2d53d0 (42 bytes)
1774409154.912128 sending message 105 to peer 0x56e45b2d53d0 (55 bytes)
1774409154.912133 sending message 105 to peer 0x56e45b2d53d0 (34 bytes)
1774409154.912137 sending message 105 to peer 0x56e45b2d53d0 (23 bytes)
1774409154.912141 sending message 105 to peer 0x56e45b2d53d0 (19 bytes)
1774409154.912145 sending message 105 to peer 0x56e45b2d53d0 (32 bytes)
1774409154.912150 sending message 105 to peer 0x56e45b2d53d0 (19 bytes)
1774409154.912154 sending message 105 to peer 0x56e45b2d53d0 (13 bytes)
1774409154.912158 sending message 105 to peer 0x56e45b2d53d0 (12 bytes)
1774409154.912162 sending message 105 to peer 0x56e45b2d53d0 (11 bytes)
1774409154.912166 sending message 105 to peer 0x56e45b2d53d0 (8 bytes)
1774409154.912171 sending message 105 to peer 0x56e45b2d53d0 (35 bytes)
1774409154.912176 sending message 105 to peer 0x56e45b2d53d0 (18 bytes)
1774409154.912180 sending message 105 to peer 0x56e45b2d53d0 (48 bytes)
1774409154.912184 sending message 105 to peer 0x56e45b2d53d0 (31 bytes)
1774409154.912188 sending message 105 to peer 0x56e45b2d53d0 (47 bytes)
1774409154.912193 sending message 105 to peer 0x56e45b2d53d0 (23 bytes)
1774409154.912197 sending message 105 to peer 0x56e45b2d53d0 (188 bytes)
1774409154.912204 sending message 105 to peer 0x56e45b2d53d0 (273 bytes)
1774409154.912210 sending message 105 to peer 0x56e45b2d53d0 (38 bytes)
1774409154.912215 sending message 105 to peer 0x56e45b2d53d0 (18 bytes)
1774409154.912220 sending message 105 to peer 0x56e45b2d53d0 (54 bytes)
1774409154.912225 sending message 105 to peer 0x56e45b2d53d0 (29 bytes)
1774409154.912229 sending message 105 to peer 0x56e45b2d53d0 (35 bytes)
1774409154.912233 sending message 105 to peer 0x56e45b2d53d0 (18 bytes)
1774409154.912237 sending message 105 to peer 0x56e45b2d53d0 (56 bytes)
1774409154.912241 sending message 105 to peer 0x56e45b2d53d0 (16 bytes)
1774409154.912263 sending message 106 to peer 0x56e45b2d53d0 (0 bytes)
1774409154.912371 sending message 200 to peer 0x56e45b2d53d0 (4 bytes)
1774409154.912377 client loop enter
1774409154.913445 peer 0x56e45b2d53d0 message 303
1774409154.913467 open write file 2 -
1774409154.913483 sending message 305 to peer 0x56e45b2d53d0 (8 bytes)
1774409154.913502 write check file 2
1774409154.913643 peer 0x56e45b2d53d0 message 304
1774409154.913647 write 58 to file 2
1774409154.913653 peer 0x56e45b2d53d0 message 203
1774409154.913657 file 2 58 bytes left
1774409154.913677 write check file 2
1774409154.913681 client loop exit
