[0.030s] Invoking command in '/home/daniel-mooney/Documents/Projects/Intrinsic/ws_aic/src/aic/build/aic_gazebo': AMENT_PREFIX_PATH=/home/daniel-mooney/Documents/Projects/Intrinsic/ws_aic/src/aic/install/aic_engine_interfaces:${AMENT_PREFIX_PATH} CMAKE_PREFIX_PATH=/home/daniel-mooney/Documents/Projects/Intrinsic/ws_aic/src/aic/install/aic_engine_interfaces:/opt/ros/kilted/opt/sdformat_vendor:/opt/ros/kilted/opt/gz_math_vendor:/opt/ros/kilted/opt/gz_utils_vendor:/opt/ros/kilted/opt/gz_tools_vendor:/opt/ros/kilted/opt/gz_ogre_next_vendor:/opt/ros/kilted/opt/gz_dartsim_vendor:/opt/ros/kilted/opt/gz_cmake_vendor:/home/daniel-mooney/Documents/Projects/Intrinsic/ws_aic/src/aic/.pixi/envs/default LD_LIBRARY_PATH=/home/daniel-mooney/Documents/Projects/Intrinsic/ws_aic/src/aic/install/aic_engine_interfaces/lib:${LD_LIBRARY_PATH} PIXI_PROMPT=(aic) PS1=\[[1;36m\].../aic\[[0m\] on \[[1;35m\] dev\[[0m\] \[[1;31m\][!?⇡]\[[0m\] via \[[1;33m\]🧚 v0.65.0 (default) \[[2;31m\]⬢ [Docker]\[[0m\] \[[1;32m\]❯\[[0m\] PYTHONPATH=/home/daniel-mooney/Documents/Projects/Intrinsic/ws_aic/src/aic/install/aic_engine_interfaces/lib/python3.12/site-packages:${PYTHONPATH} XAUTHLOCALHOSTNAME= /home/daniel-mooney/Documents/Projects/Intrinsic/ws_aic/src/aic/.pixi/envs/default/bin/cmake /home/daniel-mooney/Documents/Projects/Intrinsic/ws_aic/src/aic/aic_gazebo -DCMAKE_INSTALL_PREFIX=/home/daniel-mooney/Documents/Projects/Intrinsic/ws_aic/src/aic/install/aic_gazebo
[0.445s] [0mCMake Deprecation Warning at CMakeLists.txt:1 (cmake_minimum_required):
[0.446s]   Compatibility with CMake < 3.10 will be removed from a future version of
[0.446s]   CMake.
[0.446s] 
[0.446s]   Update the VERSION argument <min> value.  Or, use the <min>...<max> syntax
[0.446s]   to tell CMake that the project requires at least <min> but has been updated
[0.447s]   to work with policies introduced by <max> or earlier.
[0.447s] 
[0.447s] [0m
[0.581s] -- The C compiler identification is GNU 13.3.0
[0.814s] -- The CXX compiler identification is GNU 13.3.0
[0.840s] -- Detecting C compiler ABI info
[1.010s] -- Detecting C compiler ABI info - done
[1.052s] -- Check for working C compiler: /usr/bin/cc - skipped
[1.053s] -- Detecting C compile features
[1.054s] -- Detecting C compile features - done
[1.089s] -- Detecting CXX compiler ABI info
[1.257s] -- Detecting CXX compiler ABI info - done
[1.300s] -- Check for working CXX compiler: /usr/bin/c++ - skipped
[1.301s] -- Detecting CXX compile features
[1.303s] -- Detecting CXX compile features - done
[1.337s] -- Found ament_cmake: 2.7.4 (/home/daniel-mooney/Documents/Projects/Intrinsic/ws_aic/src/aic/.pixi/envs/default/share/ament_cmake/cmake)
[1.642s] -- Found Python3: /home/daniel-mooney/Documents/Projects/Intrinsic/ws_aic/src/aic/.pixi/envs/default/bin/python3 (found version "3.12.12") found components: Interpreter
[1.968s] -- Found gz_cmake_vendor: 0.3.3 (/opt/ros/kilted/share/gz_cmake_vendor/cmake)
[2.039s] [31mCMake Error at CMakeLists.txt:14 (find_package):
[2.040s]   By not providing "Findgz_plugin_vendor.cmake" in CMAKE_MODULE_PATH this
[2.040s]   project has asked CMake to find a package configuration file provided by
[2.040s]   "gz_plugin_vendor", but CMake did not find one.
[2.040s] 
[2.041s]   Could not find a package configuration file provided by "gz_plugin_vendor"
[2.041s]   with any of the following names:
[2.041s] 
[2.041s]     gz_plugin_vendorConfig.cmake
[2.042s]     gz_plugin_vendor-config.cmake
[2.042s] 
[2.042s]   Add the installation prefix of "gz_plugin_vendor" to CMAKE_PREFIX_PATH or
[2.042s]   set "gz_plugin_vendor_DIR" to a directory containing one of the above
[2.042s]   files.  If "gz_plugin_vendor" provides a separate development package or
[2.043s]   SDK, be sure it has been installed.
[2.043s] 
[2.043s] [0m
[2.043s] -- Configuring incomplete, errors occurred!
[2.052s] Invoked command in '/home/daniel-mooney/Documents/Projects/Intrinsic/ws_aic/src/aic/build/aic_gazebo' returned '1': AMENT_PREFIX_PATH=/home/daniel-mooney/Documents/Projects/Intrinsic/ws_aic/src/aic/install/aic_engine_interfaces:${AMENT_PREFIX_PATH} CMAKE_PREFIX_PATH=/home/daniel-mooney/Documents/Projects/Intrinsic/ws_aic/src/aic/install/aic_engine_interfaces:/opt/ros/kilted/opt/sdformat_vendor:/opt/ros/kilted/opt/gz_math_vendor:/opt/ros/kilted/opt/gz_utils_vendor:/opt/ros/kilted/opt/gz_tools_vendor:/opt/ros/kilted/opt/gz_ogre_next_vendor:/opt/ros/kilted/opt/gz_dartsim_vendor:/opt/ros/kilted/opt/gz_cmake_vendor:/home/daniel-mooney/Documents/Projects/Intrinsic/ws_aic/src/aic/.pixi/envs/default LD_LIBRARY_PATH=/home/daniel-mooney/Documents/Projects/Intrinsic/ws_aic/src/aic/install/aic_engine_interfaces/lib:${LD_LIBRARY_PATH} PIXI_PROMPT=(aic) PS1=\[[1;36m\].../aic\[[0m\] on \[[1;35m\] dev\[[0m\] \[[1;31m\][!?⇡]\[[0m\] via \[[1;33m\]🧚 v0.65.0 (default) \[[2;31m\]⬢ [Docker]\[[0m\] \[[1;32m\]❯\[[0m\] PYTHONPATH=/home/daniel-mooney/Documents/Projects/Intrinsic/ws_aic/src/aic/install/aic_engine_interfaces/lib/python3.12/site-packages:${PYTHONPATH} XAUTHLOCALHOSTNAME= /home/daniel-mooney/Documents/Projects/Intrinsic/ws_aic/src/aic/.pixi/envs/default/bin/cmake /home/daniel-mooney/Documents/Projects/Intrinsic/ws_aic/src/aic/aic_gazebo -DCMAKE_INSTALL_PREFIX=/home/daniel-mooney/Documents/Projects/Intrinsic/ws_aic/src/aic/install/aic_gazebo
