-- The C compiler identification is GNU 13.3.0
-- The CXX compiler identification is GNU 13.3.0
-- Detecting C compiler ABI info
-- Detecting C compiler ABI info - done
-- Check for working C compiler: /usr/bin/cc - skipped
-- Detecting C compile features
-- Detecting C compile features - done
-- Detecting CXX compiler ABI info
-- Detecting CXX compiler ABI info - done
-- Check for working CXX compiler: /usr/bin/c++ - skipped
-- Detecting CXX compile features
-- Detecting CXX compile features - done
-- Found ament_cmake: 2.7.4 (/home/daniel-mooney/Documents/Projects/Intrinsic/ws_aic/src/aic/.pixi/envs/default/share/ament_cmake/cmake)
-- Found Python3: /home/daniel-mooney/Documents/Projects/Intrinsic/ws_aic/src/aic/.pixi/envs/default/bin/python3 (found version "3.12.12") found components: Interpreter
-- Found builtin_interfaces: 2.3.0 (/home/daniel-mooney/Documents/Projects/Intrinsic/ws_aic/src/aic/.pixi/envs/default/share/builtin_interfaces/cmake)
-- Found rosidl_generator_c: 4.9.6 (/home/daniel-mooney/Documents/Projects/Intrinsic/ws_aic/src/aic/.pixi/envs/default/share/rosidl_generator_c/cmake)
-- Found rosidl_generator_cpp: 4.9.6 (/home/daniel-mooney/Documents/Projects/Intrinsic/ws_aic/src/aic/.pixi/envs/default/share/rosidl_generator_cpp/cmake)
-- Using all available rosidl_typesupport_c: rosidl_typesupport_fastrtps_c;rosidl_typesupport_introspection_c
-- Using all available rosidl_typesupport_cpp: rosidl_typesupport_fastrtps_cpp;rosidl_typesupport_introspection_cpp
-- Found rosidl_default_generators: 1.7.1 (/home/daniel-mooney/Documents/Projects/Intrinsic/ws_aic/src/aic/.pixi/envs/default/share/rosidl_default_generators/cmake)
-- Found rosidl_adapter: 4.9.6 (/home/daniel-mooney/Documents/Projects/Intrinsic/ws_aic/src/aic/.pixi/envs/default/share/rosidl_adapter/cmake)
-- Found std_msgs: 5.5.1 (/home/daniel-mooney/Documents/Projects/Intrinsic/ws_aic/src/aic/.pixi/envs/default/share/std_msgs/cmake)
-- Found ament_cmake_cppcheck: 0.19.2 (/home/daniel-mooney/Documents/Projects/Intrinsic/ws_aic/src/aic/.pixi/envs/default/share/ament_cmake_cppcheck/cmake)
-- Found ament_cmake_cpplint: 0.19.2 (/home/daniel-mooney/Documents/Projects/Intrinsic/ws_aic/src/aic/.pixi/envs/default/share/ament_cmake_cpplint/cmake)
-- Found ament_cmake_uncrustify: 0.19.2 (/home/daniel-mooney/Documents/Projects/Intrinsic/ws_aic/src/aic/.pixi/envs/default/share/ament_cmake_uncrustify/cmake)
-- Found ament_cmake_ros_core: 0.14.7 (/home/daniel-mooney/Documents/Projects/Intrinsic/ws_aic/src/aic/.pixi/envs/default/share/ament_cmake_ros_core/cmake)
-- Using all available rosidl_typesupport_c: rosidl_typesupport_fastrtps_c;rosidl_typesupport_introspection_c
-- Using all available rosidl_typesupport_cpp: rosidl_typesupport_fastrtps_cpp;rosidl_typesupport_introspection_cpp
-- Found Python3: /home/daniel-mooney/Documents/Projects/Intrinsic/ws_aic/src/aic/.pixi/envs/default/bin/python3 (found version "3.12.12") found components: Interpreter Development NumPy Development.Module Development.Embed
-- Found ament_cmake_flake8: 0.19.2 (/home/daniel-mooney/Documents/Projects/Intrinsic/ws_aic/src/aic/.pixi/envs/default/share/ament_cmake_flake8/cmake)
-- Found ament_cmake_pep257: 0.19.2 (/home/daniel-mooney/Documents/Projects/Intrinsic/ws_aic/src/aic/.pixi/envs/default/share/ament_cmake_pep257/cmake)
-- Configuring done (6.8s)
-- Generating done (0.1s)
-- Build files have been written to: /home/daniel-mooney/Documents/Projects/Intrinsic/ws_aic/src/aic/build/aic_engine_interfaces
[  2%] [1m[34mGenerating type hashes for ROS interfaces[0m
[  2%] Built target ament_cmake_python_copy_aic_engine_interfaces
[  2%] Built target aic_engine_interfaces__rosidl_generator_type_description
[  5%] [1m[34mGenerating C code for ROS interfaces[0m
[  8%] [1m[34mGenerating C++ code for ROS interfaces[0m
running egg_info
creating aic_engine_interfaces.egg-info
writing aic_engine_interfaces.egg-info/PKG-INFO
writing dependency_links to aic_engine_interfaces.egg-info/dependency_links.txt
writing top-level names to aic_engine_interfaces.egg-info/top_level.txt
writing manifest file 'aic_engine_interfaces.egg-info/SOURCES.txt'
reading manifest file 'aic_engine_interfaces.egg-info/SOURCES.txt'
writing manifest file 'aic_engine_interfaces.egg-info/SOURCES.txt'
[  8%] Built target ament_cmake_python_build_aic_engine_interfaces_egg
[  8%] Built target aic_engine_interfaces__cpp
[ 11%] [32mBuilding C object CMakeFiles/aic_engine_interfaces__rosidl_generator_c.dir/rosidl_generator_c/aic_engine_interfaces/srv/detail/reset_joints__description.c.o[0m
[ 14%] [32mBuilding C object CMakeFiles/aic_engine_interfaces__rosidl_generator_c.dir/rosidl_generator_c/aic_engine_interfaces/srv/detail/reset_joints__functions.c.o[0m
[ 17%] [32mBuilding C object CMakeFiles/aic_engine_interfaces__rosidl_generator_c.dir/rosidl_generator_c/aic_engine_interfaces/srv/detail/reset_joints__type_support.c.o[0m
[ 20%] [1m[32mLinking C shared library libaic_engine_interfaces__rosidl_generator_c.so[0m
[ 20%] Built target aic_engine_interfaces__rosidl_generator_c
[ 23%] [1m[34mGenerating C++ type support for eProsima Fast-RTPS[0m
[ 26%] [1m[34mGenerating C introspection for ROS interfaces[0m
[ 32%] [1m[34mGenerating C++ type support dispatch for ROS interfaces[0m
[ 32%] [1m[34mGenerating C type support dispatch for ROS interfaces[0m
[ 35%] [1m[34mGenerating C++ introspection for ROS interfaces[0m
[ 38%] [1m[34mGenerating C type support for eProsima Fast-RTPS[0m
[ 41%] [32mBuilding CXX object CMakeFiles/aic_engine_interfaces__rosidl_typesupport_c.dir/rosidl_typesupport_c/aic_engine_interfaces/srv/reset_joints__type_support.cpp.o[0m
[ 44%] [32mBuilding CXX object CMakeFiles/aic_engine_interfaces__rosidl_typesupport_introspection_cpp.dir/rosidl_typesupport_introspection_cpp/aic_engine_interfaces/srv/detail/reset_joints__type_support.cpp.o[0m
[ 47%] [32mBuilding CXX object CMakeFiles/aic_engine_interfaces__rosidl_typesupport_cpp.dir/rosidl_typesupport_cpp/aic_engine_interfaces/srv/reset_joints__type_support.cpp.o[0m
[ 50%] [1m[32mLinking CXX shared library libaic_engine_interfaces__rosidl_typesupport_c.so[0m
[ 50%] Built target aic_engine_interfaces__rosidl_typesupport_c
[ 52%] [32mBuilding CXX object CMakeFiles/aic_engine_interfaces__rosidl_typesupport_fastrtps_c.dir/rosidl_typesupport_fastrtps_c/aic_engine_interfaces/srv/detail/reset_joints__type_support_c.cpp.o[0m
[ 55%] [32mBuilding C object CMakeFiles/aic_engine_interfaces__rosidl_typesupport_introspection_c.dir/rosidl_typesupport_introspection_c/aic_engine_interfaces/srv/detail/reset_joints__type_support.c.o[0m
[ 58%] [32mBuilding CXX object CMakeFiles/aic_engine_interfaces__rosidl_typesupport_fastrtps_cpp.dir/rosidl_typesupport_fastrtps_cpp/aic_engine_interfaces/srv/detail/dds_fastrtps/reset_joints__type_support.cpp.o[0m
[ 61%] [1m[32mLinking C shared library libaic_engine_interfaces__rosidl_typesupport_introspection_c.so[0m
[ 61%] Built target aic_engine_interfaces__rosidl_typesupport_introspection_c
[ 64%] [1m[32mLinking CXX shared library libaic_engine_interfaces__rosidl_typesupport_cpp.so[0m
[ 64%] Built target aic_engine_interfaces__rosidl_typesupport_cpp
[ 67%] [1m[32mLinking CXX shared library libaic_engine_interfaces__rosidl_typesupport_introspection_cpp.so[0m
[ 67%] Built target aic_engine_interfaces__rosidl_typesupport_introspection_cpp
[ 70%] [1m[32mLinking CXX shared library libaic_engine_interfaces__rosidl_typesupport_fastrtps_c.so[0m
[ 70%] Built target aic_engine_interfaces__rosidl_typesupport_fastrtps_c
[ 73%] [1m[32mLinking CXX shared library libaic_engine_interfaces__rosidl_typesupport_fastrtps_cpp.so[0m
[ 73%] Built target aic_engine_interfaces__rosidl_typesupport_fastrtps_cpp
[ 73%] Built target aic_engine_interfaces
[ 76%] [1m[34mGenerating Python code for ROS interfaces[0m
[ 76%] Built target aic_engine_interfaces__py
[ 79%] [32mBuilding C object CMakeFiles/aic_engine_interfaces__rosidl_generator_py.dir/rosidl_generator_py/aic_engine_interfaces/srv/_reset_joints_s.c.o[0m
[ 82%] [1m[32mLinking C shared library libaic_engine_interfaces__rosidl_generator_py.so[0m
[ 82%] Built target aic_engine_interfaces__rosidl_generator_py
[ 85%] [32mBuilding C object CMakeFiles/aic_engine_interfaces_s__rosidl_typesupport_introspection_c.dir/rosidl_generator_py/aic_engine_interfaces/_aic_engine_interfaces_s.ep.rosidl_typesupport_introspection_c.c.o[0m
[ 88%] [32mBuilding C object CMakeFiles/aic_engine_interfaces_s__rosidl_typesupport_c.dir/rosidl_generator_py/aic_engine_interfaces/_aic_engine_interfaces_s.ep.rosidl_typesupport_c.c.o[0m
[ 91%] [32mBuilding C object CMakeFiles/aic_engine_interfaces_s__rosidl_typesupport_fastrtps_c.dir/rosidl_generator_py/aic_engine_interfaces/_aic_engine_interfaces_s.ep.rosidl_typesupport_fastrtps_c.c.o[0m
[ 94%] [1m[32mLinking C shared module rosidl_generator_py/aic_engine_interfaces/aic_engine_interfaces_s__rosidl_typesupport_c.so[0m
[ 94%] Built target aic_engine_interfaces_s__rosidl_typesupport_c
[ 97%] [1m[32mLinking C shared module rosidl_generator_py/aic_engine_interfaces/aic_engine_interfaces_s__rosidl_typesupport_introspection_c.so[0m
[100%] [1m[32mLinking C shared module rosidl_generator_py/aic_engine_interfaces/aic_engine_interfaces_s__rosidl_typesupport_fastrtps_c.so[0m
[100%] Built target aic_engine_interfaces_s__rosidl_typesupport_introspection_c
[100%] Built target aic_engine_interfaces_s__rosidl_typesupport_fastrtps_c
-- Install configuration: ""
-- Installing: /home/daniel-mooney/Documents/Projects/Intrinsic/ws_aic/src/aic/install/aic_engine_interfaces/share/ament_index/resource_index/rosidl_interfaces/aic_engine_interfaces
-- Installing: /home/daniel-mooney/Documents/Projects/Intrinsic/ws_aic/src/aic/install/aic_engine_interfaces/share/aic_engine_interfaces/srv/ResetJoints.json
-- Installing: /home/daniel-mooney/Documents/Projects/Intrinsic/ws_aic/src/aic/install/aic_engine_interfaces/include/aic_engine_interfaces/aic_engine_interfaces
-- Installing: /home/daniel-mooney/Documents/Projects/Intrinsic/ws_aic/src/aic/install/aic_engine_interfaces/include/aic_engine_interfaces/aic_engine_interfaces/srv
-- Installing: /home/daniel-mooney/Documents/Projects/Intrinsic/ws_aic/src/aic/install/aic_engine_interfaces/include/aic_engine_interfaces/aic_engine_interfaces/srv/reset_joints.h
-- Installing: /home/daniel-mooney/Documents/Projects/Intrinsic/ws_aic/src/aic/install/aic_engine_interfaces/include/aic_engine_interfaces/aic_engine_interfaces/srv/detail
-- Installing: /home/daniel-mooney/Documents/Projects/Intrinsic/ws_aic/src/aic/install/aic_engine_interfaces/include/aic_engine_interfaces/aic_engine_interfaces/srv/detail/reset_joints__type_support.c
-- Installing: /home/daniel-mooney/Documents/Projects/Intrinsic/ws_aic/src/aic/install/aic_engine_interfaces/include/aic_engine_interfaces/aic_engine_interfaces/srv/detail/reset_joints__type_support.h
-- Installing: /home/daniel-mooney/Documents/Projects/Intrinsic/ws_aic/src/aic/install/aic_engine_interfaces/include/aic_engine_interfaces/aic_engine_interfaces/srv/detail/reset_joints__functions.c
-- Installing: /home/daniel-mooney/Documents/Projects/Intrinsic/ws_aic/src/aic/install/aic_engine_interfaces/include/aic_engine_interfaces/aic_engine_interfaces/srv/detail/reset_joints__struct.h
-- Installing: /home/daniel-mooney/Documents/Projects/Intrinsic/ws_aic/src/aic/install/aic_engine_interfaces/include/aic_engine_interfaces/aic_engine_interfaces/srv/detail/reset_joints__description.c
-- Installing: /home/daniel-mooney/Documents/Projects/Intrinsic/ws_aic/src/aic/install/aic_engine_interfaces/include/aic_engine_interfaces/aic_engine_interfaces/srv/detail/reset_joints__functions.h
-- Installing: /home/daniel-mooney/Documents/Projects/Intrinsic/ws_aic/src/aic/install/aic_engine_interfaces/include/aic_engine_interfaces/aic_engine_interfaces/msg
-- Installing: /home/daniel-mooney/Documents/Projects/Intrinsic/ws_aic/src/aic/install/aic_engine_interfaces/include/aic_engine_interfaces/aic_engine_interfaces/msg/rosidl_generator_c__visibility_control.h
-- Installing: /home/daniel-mooney/Documents/Projects/Intrinsic/ws_aic/src/aic/install/aic_engine_interfaces/share/aic_engine_interfaces/environment/library_path.sh
-- Installing: /home/daniel-mooney/Documents/Projects/Intrinsic/ws_aic/src/aic/install/aic_engine_interfaces/share/aic_engine_interfaces/environment/library_path.dsv
-- Installing: /home/daniel-mooney/Documents/Projects/Intrinsic/ws_aic/src/aic/install/aic_engine_interfaces/lib/libaic_engine_interfaces__rosidl_generator_c.so
-- Set non-toolchain portion of runtime path of "/home/daniel-mooney/Documents/Projects/Intrinsic/ws_aic/src/aic/install/aic_engine_interfaces/lib/libaic_engine_interfaces__rosidl_generator_c.so" to ""
-- Up-to-date: /home/daniel-mooney/Documents/Projects/Intrinsic/ws_aic/src/aic/install/aic_engine_interfaces/include/aic_engine_interfaces/aic_engine_interfaces
-- Up-to-date: /home/daniel-mooney/Documents/Projects/Intrinsic/ws_aic/src/aic/install/aic_engine_interfaces/include/aic_engine_interfaces/aic_engine_interfaces/srv
-- Up-to-date: /home/daniel-mooney/Documents/Projects/Intrinsic/ws_aic/src/aic/install/aic_engine_interfaces/include/aic_engine_interfaces/aic_engine_interfaces/srv/detail
-- Installing: /home/daniel-mooney/Documents/Projects/Intrinsic/ws_aic/src/aic/install/aic_engine_interfaces/include/aic_engine_interfaces/aic_engine_interfaces/srv/detail/reset_joints__rosidl_typesupport_fastrtps_c.h
-- Up-to-date: /home/daniel-mooney/Documents/Projects/Intrinsic/ws_aic/src/aic/install/aic_engine_interfaces/include/aic_engine_interfaces/aic_engine_interfaces/msg
-- Installing: /home/daniel-mooney/Documents/Projects/Intrinsic/ws_aic/src/aic/install/aic_engine_interfaces/include/aic_engine_interfaces/aic_engine_interfaces/msg/rosidl_typesupport_fastrtps_c__visibility_control.h
-- Installing: /home/daniel-mooney/Documents/Projects/Intrinsic/ws_aic/src/aic/install/aic_engine_interfaces/lib/libaic_engine_interfaces__rosidl_typesupport_fastrtps_c.so
-- Set non-toolchain portion of runtime path of "/home/daniel-mooney/Documents/Projects/Intrinsic/ws_aic/src/aic/install/aic_engine_interfaces/lib/libaic_engine_interfaces__rosidl_typesupport_fastrtps_c.so" to ""
-- Up-to-date: /home/daniel-mooney/Documents/Projects/Intrinsic/ws_aic/src/aic/install/aic_engine_interfaces/include/aic_engine_interfaces/aic_engine_interfaces
-- Up-to-date: /home/daniel-mooney/Documents/Projects/Intrinsic/ws_aic/src/aic/install/aic_engine_interfaces/include/aic_engine_interfaces/aic_engine_interfaces/srv
-- Up-to-date: /home/daniel-mooney/Documents/Projects/Intrinsic/ws_aic/src/aic/install/aic_engine_interfaces/include/aic_engine_interfaces/aic_engine_interfaces/srv/detail
-- Installing: /home/daniel-mooney/Documents/Projects/Intrinsic/ws_aic/src/aic/install/aic_engine_interfaces/include/aic_engine_interfaces/aic_engine_interfaces/srv/detail/reset_joints__traits.hpp
-- Installing: /home/daniel-mooney/Documents/Projects/Intrinsic/ws_aic/src/aic/install/aic_engine_interfaces/include/aic_engine_interfaces/aic_engine_interfaces/srv/detail/reset_joints__type_support.hpp
-- Installing: /home/daniel-mooney/Documents/Projects/Intrinsic/ws_aic/src/aic/install/aic_engine_interfaces/include/aic_engine_interfaces/aic_engine_interfaces/srv/detail/reset_joints__struct.hpp
-- Installing: /home/daniel-mooney/Documents/Projects/Intrinsic/ws_aic/src/aic/install/aic_engine_interfaces/include/aic_engine_interfaces/aic_engine_interfaces/srv/detail/reset_joints__builder.hpp
-- Installing: /home/daniel-mooney/Documents/Projects/Intrinsic/ws_aic/src/aic/install/aic_engine_interfaces/include/aic_engine_interfaces/aic_engine_interfaces/srv/reset_joints.hpp
-- Up-to-date: /home/daniel-mooney/Documents/Projects/Intrinsic/ws_aic/src/aic/install/aic_engine_interfaces/include/aic_engine_interfaces/aic_engine_interfaces/msg
-- Installing: /home/daniel-mooney/Documents/Projects/Intrinsic/ws_aic/src/aic/install/aic_engine_interfaces/include/aic_engine_interfaces/aic_engine_interfaces/msg/rosidl_generator_cpp__visibility_control.hpp
-- Up-to-date: /home/daniel-mooney/Documents/Projects/Intrinsic/ws_aic/src/aic/install/aic_engine_interfaces/include/aic_engine_interfaces/aic_engine_interfaces
-- Up-to-date: /home/daniel-mooney/Documents/Projects/Intrinsic/ws_aic/src/aic/install/aic_engine_interfaces/include/aic_engine_interfaces/aic_engine_interfaces/srv
-- Up-to-date: /home/daniel-mooney/Documents/Projects/Intrinsic/ws_aic/src/aic/install/aic_engine_interfaces/include/aic_engine_interfaces/aic_engine_interfaces/srv/detail
-- Installing: /home/daniel-mooney/Documents/Projects/Intrinsic/ws_aic/src/aic/install/aic_engine_interfaces/include/aic_engine_interfaces/aic_engine_interfaces/srv/detail/reset_joints__rosidl_typesupport_fastrtps_cpp.hpp
-- Installing: /home/daniel-mooney/Documents/Projects/Intrinsic/ws_aic/src/aic/install/aic_engine_interfaces/include/aic_engine_interfaces/aic_engine_interfaces/srv/detail/dds_fastrtps
-- Up-to-date: /home/daniel-mooney/Documents/Projects/Intrinsic/ws_aic/src/aic/install/aic_engine_interfaces/include/aic_engine_interfaces/aic_engine_interfaces/msg
-- Installing: /home/daniel-mooney/Documents/Projects/Intrinsic/ws_aic/src/aic/install/aic_engine_interfaces/include/aic_engine_interfaces/aic_engine_interfaces/msg/rosidl_typesupport_fastrtps_cpp__visibility_control.h
-- Installing: /home/daniel-mooney/Documents/Projects/Intrinsic/ws_aic/src/aic/install/aic_engine_interfaces/lib/libaic_engine_interfaces__rosidl_typesupport_fastrtps_cpp.so
-- Set non-toolchain portion of runtime path of "/home/daniel-mooney/Documents/Projects/Intrinsic/ws_aic/src/aic/install/aic_engine_interfaces/lib/libaic_engine_interfaces__rosidl_typesupport_fastrtps_cpp.so" to ""
-- Up-to-date: /home/daniel-mooney/Documents/Projects/Intrinsic/ws_aic/src/aic/install/aic_engine_interfaces/include/aic_engine_interfaces/aic_engine_interfaces
-- Up-to-date: /home/daniel-mooney/Documents/Projects/Intrinsic/ws_aic/src/aic/install/aic_engine_interfaces/include/aic_engine_interfaces/aic_engine_interfaces/srv
-- Up-to-date: /home/daniel-mooney/Documents/Projects/Intrinsic/ws_aic/src/aic/install/aic_engine_interfaces/include/aic_engine_interfaces/aic_engine_interfaces/srv/detail
-- Installing: /home/daniel-mooney/Documents/Projects/Intrinsic/ws_aic/src/aic/install/aic_engine_interfaces/include/aic_engine_interfaces/aic_engine_interfaces/srv/detail/reset_joints__type_support.c
-- Installing: /home/daniel-mooney/Documents/Projects/Intrinsic/ws_aic/src/aic/install/aic_engine_interfaces/include/aic_engine_interfaces/aic_engine_interfaces/srv/detail/reset_joints__rosidl_typesupport_introspection_c.h
-- Up-to-date: /home/daniel-mooney/Documents/Projects/Intrinsic/ws_aic/src/aic/install/aic_engine_interfaces/include/aic_engine_interfaces/aic_engine_interfaces/msg
-- Installing: /home/daniel-mooney/Documents/Projects/Intrinsic/ws_aic/src/aic/install/aic_engine_interfaces/include/aic_engine_interfaces/aic_engine_interfaces/msg/rosidl_typesupport_introspection_c__visibility_control.h
-- Installing: /home/daniel-mooney/Documents/Projects/Intrinsic/ws_aic/src/aic/install/aic_engine_interfaces/lib/libaic_engine_interfaces__rosidl_typesupport_introspection_c.so
-- Set non-toolchain portion of runtime path of "/home/daniel-mooney/Documents/Projects/Intrinsic/ws_aic/src/aic/install/aic_engine_interfaces/lib/libaic_engine_interfaces__rosidl_typesupport_introspection_c.so" to ""
-- Installing: /home/daniel-mooney/Documents/Projects/Intrinsic/ws_aic/src/aic/install/aic_engine_interfaces/lib/libaic_engine_interfaces__rosidl_typesupport_c.so
-- Set non-toolchain portion of runtime path of "/home/daniel-mooney/Documents/Projects/Intrinsic/ws_aic/src/aic/install/aic_engine_interfaces/lib/libaic_engine_interfaces__rosidl_typesupport_c.so" to ""
-- Up-to-date: /home/daniel-mooney/Documents/Projects/Intrinsic/ws_aic/src/aic/install/aic_engine_interfaces/include/aic_engine_interfaces/aic_engine_interfaces
-- Up-to-date: /home/daniel-mooney/Documents/Projects/Intrinsic/ws_aic/src/aic/install/aic_engine_interfaces/include/aic_engine_interfaces/aic_engine_interfaces/srv
-- Up-to-date: /home/daniel-mooney/Documents/Projects/Intrinsic/ws_aic/src/aic/install/aic_engine_interfaces/include/aic_engine_interfaces/aic_engine_interfaces/srv/detail
-- Installing: /home/daniel-mooney/Documents/Projects/Intrinsic/ws_aic/src/aic/install/aic_engine_interfaces/include/aic_engine_interfaces/aic_engine_interfaces/srv/detail/reset_joints__rosidl_typesupport_introspection_cpp.hpp
-- Installing: /home/daniel-mooney/Documents/Projects/Intrinsic/ws_aic/src/aic/install/aic_engine_interfaces/include/aic_engine_interfaces/aic_engine_interfaces/srv/detail/reset_joints__type_support.cpp
-- Installing: /home/daniel-mooney/Documents/Projects/Intrinsic/ws_aic/src/aic/install/aic_engine_interfaces/lib/libaic_engine_interfaces__rosidl_typesupport_introspection_cpp.so
-- Set non-toolchain portion of runtime path of "/home/daniel-mooney/Documents/Projects/Intrinsic/ws_aic/src/aic/install/aic_engine_interfaces/lib/libaic_engine_interfaces__rosidl_typesupport_introspection_cpp.so" to ""
-- Installing: /home/daniel-mooney/Documents/Projects/Intrinsic/ws_aic/src/aic/install/aic_engine_interfaces/lib/libaic_engine_interfaces__rosidl_typesupport_cpp.so
-- Set non-toolchain portion of runtime path of "/home/daniel-mooney/Documents/Projects/Intrinsic/ws_aic/src/aic/install/aic_engine_interfaces/lib/libaic_engine_interfaces__rosidl_typesupport_cpp.so" to ""
-- Installing: /home/daniel-mooney/Documents/Projects/Intrinsic/ws_aic/src/aic/install/aic_engine_interfaces/share/aic_engine_interfaces/environment/pythonpath.sh
-- Installing: /home/daniel-mooney/Documents/Projects/Intrinsic/ws_aic/src/aic/install/aic_engine_interfaces/share/aic_engine_interfaces/environment/pythonpath.dsv
-- Installing: /home/daniel-mooney/Documents/Projects/Intrinsic/ws_aic/src/aic/install/aic_engine_interfaces/lib/python3.12/site-packages/aic_engine_interfaces-0.0.1-py3.12.egg-info
-- Installing: /home/daniel-mooney/Documents/Projects/Intrinsic/ws_aic/src/aic/install/aic_engine_interfaces/lib/python3.12/site-packages/aic_engine_interfaces-0.0.1-py3.12.egg-info/dependency_links.txt
-- Installing: /home/daniel-mooney/Documents/Projects/Intrinsic/ws_aic/src/aic/install/aic_engine_interfaces/lib/python3.12/site-packages/aic_engine_interfaces-0.0.1-py3.12.egg-info/SOURCES.txt
-- Installing: /home/daniel-mooney/Documents/Projects/Intrinsic/ws_aic/src/aic/install/aic_engine_interfaces/lib/python3.12/site-packages/aic_engine_interfaces-0.0.1-py3.12.egg-info/PKG-INFO
-- Installing: /home/daniel-mooney/Documents/Projects/Intrinsic/ws_aic/src/aic/install/aic_engine_interfaces/lib/python3.12/site-packages/aic_engine_interfaces-0.0.1-py3.12.egg-info/top_level.txt
-- Installing: /home/daniel-mooney/Documents/Projects/Intrinsic/ws_aic/src/aic/install/aic_engine_interfaces/lib/python3.12/site-packages/aic_engine_interfaces
-- Installing: /home/daniel-mooney/Documents/Projects/Intrinsic/ws_aic/src/aic/install/aic_engine_interfaces/lib/python3.12/site-packages/aic_engine_interfaces/__init__.py
-- Installing: /home/daniel-mooney/Documents/Projects/Intrinsic/ws_aic/src/aic/install/aic_engine_interfaces/lib/python3.12/site-packages/aic_engine_interfaces/aic_engine_interfaces_s__rosidl_typesupport_introspection_c.so
-- Installing: /home/daniel-mooney/Documents/Projects/Intrinsic/ws_aic/src/aic/install/aic_engine_interfaces/lib/python3.12/site-packages/aic_engine_interfaces/_aic_engine_interfaces_s.ep.rosidl_typesupport_c.c
-- Installing: /home/daniel-mooney/Documents/Projects/Intrinsic/ws_aic/src/aic/install/aic_engine_interfaces/lib/python3.12/site-packages/aic_engine_interfaces/aic_engine_interfaces_s__rosidl_typesupport_c.so
-- Installing: /home/daniel-mooney/Documents/Projects/Intrinsic/ws_aic/src/aic/install/aic_engine_interfaces/lib/python3.12/site-packages/aic_engine_interfaces/srv
-- Installing: /home/daniel-mooney/Documents/Projects/Intrinsic/ws_aic/src/aic/install/aic_engine_interfaces/lib/python3.12/site-packages/aic_engine_interfaces/srv/__init__.py
-- Installing: /home/daniel-mooney/Documents/Projects/Intrinsic/ws_aic/src/aic/install/aic_engine_interfaces/lib/python3.12/site-packages/aic_engine_interfaces/srv/_reset_joints.py
-- Installing: /home/daniel-mooney/Documents/Projects/Intrinsic/ws_aic/src/aic/install/aic_engine_interfaces/lib/python3.12/site-packages/aic_engine_interfaces/srv/_reset_joints_s.c
-- Installing: /home/daniel-mooney/Documents/Projects/Intrinsic/ws_aic/src/aic/install/aic_engine_interfaces/lib/python3.12/site-packages/aic_engine_interfaces/_aic_engine_interfaces_s.ep.rosidl_typesupport_introspection_c.c
-- Installing: /home/daniel-mooney/Documents/Projects/Intrinsic/ws_aic/src/aic/install/aic_engine_interfaces/lib/python3.12/site-packages/aic_engine_interfaces/_aic_engine_interfaces_s.ep.rosidl_typesupport_fastrtps_c.c
-- Installing: /home/daniel-mooney/Documents/Projects/Intrinsic/ws_aic/src/aic/install/aic_engine_interfaces/lib/python3.12/site-packages/aic_engine_interfaces/aic_engine_interfaces_s__rosidl_typesupport_fastrtps_c.so
Listing '/home/daniel-mooney/Documents/Projects/Intrinsic/ws_aic/src/aic/install/aic_engine_interfaces/lib/python3.12/site-packages/aic_engine_interfaces'...
Compiling '/home/daniel-mooney/Documents/Projects/Intrinsic/ws_aic/src/aic/install/aic_engine_interfaces/lib/python3.12/site-packages/aic_engine_interfaces/__init__.py'...
Listing '/home/daniel-mooney/Documents/Projects/Intrinsic/ws_aic/src/aic/install/aic_engine_interfaces/lib/python3.12/site-packages/aic_engine_interfaces/srv'...
Compiling '/home/daniel-mooney/Documents/Projects/Intrinsic/ws_aic/src/aic/install/aic_engine_interfaces/lib/python3.12/site-packages/aic_engine_interfaces/srv/__init__.py'...
Compiling '/home/daniel-mooney/Documents/Projects/Intrinsic/ws_aic/src/aic/install/aic_engine_interfaces/lib/python3.12/site-packages/aic_engine_interfaces/srv/_reset_joints.py'...
-- Installing: /home/daniel-mooney/Documents/Projects/Intrinsic/ws_aic/src/aic/install/aic_engine_interfaces/lib/python3.12/site-packages/aic_engine_interfaces/aic_engine_interfaces_s__rosidl_typesupport_fastrtps_c.so
-- Set non-toolchain portion of runtime path of "/home/daniel-mooney/Documents/Projects/Intrinsic/ws_aic/src/aic/install/aic_engine_interfaces/lib/python3.12/site-packages/aic_engine_interfaces/aic_engine_interfaces_s__rosidl_typesupport_fastrtps_c.so" to ""
-- Installing: /home/daniel-mooney/Documents/Projects/Intrinsic/ws_aic/src/aic/install/aic_engine_interfaces/lib/python3.12/site-packages/aic_engine_interfaces/aic_engine_interfaces_s__rosidl_typesupport_introspection_c.so
-- Set non-toolchain portion of runtime path of "/home/daniel-mooney/Documents/Projects/Intrinsic/ws_aic/src/aic/install/aic_engine_interfaces/lib/python3.12/site-packages/aic_engine_interfaces/aic_engine_interfaces_s__rosidl_typesupport_introspection_c.so" to ""
-- Installing: /home/daniel-mooney/Documents/Projects/Intrinsic/ws_aic/src/aic/install/aic_engine_interfaces/lib/python3.12/site-packages/aic_engine_interfaces/aic_engine_interfaces_s__rosidl_typesupport_c.so
-- Set non-toolchain portion of runtime path of "/home/daniel-mooney/Documents/Projects/Intrinsic/ws_aic/src/aic/install/aic_engine_interfaces/lib/python3.12/site-packages/aic_engine_interfaces/aic_engine_interfaces_s__rosidl_typesupport_c.so" to ""
-- Installing: /home/daniel-mooney/Documents/Projects/Intrinsic/ws_aic/src/aic/install/aic_engine_interfaces/lib/libaic_engine_interfaces__rosidl_generator_py.so
-- Set non-toolchain portion of runtime path of "/home/daniel-mooney/Documents/Projects/Intrinsic/ws_aic/src/aic/install/aic_engine_interfaces/lib/libaic_engine_interfaces__rosidl_generator_py.so" to ""
-- Installing: /home/daniel-mooney/Documents/Projects/Intrinsic/ws_aic/src/aic/install/aic_engine_interfaces/share/aic_engine_interfaces/srv/ResetJoints.idl
-- Installing: /home/daniel-mooney/Documents/Projects/Intrinsic/ws_aic/src/aic/install/aic_engine_interfaces/share/aic_engine_interfaces/srv/ResetJoints.srv
-- Installing: /home/daniel-mooney/Documents/Projects/Intrinsic/ws_aic/src/aic/install/aic_engine_interfaces/share/ament_index/resource_index/package_run_dependencies/aic_engine_interfaces
-- Installing: /home/daniel-mooney/Documents/Projects/Intrinsic/ws_aic/src/aic/install/aic_engine_interfaces/share/ament_index/resource_index/parent_prefix_path/aic_engine_interfaces
-- Installing: /home/daniel-mooney/Documents/Projects/Intrinsic/ws_aic/src/aic/install/aic_engine_interfaces/share/aic_engine_interfaces/environment/ament_prefix_path.sh
-- Installing: /home/daniel-mooney/Documents/Projects/Intrinsic/ws_aic/src/aic/install/aic_engine_interfaces/share/aic_engine_interfaces/environment/ament_prefix_path.dsv
-- Installing: /home/daniel-mooney/Documents/Projects/Intrinsic/ws_aic/src/aic/install/aic_engine_interfaces/share/aic_engine_interfaces/environment/path.sh
-- Installing: /home/daniel-mooney/Documents/Projects/Intrinsic/ws_aic/src/aic/install/aic_engine_interfaces/share/aic_engine_interfaces/environment/path.dsv
-- Installing: /home/daniel-mooney/Documents/Projects/Intrinsic/ws_aic/src/aic/install/aic_engine_interfaces/share/aic_engine_interfaces/local_setup.bash
-- Installing: /home/daniel-mooney/Documents/Projects/Intrinsic/ws_aic/src/aic/install/aic_engine_interfaces/share/aic_engine_interfaces/local_setup.sh
-- Installing: /home/daniel-mooney/Documents/Projects/Intrinsic/ws_aic/src/aic/install/aic_engine_interfaces/share/aic_engine_interfaces/local_setup.zsh
-- Installing: /home/daniel-mooney/Documents/Projects/Intrinsic/ws_aic/src/aic/install/aic_engine_interfaces/share/aic_engine_interfaces/local_setup.dsv
-- Installing: /home/daniel-mooney/Documents/Projects/Intrinsic/ws_aic/src/aic/install/aic_engine_interfaces/share/aic_engine_interfaces/package.dsv
-- Installing: /home/daniel-mooney/Documents/Projects/Intrinsic/ws_aic/src/aic/install/aic_engine_interfaces/share/ament_index/resource_index/packages/aic_engine_interfaces
-- Installing: /home/daniel-mooney/Documents/Projects/Intrinsic/ws_aic/src/aic/install/aic_engine_interfaces/share/aic_engine_interfaces/cmake/export_aic_engine_interfaces__rosidl_generator_cExport.cmake
-- Installing: /home/daniel-mooney/Documents/Projects/Intrinsic/ws_aic/src/aic/install/aic_engine_interfaces/share/aic_engine_interfaces/cmake/export_aic_engine_interfaces__rosidl_generator_cExport-noconfig.cmake
-- Installing: /home/daniel-mooney/Documents/Projects/Intrinsic/ws_aic/src/aic/install/aic_engine_interfaces/share/aic_engine_interfaces/cmake/export_aic_engine_interfaces__rosidl_typesupport_fastrtps_cExport.cmake
-- Installing: /home/daniel-mooney/Documents/Projects/Intrinsic/ws_aic/src/aic/install/aic_engine_interfaces/share/aic_engine_interfaces/cmake/export_aic_engine_interfaces__rosidl_typesupport_fastrtps_cExport-noconfig.cmake
-- Installing: /home/daniel-mooney/Documents/Projects/Intrinsic/ws_aic/src/aic/install/aic_engine_interfaces/share/aic_engine_interfaces/cmake/export_aic_engine_interfaces__rosidl_generator_cppExport.cmake
-- Installing: /home/daniel-mooney/Documents/Projects/Intrinsic/ws_aic/src/aic/install/aic_engine_interfaces/share/aic_engine_interfaces/cmake/export_aic_engine_interfaces__rosidl_typesupport_fastrtps_cppExport.cmake
-- Installing: /home/daniel-mooney/Documents/Projects/Intrinsic/ws_aic/src/aic/install/aic_engine_interfaces/share/aic_engine_interfaces/cmake/export_aic_engine_interfaces__rosidl_typesupport_fastrtps_cppExport-noconfig.cmake
-- Installing: /home/daniel-mooney/Documents/Projects/Intrinsic/ws_aic/src/aic/install/aic_engine_interfaces/share/aic_engine_interfaces/cmake/aic_engine_interfaces__rosidl_typesupport_introspection_cExport.cmake
-- Installing: /home/daniel-mooney/Documents/Projects/Intrinsic/ws_aic/src/aic/install/aic_engine_interfaces/share/aic_engine_interfaces/cmake/aic_engine_interfaces__rosidl_typesupport_introspection_cExport-noconfig.cmake
-- Installing: /home/daniel-mooney/Documents/Projects/Intrinsic/ws_aic/src/aic/install/aic_engine_interfaces/share/aic_engine_interfaces/cmake/aic_engine_interfaces__rosidl_typesupport_cExport.cmake
-- Installing: /home/daniel-mooney/Documents/Projects/Intrinsic/ws_aic/src/aic/install/aic_engine_interfaces/share/aic_engine_interfaces/cmake/aic_engine_interfaces__rosidl_typesupport_cExport-noconfig.cmake
-- Installing: /home/daniel-mooney/Documents/Projects/Intrinsic/ws_aic/src/aic/install/aic_engine_interfaces/share/aic_engine_interfaces/cmake/aic_engine_interfaces__rosidl_typesupport_introspection_cppExport.cmake
-- Installing: /home/daniel-mooney/Documents/Projects/Intrinsic/ws_aic/src/aic/install/aic_engine_interfaces/share/aic_engine_interfaces/cmake/aic_engine_interfaces__rosidl_typesupport_introspection_cppExport-noconfig.cmake
-- Installing: /home/daniel-mooney/Documents/Projects/Intrinsic/ws_aic/src/aic/install/aic_engine_interfaces/share/aic_engine_interfaces/cmake/aic_engine_interfaces__rosidl_typesupport_cppExport.cmake
-- Installing: /home/daniel-mooney/Documents/Projects/Intrinsic/ws_aic/src/aic/install/aic_engine_interfaces/share/aic_engine_interfaces/cmake/aic_engine_interfaces__rosidl_typesupport_cppExport-noconfig.cmake
-- Installing: /home/daniel-mooney/Documents/Projects/Intrinsic/ws_aic/src/aic/install/aic_engine_interfaces/share/aic_engine_interfaces/cmake/export_aic_engine_interfaces__rosidl_generator_pyExport.cmake
-- Installing: /home/daniel-mooney/Documents/Projects/Intrinsic/ws_aic/src/aic/install/aic_engine_interfaces/share/aic_engine_interfaces/cmake/export_aic_engine_interfaces__rosidl_generator_pyExport-noconfig.cmake
-- Installing: /home/daniel-mooney/Documents/Projects/Intrinsic/ws_aic/src/aic/install/aic_engine_interfaces/share/aic_engine_interfaces/cmake/rosidl_cmake-extras.cmake
-- Installing: /home/daniel-mooney/Documents/Projects/Intrinsic/ws_aic/src/aic/install/aic_engine_interfaces/share/aic_engine_interfaces/cmake/ament_cmake_export_dependencies-extras.cmake
-- Installing: /home/daniel-mooney/Documents/Projects/Intrinsic/ws_aic/src/aic/install/aic_engine_interfaces/share/aic_engine_interfaces/cmake/ament_cmake_export_include_directories-extras.cmake
-- Installing: /home/daniel-mooney/Documents/Projects/Intrinsic/ws_aic/src/aic/install/aic_engine_interfaces/share/aic_engine_interfaces/cmake/ament_cmake_export_libraries-extras.cmake
-- Installing: /home/daniel-mooney/Documents/Projects/Intrinsic/ws_aic/src/aic/install/aic_engine_interfaces/share/aic_engine_interfaces/cmake/ament_cmake_export_targets-extras.cmake
-- Installing: /home/daniel-mooney/Documents/Projects/Intrinsic/ws_aic/src/aic/install/aic_engine_interfaces/share/aic_engine_interfaces/cmake/rosidl_cmake_export_typesupport_targets-extras.cmake
-- Installing: /home/daniel-mooney/Documents/Projects/Intrinsic/ws_aic/src/aic/install/aic_engine_interfaces/share/aic_engine_interfaces/cmake/rosidl_cmake_export_typesupport_libraries-extras.cmake
-- Installing: /home/daniel-mooney/Documents/Projects/Intrinsic/ws_aic/src/aic/install/aic_engine_interfaces/share/aic_engine_interfaces/cmake/aic_engine_interfacesConfig.cmake
-- Installing: /home/daniel-mooney/Documents/Projects/Intrinsic/ws_aic/src/aic/install/aic_engine_interfaces/share/aic_engine_interfaces/cmake/aic_engine_interfacesConfig-version.cmake
-- Installing: /home/daniel-mooney/Documents/Projects/Intrinsic/ws_aic/src/aic/install/aic_engine_interfaces/share/aic_engine_interfaces/package.xml
