[0.046s] Invoking command in '/home/daniel-mooney/Documents/Projects/Intrinsic/ws_aic/src/aic/build/aic_engine_interfaces': CMAKE_PREFIX_PATH=${CMAKE_PREFIX_PATH}:/home/daniel-mooney/Documents/Projects/Intrinsic/ws_aic/src/aic/.pixi/envs/default PIXI_PROMPT=(aic) PS1=\[[1;36m\].../aic\[[0m\] on \[[1;35m\] dev\[[0m\] \[[1;31m\][!?⇡]\[[0m\] via \[[1;33m\]🧚 v0.65.0 (default) \[[2;31m\]⬢ [Docker]\[[0m\] \[[1;32m\]❯\[[0m\] XAUTHLOCALHOSTNAME= /home/daniel-mooney/Documents/Projects/Intrinsic/ws_aic/src/aic/.pixi/envs/default/bin/cmake /home/daniel-mooney/Documents/Projects/Intrinsic/ws_aic/src/aic/aic_interfaces/aic_engine_interfaces -DCMAKE_INSTALL_PREFIX=/home/daniel-mooney/Documents/Projects/Intrinsic/ws_aic/src/aic/install/aic_engine_interfaces
[0.550s] -- The C compiler identification is GNU 13.3.0
[0.550s] [0mCMake Deprecation Warning at CMakeLists.txt:1 (cmake_minimum_required):
[0.550s]   Compatibility with CMake < 3.10 will be removed from a future version of
[0.550s]   CMake.
[0.551s] 
[0.551s]   Update the VERSION argument <min> value.  Or, use the <min>...<max> syntax
[0.551s]   to tell CMake that the project requires at least <min> but has been updated
[0.551s]   to work with policies introduced by <max> or earlier.
[0.551s] 
[0.552s] [0m
[0.643s] -- The CXX compiler identification is GNU 13.3.0
[0.665s] -- Detecting C compiler ABI info
[0.797s] -- Detecting C compiler ABI info - done
[0.835s] -- Check for working C compiler: /usr/bin/cc - skipped
[0.836s] -- Detecting C compile features
[0.837s] -- Detecting C compile features - done
[0.869s] -- Detecting CXX compiler ABI info
[1.035s] -- Detecting CXX compiler ABI info - done
[1.085s] -- Check for working CXX compiler: /usr/bin/c++ - skipped
[1.086s] -- Detecting CXX compile features
[1.088s] -- Detecting CXX compile features - done
[1.117s] -- Found ament_cmake: 2.7.4 (/home/daniel-mooney/Documents/Projects/Intrinsic/ws_aic/src/aic/.pixi/envs/default/share/ament_cmake/cmake)
[1.429s] -- Found Python3: /home/daniel-mooney/Documents/Projects/Intrinsic/ws_aic/src/aic/.pixi/envs/default/bin/python3 (found version "3.12.12") found components: Interpreter
[1.783s] -- Found builtin_interfaces: 2.3.0 (/home/daniel-mooney/Documents/Projects/Intrinsic/ws_aic/src/aic/.pixi/envs/default/share/builtin_interfaces/cmake)
[1.895s] -- Found rosidl_generator_c: 4.9.6 (/home/daniel-mooney/Documents/Projects/Intrinsic/ws_aic/src/aic/.pixi/envs/default/share/rosidl_generator_c/cmake)
[1.952s] -- Found rosidl_generator_cpp: 4.9.6 (/home/daniel-mooney/Documents/Projects/Intrinsic/ws_aic/src/aic/.pixi/envs/default/share/rosidl_generator_cpp/cmake)
[2.017s] -- Using all available rosidl_typesupport_c: rosidl_typesupport_fastrtps_c;rosidl_typesupport_introspection_c
[2.086s] -- Using all available rosidl_typesupport_cpp: rosidl_typesupport_fastrtps_cpp;rosidl_typesupport_introspection_cpp
[2.155s] -- Found rosidl_default_generators: 1.7.1 (/home/daniel-mooney/Documents/Projects/Intrinsic/ws_aic/src/aic/.pixi/envs/default/share/rosidl_default_generators/cmake)
[2.217s] -- Found rosidl_adapter: 4.9.6 (/home/daniel-mooney/Documents/Projects/Intrinsic/ws_aic/src/aic/.pixi/envs/default/share/rosidl_adapter/cmake)
[2.231s] -- Found std_msgs: 5.5.1 (/home/daniel-mooney/Documents/Projects/Intrinsic/ws_aic/src/aic/.pixi/envs/default/share/std_msgs/cmake)
[3.675s] -- Found ament_cmake_cppcheck: 0.19.2 (/home/daniel-mooney/Documents/Projects/Intrinsic/ws_aic/src/aic/.pixi/envs/default/share/ament_cmake_cppcheck/cmake)
[3.685s] -- Found ament_cmake_cpplint: 0.19.2 (/home/daniel-mooney/Documents/Projects/Intrinsic/ws_aic/src/aic/.pixi/envs/default/share/ament_cmake_cpplint/cmake)
[3.695s] -- Found ament_cmake_uncrustify: 0.19.2 (/home/daniel-mooney/Documents/Projects/Intrinsic/ws_aic/src/aic/.pixi/envs/default/share/ament_cmake_uncrustify/cmake)
[3.706s] -- Found ament_cmake_ros_core: 0.14.7 (/home/daniel-mooney/Documents/Projects/Intrinsic/ws_aic/src/aic/.pixi/envs/default/share/ament_cmake_ros_core/cmake)
[5.322s] -- Using all available rosidl_typesupport_c: rosidl_typesupport_fastrtps_c;rosidl_typesupport_introspection_c
[5.963s] -- Using all available rosidl_typesupport_cpp: rosidl_typesupport_fastrtps_cpp;rosidl_typesupport_introspection_cpp
[6.984s] -- Found Python3: /home/daniel-mooney/Documents/Projects/Intrinsic/ws_aic/src/aic/.pixi/envs/default/bin/python3 (found version "3.12.12") found components: Interpreter Development NumPy Development.Module Development.Embed
[7.112s] -- Found ament_cmake_flake8: 0.19.2 (/home/daniel-mooney/Documents/Projects/Intrinsic/ws_aic/src/aic/.pixi/envs/default/share/ament_cmake_flake8/cmake)
[7.122s] -- Found ament_cmake_pep257: 0.19.2 (/home/daniel-mooney/Documents/Projects/Intrinsic/ws_aic/src/aic/.pixi/envs/default/share/ament_cmake_pep257/cmake)
[7.137s] -- Configuring done (6.8s)
[7.220s] -- Generating done (0.1s)
[7.239s] -- Build files have been written to: /home/daniel-mooney/Documents/Projects/Intrinsic/ws_aic/src/aic/build/aic_engine_interfaces
[7.251s] Invoked command in '/home/daniel-mooney/Documents/Projects/Intrinsic/ws_aic/src/aic/build/aic_engine_interfaces' returned '0': CMAKE_PREFIX_PATH=${CMAKE_PREFIX_PATH}:/home/daniel-mooney/Documents/Projects/Intrinsic/ws_aic/src/aic/.pixi/envs/default PIXI_PROMPT=(aic) PS1=\[[1;36m\].../aic\[[0m\] on \[[1;35m\] dev\[[0m\] \[[1;31m\][!?⇡]\[[0m\] via \[[1;33m\]🧚 v0.65.0 (default) \[[2;31m\]⬢ [Docker]\[[0m\] \[[1;32m\]❯\[[0m\] XAUTHLOCALHOSTNAME= /home/daniel-mooney/Documents/Projects/Intrinsic/ws_aic/src/aic/.pixi/envs/default/bin/cmake /home/daniel-mooney/Documents/Projects/Intrinsic/ws_aic/src/aic/aic_interfaces/aic_engine_interfaces -DCMAKE_INSTALL_PREFIX=/home/daniel-mooney/Documents/Projects/Intrinsic/ws_aic/src/aic/install/aic_engine_interfaces
[7.253s] Invoking command in '/home/daniel-mooney/Documents/Projects/Intrinsic/ws_aic/src/aic/build/aic_engine_interfaces': CMAKE_PREFIX_PATH=${CMAKE_PREFIX_PATH}:/home/daniel-mooney/Documents/Projects/Intrinsic/ws_aic/src/aic/.pixi/envs/default PIXI_PROMPT=(aic) PS1=\[[1;36m\].../aic\[[0m\] on \[[1;35m\] dev\[[0m\] \[[1;31m\][!?⇡]\[[0m\] via \[[1;33m\]🧚 v0.65.0 (default) \[[2;31m\]⬢ [Docker]\[[0m\] \[[1;32m\]❯\[[0m\] XAUTHLOCALHOSTNAME= /home/daniel-mooney/Documents/Projects/Intrinsic/ws_aic/src/aic/.pixi/envs/default/bin/cmake --build /home/daniel-mooney/Documents/Projects/Intrinsic/ws_aic/src/aic/build/aic_engine_interfaces -- -j20 -l20
[7.592s] [  2%] [1m[34mGenerating type hashes for ROS interfaces[0m
[7.598s] [  2%] Built target ament_cmake_python_copy_aic_engine_interfaces
[7.983s] [  2%] Built target aic_engine_interfaces__rosidl_generator_type_description
[7.996s] [  5%] [1m[34mGenerating C code for ROS interfaces[0m
[8.008s] [  8%] [1m[34mGenerating C++ code for ROS interfaces[0m
[8.057s] running egg_info
[8.092s] creating aic_engine_interfaces.egg-info
[8.093s] writing aic_engine_interfaces.egg-info/PKG-INFO
[8.093s] writing dependency_links to aic_engine_interfaces.egg-info/dependency_links.txt
[8.094s] writing top-level names to aic_engine_interfaces.egg-info/top_level.txt
[8.094s] writing manifest file 'aic_engine_interfaces.egg-info/SOURCES.txt'
[8.229s] reading manifest file 'aic_engine_interfaces.egg-info/SOURCES.txt'
[8.231s] writing manifest file 'aic_engine_interfaces.egg-info/SOURCES.txt'
[8.289s] [  8%] Built target ament_cmake_python_build_aic_engine_interfaces_egg
[8.495s] [  8%] Built target aic_engine_interfaces__cpp
[8.552s] [ 11%] [32mBuilding C object CMakeFiles/aic_engine_interfaces__rosidl_generator_c.dir/rosidl_generator_c/aic_engine_interfaces/srv/detail/reset_joints__description.c.o[0m
[8.553s] [ 14%] [32mBuilding C object CMakeFiles/aic_engine_interfaces__rosidl_generator_c.dir/rosidl_generator_c/aic_engine_interfaces/srv/detail/reset_joints__functions.c.o[0m
[8.554s] [ 17%] [32mBuilding C object CMakeFiles/aic_engine_interfaces__rosidl_generator_c.dir/rosidl_generator_c/aic_engine_interfaces/srv/detail/reset_joints__type_support.c.o[0m
[8.709s] [ 20%] [1m[32mLinking C shared library libaic_engine_interfaces__rosidl_generator_c.so[0m
[8.774s] [ 20%] Built target aic_engine_interfaces__rosidl_generator_c
[8.787s] [ 23%] [1m[34mGenerating C++ type support for eProsima Fast-RTPS[0m
[8.787s] [ 26%] [1m[34mGenerating C introspection for ROS interfaces[0m
[8.788s] [ 32%] [1m[34mGenerating C++ type support dispatch for ROS interfaces[0m
[8.788s] [ 32%] [1m[34mGenerating C type support dispatch for ROS interfaces[0m
[8.788s] [ 35%] [1m[34mGenerating C++ introspection for ROS interfaces[0m
[8.789s] [ 38%] [1m[34mGenerating C type support for eProsima Fast-RTPS[0m
[9.258s] [ 41%] [32mBuilding CXX object CMakeFiles/aic_engine_interfaces__rosidl_typesupport_c.dir/rosidl_typesupport_c/aic_engine_interfaces/srv/reset_joints__type_support.cpp.o[0m
[9.281s] [ 44%] [32mBuilding CXX object CMakeFiles/aic_engine_interfaces__rosidl_typesupport_introspection_cpp.dir/rosidl_typesupport_introspection_cpp/aic_engine_interfaces/srv/detail/reset_joints__type_support.cpp.o[0m
[9.353s] [ 47%] [32mBuilding CXX object CMakeFiles/aic_engine_interfaces__rosidl_typesupport_cpp.dir/rosidl_typesupport_cpp/aic_engine_interfaces/srv/reset_joints__type_support.cpp.o[0m
[9.353s] [ 50%] [1m[32mLinking CXX shared library libaic_engine_interfaces__rosidl_typesupport_c.so[0m
[9.423s] [ 50%] Built target aic_engine_interfaces__rosidl_typesupport_c
[9.431s] [ 52%] [32mBuilding CXX object CMakeFiles/aic_engine_interfaces__rosidl_typesupport_fastrtps_c.dir/rosidl_typesupport_fastrtps_c/aic_engine_interfaces/srv/detail/reset_joints__type_support_c.cpp.o[0m
[9.436s] [ 55%] [32mBuilding C object CMakeFiles/aic_engine_interfaces__rosidl_typesupport_introspection_c.dir/rosidl_typesupport_introspection_c/aic_engine_interfaces/srv/detail/reset_joints__type_support.c.o[0m
[9.441s] [ 58%] [32mBuilding CXX object CMakeFiles/aic_engine_interfaces__rosidl_typesupport_fastrtps_cpp.dir/rosidl_typesupport_fastrtps_cpp/aic_engine_interfaces/srv/detail/dds_fastrtps/reset_joints__type_support.cpp.o[0m
[9.573s] [ 61%] [1m[32mLinking C shared library libaic_engine_interfaces__rosidl_typesupport_introspection_c.so[0m
[9.638s] [ 61%] Built target aic_engine_interfaces__rosidl_typesupport_introspection_c
[10.293s] [ 64%] [1m[32mLinking CXX shared library libaic_engine_interfaces__rosidl_typesupport_cpp.so[0m
[10.430s] [ 64%] Built target aic_engine_interfaces__rosidl_typesupport_cpp
[10.463s] [ 67%] [1m[32mLinking CXX shared library libaic_engine_interfaces__rosidl_typesupport_introspection_cpp.so[0m
[10.621s] [ 67%] Built target aic_engine_interfaces__rosidl_typesupport_introspection_cpp
[11.083s] [ 70%] [1m[32mLinking CXX shared library libaic_engine_interfaces__rosidl_typesupport_fastrtps_c.so[0m
[11.321s] [ 70%] Built target aic_engine_interfaces__rosidl_typesupport_fastrtps_c
[11.726s] [ 73%] [1m[32mLinking CXX shared library libaic_engine_interfaces__rosidl_typesupport_fastrtps_cpp.so[0m
[11.867s] [ 73%] Built target aic_engine_interfaces__rosidl_typesupport_fastrtps_cpp
[11.887s] [ 73%] Built target aic_engine_interfaces
[11.907s] [ 76%] [1m[34mGenerating Python code for ROS interfaces[0m
[12.604s] [ 76%] Built target aic_engine_interfaces__py
[12.629s] [ 79%] [32mBuilding C object CMakeFiles/aic_engine_interfaces__rosidl_generator_py.dir/rosidl_generator_py/aic_engine_interfaces/srv/_reset_joints_s.c.o[0m
[13.573s] [ 82%] [1m[32mLinking C shared library libaic_engine_interfaces__rosidl_generator_py.so[0m
[13.810s] [ 82%] Built target aic_engine_interfaces__rosidl_generator_py
[13.871s] [ 85%] [32mBuilding C object CMakeFiles/aic_engine_interfaces_s__rosidl_typesupport_introspection_c.dir/rosidl_generator_py/aic_engine_interfaces/_aic_engine_interfaces_s.ep.rosidl_typesupport_introspection_c.c.o[0m
[13.871s] [ 88%] [32mBuilding C object CMakeFiles/aic_engine_interfaces_s__rosidl_typesupport_c.dir/rosidl_generator_py/aic_engine_interfaces/_aic_engine_interfaces_s.ep.rosidl_typesupport_c.c.o[0m
[13.883s] [ 91%] [32mBuilding C object CMakeFiles/aic_engine_interfaces_s__rosidl_typesupport_fastrtps_c.dir/rosidl_generator_py/aic_engine_interfaces/_aic_engine_interfaces_s.ep.rosidl_typesupport_fastrtps_c.c.o[0m
[14.311s] [ 94%] [1m[32mLinking C shared module rosidl_generator_py/aic_engine_interfaces/aic_engine_interfaces_s__rosidl_typesupport_c.so[0m
[14.431s] [ 94%] Built target aic_engine_interfaces_s__rosidl_typesupport_c
[14.492s] [ 97%] [1m[32mLinking C shared module rosidl_generator_py/aic_engine_interfaces/aic_engine_interfaces_s__rosidl_typesupport_introspection_c.so[0m
[14.517s] [100%] [1m[32mLinking C shared module rosidl_generator_py/aic_engine_interfaces/aic_engine_interfaces_s__rosidl_typesupport_fastrtps_c.so[0m
[14.613s] [100%] Built target aic_engine_interfaces_s__rosidl_typesupport_introspection_c
[14.621s] [100%] Built target aic_engine_interfaces_s__rosidl_typesupport_fastrtps_c
[14.642s] Invoked command in '/home/daniel-mooney/Documents/Projects/Intrinsic/ws_aic/src/aic/build/aic_engine_interfaces' returned '0': CMAKE_PREFIX_PATH=${CMAKE_PREFIX_PATH}:/home/daniel-mooney/Documents/Projects/Intrinsic/ws_aic/src/aic/.pixi/envs/default PIXI_PROMPT=(aic) PS1=\[[1;36m\].../aic\[[0m\] on \[[1;35m\] dev\[[0m\] \[[1;31m\][!?⇡]\[[0m\] via \[[1;33m\]🧚 v0.65.0 (default) \[[2;31m\]⬢ [Docker]\[[0m\] \[[1;32m\]❯\[[0m\] XAUTHLOCALHOSTNAME= /home/daniel-mooney/Documents/Projects/Intrinsic/ws_aic/src/aic/.pixi/envs/default/bin/cmake --build /home/daniel-mooney/Documents/Projects/Intrinsic/ws_aic/src/aic/build/aic_engine_interfaces -- -j20 -l20
[14.646s] Invoking command in '/home/daniel-mooney/Documents/Projects/Intrinsic/ws_aic/src/aic/build/aic_engine_interfaces': CMAKE_PREFIX_PATH=${CMAKE_PREFIX_PATH}:/home/daniel-mooney/Documents/Projects/Intrinsic/ws_aic/src/aic/.pixi/envs/default PIXI_PROMPT=(aic) PS1=\[[1;36m\].../aic\[[0m\] on \[[1;35m\] dev\[[0m\] \[[1;31m\][!?⇡]\[[0m\] via \[[1;33m\]🧚 v0.65.0 (default) \[[2;31m\]⬢ [Docker]\[[0m\] \[[1;32m\]❯\[[0m\] XAUTHLOCALHOSTNAME= /home/daniel-mooney/Documents/Projects/Intrinsic/ws_aic/src/aic/.pixi/envs/default/bin/cmake --install /home/daniel-mooney/Documents/Projects/Intrinsic/ws_aic/src/aic/build/aic_engine_interfaces
[15.021s] -- Install configuration: ""
[15.022s] -- Installing: /home/daniel-mooney/Documents/Projects/Intrinsic/ws_aic/src/aic/install/aic_engine_interfaces/share/ament_index/resource_index/rosidl_interfaces/aic_engine_interfaces
[15.022s] -- Installing: /home/daniel-mooney/Documents/Projects/Intrinsic/ws_aic/src/aic/install/aic_engine_interfaces/share/aic_engine_interfaces/srv/ResetJoints.json
[15.023s] -- Installing: /home/daniel-mooney/Documents/Projects/Intrinsic/ws_aic/src/aic/install/aic_engine_interfaces/include/aic_engine_interfaces/aic_engine_interfaces
[15.023s] -- Installing: /home/daniel-mooney/Documents/Projects/Intrinsic/ws_aic/src/aic/install/aic_engine_interfaces/include/aic_engine_interfaces/aic_engine_interfaces/srv
[15.024s] -- Installing: /home/daniel-mooney/Documents/Projects/Intrinsic/ws_aic/src/aic/install/aic_engine_interfaces/include/aic_engine_interfaces/aic_engine_interfaces/srv/reset_joints.h
[15.024s] -- Installing: /home/daniel-mooney/Documents/Projects/Intrinsic/ws_aic/src/aic/install/aic_engine_interfaces/include/aic_engine_interfaces/aic_engine_interfaces/srv/detail
[15.024s] -- Installing: /home/daniel-mooney/Documents/Projects/Intrinsic/ws_aic/src/aic/install/aic_engine_interfaces/include/aic_engine_interfaces/aic_engine_interfaces/srv/detail/reset_joints__type_support.c
[15.024s] -- Installing: /home/daniel-mooney/Documents/Projects/Intrinsic/ws_aic/src/aic/install/aic_engine_interfaces/include/aic_engine_interfaces/aic_engine_interfaces/srv/detail/reset_joints__type_support.h
[15.025s] -- Installing: /home/daniel-mooney/Documents/Projects/Intrinsic/ws_aic/src/aic/install/aic_engine_interfaces/include/aic_engine_interfaces/aic_engine_interfaces/srv/detail/reset_joints__functions.c
[15.025s] -- Installing: /home/daniel-mooney/Documents/Projects/Intrinsic/ws_aic/src/aic/install/aic_engine_interfaces/include/aic_engine_interfaces/aic_engine_interfaces/srv/detail/reset_joints__struct.h
[15.025s] -- Installing: /home/daniel-mooney/Documents/Projects/Intrinsic/ws_aic/src/aic/install/aic_engine_interfaces/include/aic_engine_interfaces/aic_engine_interfaces/srv/detail/reset_joints__description.c
[15.026s] -- Installing: /home/daniel-mooney/Documents/Projects/Intrinsic/ws_aic/src/aic/install/aic_engine_interfaces/include/aic_engine_interfaces/aic_engine_interfaces/srv/detail/reset_joints__functions.h
[15.026s] -- Installing: /home/daniel-mooney/Documents/Projects/Intrinsic/ws_aic/src/aic/install/aic_engine_interfaces/include/aic_engine_interfaces/aic_engine_interfaces/msg
[15.027s] -- Installing: /home/daniel-mooney/Documents/Projects/Intrinsic/ws_aic/src/aic/install/aic_engine_interfaces/include/aic_engine_interfaces/aic_engine_interfaces/msg/rosidl_generator_c__visibility_control.h
[15.027s] -- Installing: /home/daniel-mooney/Documents/Projects/Intrinsic/ws_aic/src/aic/install/aic_engine_interfaces/share/aic_engine_interfaces/environment/library_path.sh
[15.028s] -- Installing: /home/daniel-mooney/Documents/Projects/Intrinsic/ws_aic/src/aic/install/aic_engine_interfaces/share/aic_engine_interfaces/environment/library_path.dsv
[15.028s] -- Installing: /home/daniel-mooney/Documents/Projects/Intrinsic/ws_aic/src/aic/install/aic_engine_interfaces/lib/libaic_engine_interfaces__rosidl_generator_c.so
[15.028s] -- Set non-toolchain portion of runtime path of "/home/daniel-mooney/Documents/Projects/Intrinsic/ws_aic/src/aic/install/aic_engine_interfaces/lib/libaic_engine_interfaces__rosidl_generator_c.so" to ""
[15.029s] -- Up-to-date: /home/daniel-mooney/Documents/Projects/Intrinsic/ws_aic/src/aic/install/aic_engine_interfaces/include/aic_engine_interfaces/aic_engine_interfaces
[15.029s] -- Up-to-date: /home/daniel-mooney/Documents/Projects/Intrinsic/ws_aic/src/aic/install/aic_engine_interfaces/include/aic_engine_interfaces/aic_engine_interfaces/srv
[15.029s] -- Up-to-date: /home/daniel-mooney/Documents/Projects/Intrinsic/ws_aic/src/aic/install/aic_engine_interfaces/include/aic_engine_interfaces/aic_engine_interfaces/srv/detail
[15.030s] -- Installing: /home/daniel-mooney/Documents/Projects/Intrinsic/ws_aic/src/aic/install/aic_engine_interfaces/include/aic_engine_interfaces/aic_engine_interfaces/srv/detail/reset_joints__rosidl_typesupport_fastrtps_c.h
[15.030s] -- Up-to-date: /home/daniel-mooney/Documents/Projects/Intrinsic/ws_aic/src/aic/install/aic_engine_interfaces/include/aic_engine_interfaces/aic_engine_interfaces/msg
[15.031s] -- Installing: /home/daniel-mooney/Documents/Projects/Intrinsic/ws_aic/src/aic/install/aic_engine_interfaces/include/aic_engine_interfaces/aic_engine_interfaces/msg/rosidl_typesupport_fastrtps_c__visibility_control.h
[15.031s] -- Installing: /home/daniel-mooney/Documents/Projects/Intrinsic/ws_aic/src/aic/install/aic_engine_interfaces/lib/libaic_engine_interfaces__rosidl_typesupport_fastrtps_c.so
[15.031s] -- Set non-toolchain portion of runtime path of "/home/daniel-mooney/Documents/Projects/Intrinsic/ws_aic/src/aic/install/aic_engine_interfaces/lib/libaic_engine_interfaces__rosidl_typesupport_fastrtps_c.so" to ""
[15.031s] -- Up-to-date: /home/daniel-mooney/Documents/Projects/Intrinsic/ws_aic/src/aic/install/aic_engine_interfaces/include/aic_engine_interfaces/aic_engine_interfaces
[15.032s] -- Up-to-date: /home/daniel-mooney/Documents/Projects/Intrinsic/ws_aic/src/aic/install/aic_engine_interfaces/include/aic_engine_interfaces/aic_engine_interfaces/srv
[15.032s] -- Up-to-date: /home/daniel-mooney/Documents/Projects/Intrinsic/ws_aic/src/aic/install/aic_engine_interfaces/include/aic_engine_interfaces/aic_engine_interfaces/srv/detail
[15.033s] -- Installing: /home/daniel-mooney/Documents/Projects/Intrinsic/ws_aic/src/aic/install/aic_engine_interfaces/include/aic_engine_interfaces/aic_engine_interfaces/srv/detail/reset_joints__traits.hpp
[15.033s] -- Installing: /home/daniel-mooney/Documents/Projects/Intrinsic/ws_aic/src/aic/install/aic_engine_interfaces/include/aic_engine_interfaces/aic_engine_interfaces/srv/detail/reset_joints__type_support.hpp
[15.034s] -- Installing: /home/daniel-mooney/Documents/Projects/Intrinsic/ws_aic/src/aic/install/aic_engine_interfaces/include/aic_engine_interfaces/aic_engine_interfaces/srv/detail/reset_joints__struct.hpp
[15.034s] -- Installing: /home/daniel-mooney/Documents/Projects/Intrinsic/ws_aic/src/aic/install/aic_engine_interfaces/include/aic_engine_interfaces/aic_engine_interfaces/srv/detail/reset_joints__builder.hpp
[15.034s] -- Installing: /home/daniel-mooney/Documents/Projects/Intrinsic/ws_aic/src/aic/install/aic_engine_interfaces/include/aic_engine_interfaces/aic_engine_interfaces/srv/reset_joints.hpp
[15.035s] -- Up-to-date: /home/daniel-mooney/Documents/Projects/Intrinsic/ws_aic/src/aic/install/aic_engine_interfaces/include/aic_engine_interfaces/aic_engine_interfaces/msg
[15.035s] -- Installing: /home/daniel-mooney/Documents/Projects/Intrinsic/ws_aic/src/aic/install/aic_engine_interfaces/include/aic_engine_interfaces/aic_engine_interfaces/msg/rosidl_generator_cpp__visibility_control.hpp
[15.035s] -- Up-to-date: /home/daniel-mooney/Documents/Projects/Intrinsic/ws_aic/src/aic/install/aic_engine_interfaces/include/aic_engine_interfaces/aic_engine_interfaces
[15.035s] -- Up-to-date: /home/daniel-mooney/Documents/Projects/Intrinsic/ws_aic/src/aic/install/aic_engine_interfaces/include/aic_engine_interfaces/aic_engine_interfaces/srv
[15.036s] -- Up-to-date: /home/daniel-mooney/Documents/Projects/Intrinsic/ws_aic/src/aic/install/aic_engine_interfaces/include/aic_engine_interfaces/aic_engine_interfaces/srv/detail
[15.036s] -- Installing: /home/daniel-mooney/Documents/Projects/Intrinsic/ws_aic/src/aic/install/aic_engine_interfaces/include/aic_engine_interfaces/aic_engine_interfaces/srv/detail/reset_joints__rosidl_typesupport_fastrtps_cpp.hpp
[15.036s] -- Installing: /home/daniel-mooney/Documents/Projects/Intrinsic/ws_aic/src/aic/install/aic_engine_interfaces/include/aic_engine_interfaces/aic_engine_interfaces/srv/detail/dds_fastrtps
[15.036s] -- Up-to-date: /home/daniel-mooney/Documents/Projects/Intrinsic/ws_aic/src/aic/install/aic_engine_interfaces/include/aic_engine_interfaces/aic_engine_interfaces/msg
[15.036s] -- Installing: /home/daniel-mooney/Documents/Projects/Intrinsic/ws_aic/src/aic/install/aic_engine_interfaces/include/aic_engine_interfaces/aic_engine_interfaces/msg/rosidl_typesupport_fastrtps_cpp__visibility_control.h
[15.037s] -- Installing: /home/daniel-mooney/Documents/Projects/Intrinsic/ws_aic/src/aic/install/aic_engine_interfaces/lib/libaic_engine_interfaces__rosidl_typesupport_fastrtps_cpp.so
[15.037s] -- Set non-toolchain portion of runtime path of "/home/daniel-mooney/Documents/Projects/Intrinsic/ws_aic/src/aic/install/aic_engine_interfaces/lib/libaic_engine_interfaces__rosidl_typesupport_fastrtps_cpp.so" to ""
[15.037s] -- Up-to-date: /home/daniel-mooney/Documents/Projects/Intrinsic/ws_aic/src/aic/install/aic_engine_interfaces/include/aic_engine_interfaces/aic_engine_interfaces
[15.037s] -- Up-to-date: /home/daniel-mooney/Documents/Projects/Intrinsic/ws_aic/src/aic/install/aic_engine_interfaces/include/aic_engine_interfaces/aic_engine_interfaces/srv
[15.038s] -- Up-to-date: /home/daniel-mooney/Documents/Projects/Intrinsic/ws_aic/src/aic/install/aic_engine_interfaces/include/aic_engine_interfaces/aic_engine_interfaces/srv/detail
[15.038s] -- Installing: /home/daniel-mooney/Documents/Projects/Intrinsic/ws_aic/src/aic/install/aic_engine_interfaces/include/aic_engine_interfaces/aic_engine_interfaces/srv/detail/reset_joints__type_support.c
[15.038s] -- Installing: /home/daniel-mooney/Documents/Projects/Intrinsic/ws_aic/src/aic/install/aic_engine_interfaces/include/aic_engine_interfaces/aic_engine_interfaces/srv/detail/reset_joints__rosidl_typesupport_introspection_c.h
[15.038s] -- Up-to-date: /home/daniel-mooney/Documents/Projects/Intrinsic/ws_aic/src/aic/install/aic_engine_interfaces/include/aic_engine_interfaces/aic_engine_interfaces/msg
[15.038s] -- Installing: /home/daniel-mooney/Documents/Projects/Intrinsic/ws_aic/src/aic/install/aic_engine_interfaces/include/aic_engine_interfaces/aic_engine_interfaces/msg/rosidl_typesupport_introspection_c__visibility_control.h
[15.039s] -- Installing: /home/daniel-mooney/Documents/Projects/Intrinsic/ws_aic/src/aic/install/aic_engine_interfaces/lib/libaic_engine_interfaces__rosidl_typesupport_introspection_c.so
[15.039s] -- Set non-toolchain portion of runtime path of "/home/daniel-mooney/Documents/Projects/Intrinsic/ws_aic/src/aic/install/aic_engine_interfaces/lib/libaic_engine_interfaces__rosidl_typesupport_introspection_c.so" to ""
[15.039s] -- Installing: /home/daniel-mooney/Documents/Projects/Intrinsic/ws_aic/src/aic/install/aic_engine_interfaces/lib/libaic_engine_interfaces__rosidl_typesupport_c.so
[15.039s] -- Set non-toolchain portion of runtime path of "/home/daniel-mooney/Documents/Projects/Intrinsic/ws_aic/src/aic/install/aic_engine_interfaces/lib/libaic_engine_interfaces__rosidl_typesupport_c.so" to ""
[15.040s] -- Up-to-date: /home/daniel-mooney/Documents/Projects/Intrinsic/ws_aic/src/aic/install/aic_engine_interfaces/include/aic_engine_interfaces/aic_engine_interfaces
[15.040s] -- Up-to-date: /home/daniel-mooney/Documents/Projects/Intrinsic/ws_aic/src/aic/install/aic_engine_interfaces/include/aic_engine_interfaces/aic_engine_interfaces/srv
[15.040s] -- Up-to-date: /home/daniel-mooney/Documents/Projects/Intrinsic/ws_aic/src/aic/install/aic_engine_interfaces/include/aic_engine_interfaces/aic_engine_interfaces/srv/detail
[15.040s] -- Installing: /home/daniel-mooney/Documents/Projects/Intrinsic/ws_aic/src/aic/install/aic_engine_interfaces/include/aic_engine_interfaces/aic_engine_interfaces/srv/detail/reset_joints__rosidl_typesupport_introspection_cpp.hpp
[15.041s] -- Installing: /home/daniel-mooney/Documents/Projects/Intrinsic/ws_aic/src/aic/install/aic_engine_interfaces/include/aic_engine_interfaces/aic_engine_interfaces/srv/detail/reset_joints__type_support.cpp
[15.041s] -- Installing: /home/daniel-mooney/Documents/Projects/Intrinsic/ws_aic/src/aic/install/aic_engine_interfaces/lib/libaic_engine_interfaces__rosidl_typesupport_introspection_cpp.so
[15.041s] -- Set non-toolchain portion of runtime path of "/home/daniel-mooney/Documents/Projects/Intrinsic/ws_aic/src/aic/install/aic_engine_interfaces/lib/libaic_engine_interfaces__rosidl_typesupport_introspection_cpp.so" to ""
[15.041s] -- Installing: /home/daniel-mooney/Documents/Projects/Intrinsic/ws_aic/src/aic/install/aic_engine_interfaces/lib/libaic_engine_interfaces__rosidl_typesupport_cpp.so
[15.041s] -- Set non-toolchain portion of runtime path of "/home/daniel-mooney/Documents/Projects/Intrinsic/ws_aic/src/aic/install/aic_engine_interfaces/lib/libaic_engine_interfaces__rosidl_typesupport_cpp.so" to ""
[15.042s] -- Installing: /home/daniel-mooney/Documents/Projects/Intrinsic/ws_aic/src/aic/install/aic_engine_interfaces/share/aic_engine_interfaces/environment/pythonpath.sh
[15.042s] -- Installing: /home/daniel-mooney/Documents/Projects/Intrinsic/ws_aic/src/aic/install/aic_engine_interfaces/share/aic_engine_interfaces/environment/pythonpath.dsv
[15.042s] -- Installing: /home/daniel-mooney/Documents/Projects/Intrinsic/ws_aic/src/aic/install/aic_engine_interfaces/lib/python3.12/site-packages/aic_engine_interfaces-0.0.1-py3.12.egg-info
[15.042s] -- Installing: /home/daniel-mooney/Documents/Projects/Intrinsic/ws_aic/src/aic/install/aic_engine_interfaces/lib/python3.12/site-packages/aic_engine_interfaces-0.0.1-py3.12.egg-info/dependency_links.txt
[15.042s] -- Installing: /home/daniel-mooney/Documents/Projects/Intrinsic/ws_aic/src/aic/install/aic_engine_interfaces/lib/python3.12/site-packages/aic_engine_interfaces-0.0.1-py3.12.egg-info/SOURCES.txt
[15.043s] -- Installing: /home/daniel-mooney/Documents/Projects/Intrinsic/ws_aic/src/aic/install/aic_engine_interfaces/lib/python3.12/site-packages/aic_engine_interfaces-0.0.1-py3.12.egg-info/PKG-INFO
[15.043s] -- Installing: /home/daniel-mooney/Documents/Projects/Intrinsic/ws_aic/src/aic/install/aic_engine_interfaces/lib/python3.12/site-packages/aic_engine_interfaces-0.0.1-py3.12.egg-info/top_level.txt
[15.043s] -- Installing: /home/daniel-mooney/Documents/Projects/Intrinsic/ws_aic/src/aic/install/aic_engine_interfaces/lib/python3.12/site-packages/aic_engine_interfaces
[15.043s] -- Installing: /home/daniel-mooney/Documents/Projects/Intrinsic/ws_aic/src/aic/install/aic_engine_interfaces/lib/python3.12/site-packages/aic_engine_interfaces/__init__.py
[15.044s] -- Installing: /home/daniel-mooney/Documents/Projects/Intrinsic/ws_aic/src/aic/install/aic_engine_interfaces/lib/python3.12/site-packages/aic_engine_interfaces/aic_engine_interfaces_s__rosidl_typesupport_introspection_c.so
[15.044s] -- Installing: /home/daniel-mooney/Documents/Projects/Intrinsic/ws_aic/src/aic/install/aic_engine_interfaces/lib/python3.12/site-packages/aic_engine_interfaces/_aic_engine_interfaces_s.ep.rosidl_typesupport_c.c
[15.044s] -- Installing: /home/daniel-mooney/Documents/Projects/Intrinsic/ws_aic/src/aic/install/aic_engine_interfaces/lib/python3.12/site-packages/aic_engine_interfaces/aic_engine_interfaces_s__rosidl_typesupport_c.so
[15.044s] -- Installing: /home/daniel-mooney/Documents/Projects/Intrinsic/ws_aic/src/aic/install/aic_engine_interfaces/lib/python3.12/site-packages/aic_engine_interfaces/srv
[15.044s] -- Installing: /home/daniel-mooney/Documents/Projects/Intrinsic/ws_aic/src/aic/install/aic_engine_interfaces/lib/python3.12/site-packages/aic_engine_interfaces/srv/__init__.py
[15.045s] -- Installing: /home/daniel-mooney/Documents/Projects/Intrinsic/ws_aic/src/aic/install/aic_engine_interfaces/lib/python3.12/site-packages/aic_engine_interfaces/srv/_reset_joints.py
[15.045s] -- Installing: /home/daniel-mooney/Documents/Projects/Intrinsic/ws_aic/src/aic/install/aic_engine_interfaces/lib/python3.12/site-packages/aic_engine_interfaces/srv/_reset_joints_s.c
[15.045s] -- Installing: /home/daniel-mooney/Documents/Projects/Intrinsic/ws_aic/src/aic/install/aic_engine_interfaces/lib/python3.12/site-packages/aic_engine_interfaces/_aic_engine_interfaces_s.ep.rosidl_typesupport_introspection_c.c
[15.045s] -- Installing: /home/daniel-mooney/Documents/Projects/Intrinsic/ws_aic/src/aic/install/aic_engine_interfaces/lib/python3.12/site-packages/aic_engine_interfaces/_aic_engine_interfaces_s.ep.rosidl_typesupport_fastrtps_c.c
[15.045s] -- Installing: /home/daniel-mooney/Documents/Projects/Intrinsic/ws_aic/src/aic/install/aic_engine_interfaces/lib/python3.12/site-packages/aic_engine_interfaces/aic_engine_interfaces_s__rosidl_typesupport_fastrtps_c.so
[15.149s] Listing '/home/daniel-mooney/Documents/Projects/Intrinsic/ws_aic/src/aic/install/aic_engine_interfaces/lib/python3.12/site-packages/aic_engine_interfaces'...
[15.150s] Compiling '/home/daniel-mooney/Documents/Projects/Intrinsic/ws_aic/src/aic/install/aic_engine_interfaces/lib/python3.12/site-packages/aic_engine_interfaces/__init__.py'...
[15.150s] Listing '/home/daniel-mooney/Documents/Projects/Intrinsic/ws_aic/src/aic/install/aic_engine_interfaces/lib/python3.12/site-packages/aic_engine_interfaces/srv'...
[15.151s] Compiling '/home/daniel-mooney/Documents/Projects/Intrinsic/ws_aic/src/aic/install/aic_engine_interfaces/lib/python3.12/site-packages/aic_engine_interfaces/srv/__init__.py'...
[15.151s] Compiling '/home/daniel-mooney/Documents/Projects/Intrinsic/ws_aic/src/aic/install/aic_engine_interfaces/lib/python3.12/site-packages/aic_engine_interfaces/srv/_reset_joints.py'...
[15.165s] -- Installing: /home/daniel-mooney/Documents/Projects/Intrinsic/ws_aic/src/aic/install/aic_engine_interfaces/lib/python3.12/site-packages/aic_engine_interfaces/aic_engine_interfaces_s__rosidl_typesupport_fastrtps_c.so
[15.166s] -- Set non-toolchain portion of runtime path of "/home/daniel-mooney/Documents/Projects/Intrinsic/ws_aic/src/aic/install/aic_engine_interfaces/lib/python3.12/site-packages/aic_engine_interfaces/aic_engine_interfaces_s__rosidl_typesupport_fastrtps_c.so" to ""
[15.167s] -- Installing: /home/daniel-mooney/Documents/Projects/Intrinsic/ws_aic/src/aic/install/aic_engine_interfaces/lib/python3.12/site-packages/aic_engine_interfaces/aic_engine_interfaces_s__rosidl_typesupport_introspection_c.so
[15.168s] -- Set non-toolchain portion of runtime path of "/home/daniel-mooney/Documents/Projects/Intrinsic/ws_aic/src/aic/install/aic_engine_interfaces/lib/python3.12/site-packages/aic_engine_interfaces/aic_engine_interfaces_s__rosidl_typesupport_introspection_c.so" to ""
[15.168s] -- Installing: /home/daniel-mooney/Documents/Projects/Intrinsic/ws_aic/src/aic/install/aic_engine_interfaces/lib/python3.12/site-packages/aic_engine_interfaces/aic_engine_interfaces_s__rosidl_typesupport_c.so
[15.169s] -- Set non-toolchain portion of runtime path of "/home/daniel-mooney/Documents/Projects/Intrinsic/ws_aic/src/aic/install/aic_engine_interfaces/lib/python3.12/site-packages/aic_engine_interfaces/aic_engine_interfaces_s__rosidl_typesupport_c.so" to ""
[15.169s] -- Installing: /home/daniel-mooney/Documents/Projects/Intrinsic/ws_aic/src/aic/install/aic_engine_interfaces/lib/libaic_engine_interfaces__rosidl_generator_py.so
[15.170s] -- Set non-toolchain portion of runtime path of "/home/daniel-mooney/Documents/Projects/Intrinsic/ws_aic/src/aic/install/aic_engine_interfaces/lib/libaic_engine_interfaces__rosidl_generator_py.so" to ""
[15.170s] -- Installing: /home/daniel-mooney/Documents/Projects/Intrinsic/ws_aic/src/aic/install/aic_engine_interfaces/share/aic_engine_interfaces/srv/ResetJoints.idl
[15.171s] -- Installing: /home/daniel-mooney/Documents/Projects/Intrinsic/ws_aic/src/aic/install/aic_engine_interfaces/share/aic_engine_interfaces/srv/ResetJoints.srv
[15.171s] -- Installing: /home/daniel-mooney/Documents/Projects/Intrinsic/ws_aic/src/aic/install/aic_engine_interfaces/share/ament_index/resource_index/package_run_dependencies/aic_engine_interfaces
[15.171s] -- Installing: /home/daniel-mooney/Documents/Projects/Intrinsic/ws_aic/src/aic/install/aic_engine_interfaces/share/ament_index/resource_index/parent_prefix_path/aic_engine_interfaces
[15.172s] -- Installing: /home/daniel-mooney/Documents/Projects/Intrinsic/ws_aic/src/aic/install/aic_engine_interfaces/share/aic_engine_interfaces/environment/ament_prefix_path.sh
[15.172s] -- Installing: /home/daniel-mooney/Documents/Projects/Intrinsic/ws_aic/src/aic/install/aic_engine_interfaces/share/aic_engine_interfaces/environment/ament_prefix_path.dsv
[15.173s] -- Installing: /home/daniel-mooney/Documents/Projects/Intrinsic/ws_aic/src/aic/install/aic_engine_interfaces/share/aic_engine_interfaces/environment/path.sh
[15.173s] -- Installing: /home/daniel-mooney/Documents/Projects/Intrinsic/ws_aic/src/aic/install/aic_engine_interfaces/share/aic_engine_interfaces/environment/path.dsv
[15.175s] -- Installing: /home/daniel-mooney/Documents/Projects/Intrinsic/ws_aic/src/aic/install/aic_engine_interfaces/share/aic_engine_interfaces/local_setup.bash
[15.175s] -- Installing: /home/daniel-mooney/Documents/Projects/Intrinsic/ws_aic/src/aic/install/aic_engine_interfaces/share/aic_engine_interfaces/local_setup.sh
[15.176s] -- Installing: /home/daniel-mooney/Documents/Projects/Intrinsic/ws_aic/src/aic/install/aic_engine_interfaces/share/aic_engine_interfaces/local_setup.zsh
[15.178s] -- Installing: /home/daniel-mooney/Documents/Projects/Intrinsic/ws_aic/src/aic/install/aic_engine_interfaces/share/aic_engine_interfaces/local_setup.dsv
[15.179s] -- Installing: /home/daniel-mooney/Documents/Projects/Intrinsic/ws_aic/src/aic/install/aic_engine_interfaces/share/aic_engine_interfaces/package.dsv
[15.179s] -- Installing: /home/daniel-mooney/Documents/Projects/Intrinsic/ws_aic/src/aic/install/aic_engine_interfaces/share/ament_index/resource_index/packages/aic_engine_interfaces
[15.179s] -- Installing: /home/daniel-mooney/Documents/Projects/Intrinsic/ws_aic/src/aic/install/aic_engine_interfaces/share/aic_engine_interfaces/cmake/export_aic_engine_interfaces__rosidl_generator_cExport.cmake
[15.180s] -- Installing: /home/daniel-mooney/Documents/Projects/Intrinsic/ws_aic/src/aic/install/aic_engine_interfaces/share/aic_engine_interfaces/cmake/export_aic_engine_interfaces__rosidl_generator_cExport-noconfig.cmake
[15.180s] -- Installing: /home/daniel-mooney/Documents/Projects/Intrinsic/ws_aic/src/aic/install/aic_engine_interfaces/share/aic_engine_interfaces/cmake/export_aic_engine_interfaces__rosidl_typesupport_fastrtps_cExport.cmake
[15.180s] -- Installing: /home/daniel-mooney/Documents/Projects/Intrinsic/ws_aic/src/aic/install/aic_engine_interfaces/share/aic_engine_interfaces/cmake/export_aic_engine_interfaces__rosidl_typesupport_fastrtps_cExport-noconfig.cmake
[15.181s] -- Installing: /home/daniel-mooney/Documents/Projects/Intrinsic/ws_aic/src/aic/install/aic_engine_interfaces/share/aic_engine_interfaces/cmake/export_aic_engine_interfaces__rosidl_generator_cppExport.cmake
[15.181s] -- Installing: /home/daniel-mooney/Documents/Projects/Intrinsic/ws_aic/src/aic/install/aic_engine_interfaces/share/aic_engine_interfaces/cmake/export_aic_engine_interfaces__rosidl_typesupport_fastrtps_cppExport.cmake
[15.181s] -- Installing: /home/daniel-mooney/Documents/Projects/Intrinsic/ws_aic/src/aic/install/aic_engine_interfaces/share/aic_engine_interfaces/cmake/export_aic_engine_interfaces__rosidl_typesupport_fastrtps_cppExport-noconfig.cmake
[15.182s] -- Installing: /home/daniel-mooney/Documents/Projects/Intrinsic/ws_aic/src/aic/install/aic_engine_interfaces/share/aic_engine_interfaces/cmake/aic_engine_interfaces__rosidl_typesupport_introspection_cExport.cmake
[15.183s] -- Installing: /home/daniel-mooney/Documents/Projects/Intrinsic/ws_aic/src/aic/install/aic_engine_interfaces/share/aic_engine_interfaces/cmake/aic_engine_interfaces__rosidl_typesupport_introspection_cExport-noconfig.cmake
[15.184s] -- Installing: /home/daniel-mooney/Documents/Projects/Intrinsic/ws_aic/src/aic/install/aic_engine_interfaces/share/aic_engine_interfaces/cmake/aic_engine_interfaces__rosidl_typesupport_cExport.cmake
[15.185s] -- Installing: /home/daniel-mooney/Documents/Projects/Intrinsic/ws_aic/src/aic/install/aic_engine_interfaces/share/aic_engine_interfaces/cmake/aic_engine_interfaces__rosidl_typesupport_cExport-noconfig.cmake
[15.188s] -- Installing: /home/daniel-mooney/Documents/Projects/Intrinsic/ws_aic/src/aic/install/aic_engine_interfaces/share/aic_engine_interfaces/cmake/aic_engine_interfaces__rosidl_typesupport_introspection_cppExport.cmake
[15.190s] -- Installing: /home/daniel-mooney/Documents/Projects/Intrinsic/ws_aic/src/aic/install/aic_engine_interfaces/share/aic_engine_interfaces/cmake/aic_engine_interfaces__rosidl_typesupport_introspection_cppExport-noconfig.cmake
[15.191s] -- Installing: /home/daniel-mooney/Documents/Projects/Intrinsic/ws_aic/src/aic/install/aic_engine_interfaces/share/aic_engine_interfaces/cmake/aic_engine_interfaces__rosidl_typesupport_cppExport.cmake
[15.192s] -- Installing: /home/daniel-mooney/Documents/Projects/Intrinsic/ws_aic/src/aic/install/aic_engine_interfaces/share/aic_engine_interfaces/cmake/aic_engine_interfaces__rosidl_typesupport_cppExport-noconfig.cmake
[15.192s] -- Installing: /home/daniel-mooney/Documents/Projects/Intrinsic/ws_aic/src/aic/install/aic_engine_interfaces/share/aic_engine_interfaces/cmake/export_aic_engine_interfaces__rosidl_generator_pyExport.cmake
[15.193s] -- Installing: /home/daniel-mooney/Documents/Projects/Intrinsic/ws_aic/src/aic/install/aic_engine_interfaces/share/aic_engine_interfaces/cmake/export_aic_engine_interfaces__rosidl_generator_pyExport-noconfig.cmake
[15.194s] -- Installing: /home/daniel-mooney/Documents/Projects/Intrinsic/ws_aic/src/aic/install/aic_engine_interfaces/share/aic_engine_interfaces/cmake/rosidl_cmake-extras.cmake
[15.194s] -- Installing: /home/daniel-mooney/Documents/Projects/Intrinsic/ws_aic/src/aic/install/aic_engine_interfaces/share/aic_engine_interfaces/cmake/ament_cmake_export_dependencies-extras.cmake
[15.195s] -- Installing: /home/daniel-mooney/Documents/Projects/Intrinsic/ws_aic/src/aic/install/aic_engine_interfaces/share/aic_engine_interfaces/cmake/ament_cmake_export_include_directories-extras.cmake
[15.195s] -- Installing: /home/daniel-mooney/Documents/Projects/Intrinsic/ws_aic/src/aic/install/aic_engine_interfaces/share/aic_engine_interfaces/cmake/ament_cmake_export_libraries-extras.cmake
[15.195s] -- Installing: /home/daniel-mooney/Documents/Projects/Intrinsic/ws_aic/src/aic/install/aic_engine_interfaces/share/aic_engine_interfaces/cmake/ament_cmake_export_targets-extras.cmake
[15.195s] -- Installing: /home/daniel-mooney/Documents/Projects/Intrinsic/ws_aic/src/aic/install/aic_engine_interfaces/share/aic_engine_interfaces/cmake/rosidl_cmake_export_typesupport_targets-extras.cmake
[15.195s] -- Installing: /home/daniel-mooney/Documents/Projects/Intrinsic/ws_aic/src/aic/install/aic_engine_interfaces/share/aic_engine_interfaces/cmake/rosidl_cmake_export_typesupport_libraries-extras.cmake
[15.196s] -- Installing: /home/daniel-mooney/Documents/Projects/Intrinsic/ws_aic/src/aic/install/aic_engine_interfaces/share/aic_engine_interfaces/cmake/aic_engine_interfacesConfig.cmake
[15.196s] -- Installing: /home/daniel-mooney/Documents/Projects/Intrinsic/ws_aic/src/aic/install/aic_engine_interfaces/share/aic_engine_interfaces/cmake/aic_engine_interfacesConfig-version.cmake
[15.196s] -- Installing: /home/daniel-mooney/Documents/Projects/Intrinsic/ws_aic/src/aic/install/aic_engine_interfaces/share/aic_engine_interfaces/package.xml
[15.197s] Invoked command in '/home/daniel-mooney/Documents/Projects/Intrinsic/ws_aic/src/aic/build/aic_engine_interfaces' returned '0': CMAKE_PREFIX_PATH=${CMAKE_PREFIX_PATH}:/home/daniel-mooney/Documents/Projects/Intrinsic/ws_aic/src/aic/.pixi/envs/default PIXI_PROMPT=(aic) PS1=\[[1;36m\].../aic\[[0m\] on \[[1;35m\] dev\[[0m\] \[[1;31m\][!?⇡]\[[0m\] via \[[1;33m\]🧚 v0.65.0 (default) \[[2;31m\]⬢ [Docker]\[[0m\] \[[1;32m\]❯\[[0m\] XAUTHLOCALHOSTNAME= /home/daniel-mooney/Documents/Projects/Intrinsic/ws_aic/src/aic/.pixi/envs/default/bin/cmake --install /home/daniel-mooney/Documents/Projects/Intrinsic/ws_aic/src/aic/build/aic_engine_interfaces
