running egg_info
creating ../../../../../build/aic_task/aic_task.egg-info
writing ../../../../../build/aic_task/aic_task.egg-info/PKG-INFO
writing dependency_links to ../../../../../build/aic_task/aic_task.egg-info/dependency_links.txt
writing requirements to ../../../../../build/aic_task/aic_task.egg-info/requires.txt
writing top-level names to ../../../../../build/aic_task/aic_task.egg-info/top_level.txt
writing manifest file '../../../../../build/aic_task/aic_task.egg-info/SOURCES.txt'
reading manifest file '../../../../../build/aic_task/aic_task.egg-info/SOURCES.txt'
writing manifest file '../../../../../build/aic_task/aic_task.egg-info/SOURCES.txt'
running build
running build_py
creating /home/daniel-mooney/Documents/Projects/Intrinsic/ws_aic/src/aic/build/aic_task/build/lib/aic_task
copying aic_task/__init__.py -> /home/daniel-mooney/Documents/Projects/Intrinsic/ws_aic/src/aic/build/aic_task/build/lib/aic_task
copying aic_task/extension.py -> /home/daniel-mooney/Documents/Projects/Intrinsic/ws_aic/src/aic/build/aic_task/build/lib/aic_task
running install
running install_lib
creating /home/daniel-mooney/Documents/Projects/Intrinsic/ws_aic/src/aic/install/aic_task/lib/python3.12/site-packages/aic_task
copying /home/daniel-mooney/Documents/Projects/Intrinsic/ws_aic/src/aic/build/aic_task/build/lib/aic_task/__init__.py -> /home/daniel-mooney/Documents/Projects/Intrinsic/ws_aic/src/aic/install/aic_task/lib/python3.12/site-packages/aic_task
copying /home/daniel-mooney/Documents/Projects/Intrinsic/ws_aic/src/aic/build/aic_task/build/lib/aic_task/extension.py -> /home/daniel-mooney/Documents/Projects/Intrinsic/ws_aic/src/aic/install/aic_task/lib/python3.12/site-packages/aic_task
byte-compiling /home/daniel-mooney/Documents/Projects/Intrinsic/ws_aic/src/aic/install/aic_task/lib/python3.12/site-packages/aic_task/__init__.py to __init__.cpython-312.pyc
byte-compiling /home/daniel-mooney/Documents/Projects/Intrinsic/ws_aic/src/aic/install/aic_task/lib/python3.12/site-packages/aic_task/extension.py to extension.cpython-312.pyc
running install_egg_info
Copying ../../../../../build/aic_task/aic_task.egg-info to /home/daniel-mooney/Documents/Projects/Intrinsic/ws_aic/src/aic/install/aic_task/lib/python3.12/site-packages/aic_task-0.1.0-py3.12.egg-info
running install_scripts
writing list of installed files to '/home/daniel-mooney/Documents/Projects/Intrinsic/ws_aic/src/aic/build/aic_task/install.log'
