running egg_info
writing ../build/superviser/superviser.egg-info/PKG-INFO
writing dependency_links to ../build/superviser/superviser.egg-info/dependency_links.txt
writing requirements to ../build/superviser/superviser.egg-info/requires.txt
writing top-level names to ../build/superviser/superviser.egg-info/top_level.txt
reading manifest file '../build/superviser/superviser.egg-info/SOURCES.txt'
writing manifest file '../build/superviser/superviser.egg-info/SOURCES.txt'
running build
running build_py
copying superviser/__init__.py -> /home/daniel-mooney/Documents/Projects/Intrinsic/ws_aic/src/aic/build/superviser/build/lib/superviser
copying superviser/rrt_policy.py -> /home/daniel-mooney/Documents/Projects/Intrinsic/ws_aic/src/aic/build/superviser/build/lib/superviser
copying superviser/planner/sampler.py -> /home/daniel-mooney/Documents/Projects/Intrinsic/ws_aic/src/aic/build/superviser/build/lib/superviser/planner
copying superviser/planner/__init__.py -> /home/daniel-mooney/Documents/Projects/Intrinsic/ws_aic/src/aic/build/superviser/build/lib/superviser/planner
copying superviser/planner/types.py -> /home/daniel-mooney/Documents/Projects/Intrinsic/ws_aic/src/aic/build/superviser/build/lib/superviser/planner
copying superviser/planner/interpolater.py -> /home/daniel-mooney/Documents/Projects/Intrinsic/ws_aic/src/aic/build/superviser/build/lib/superviser/planner
copying superviser/planner/planner.py -> /home/daniel-mooney/Documents/Projects/Intrinsic/ws_aic/src/aic/build/superviser/build/lib/superviser/planner
copying superviser/planner/collision_checker.py -> /home/daniel-mooney/Documents/Projects/Intrinsic/ws_aic/src/aic/build/superviser/build/lib/superviser/planner
copying superviser/planner/rrt.py -> /home/daniel-mooney/Documents/Projects/Intrinsic/ws_aic/src/aic/build/superviser/build/lib/superviser/planner
copying superviser/planner/indexer.py -> /home/daniel-mooney/Documents/Projects/Intrinsic/ws_aic/src/aic/build/superviser/build/lib/superviser/planner
copying superviser/py.typed -> /home/daniel-mooney/Documents/Projects/Intrinsic/ws_aic/src/aic/build/superviser/build/lib/superviser
running install
running install_lib
copying /home/daniel-mooney/Documents/Projects/Intrinsic/ws_aic/src/aic/build/superviser/build/lib/superviser/planner/indexer.py -> /home/daniel-mooney/Documents/Projects/Intrinsic/ws_aic/src/aic/install/superviser/lib/python3.12/site-packages/superviser/planner
byte-compiling /home/daniel-mooney/Documents/Projects/Intrinsic/ws_aic/src/aic/install/superviser/lib/python3.12/site-packages/superviser/planner/indexer.py to indexer.cpython-312.pyc
running install_data
copying resource/superviser -> /home/daniel-mooney/Documents/Projects/Intrinsic/ws_aic/src/aic/install/superviser/share/ament_index/resource_index/packages
copying package.xml -> /home/daniel-mooney/Documents/Projects/Intrinsic/ws_aic/src/aic/install/superviser/share/superviser
running install_egg_info
removing '/home/daniel-mooney/Documents/Projects/Intrinsic/ws_aic/src/aic/install/superviser/lib/python3.12/site-packages/superviser-0.0.0-py3.12.egg-info' (and everything under it)
Copying ../build/superviser/superviser.egg-info to /home/daniel-mooney/Documents/Projects/Intrinsic/ws_aic/src/aic/install/superviser/lib/python3.12/site-packages/superviser-0.0.0-py3.12.egg-info
running install_scripts
writing list of installed files to '/home/daniel-mooney/Documents/Projects/Intrinsic/ws_aic/src/aic/build/superviser/install.log'
