running egg_info
creating ../build/superviser/superviser.egg-info
writing ../build/superviser/superviser.egg-info/PKG-INFO
writing dependency_links to ../build/superviser/superviser.egg-info/dependency_links.txt
writing requirements to ../build/superviser/superviser.egg-info/requires.txt
writing top-level names to ../build/superviser/superviser.egg-info/top_level.txt
writing manifest file '../build/superviser/superviser.egg-info/SOURCES.txt'
reading manifest file '../build/superviser/superviser.egg-info/SOURCES.txt'
writing manifest file '../build/superviser/superviser.egg-info/SOURCES.txt'
running build
running build_py
creating /home/daniel-mooney/Documents/Projects/Intrinsic/ws_aic/src/aic/build/superviser/build/lib/superviser
copying superviser/__init__.py -> /home/daniel-mooney/Documents/Projects/Intrinsic/ws_aic/src/aic/build/superviser/build/lib/superviser
copying superviser/rrt_policy.py -> /home/daniel-mooney/Documents/Projects/Intrinsic/ws_aic/src/aic/build/superviser/build/lib/superviser
creating /home/daniel-mooney/Documents/Projects/Intrinsic/ws_aic/src/aic/build/superviser/build/lib/superviser/planner
copying superviser/planner/sampler.py -> /home/daniel-mooney/Documents/Projects/Intrinsic/ws_aic/src/aic/build/superviser/build/lib/superviser/planner
copying superviser/planner/__init__.py -> /home/daniel-mooney/Documents/Projects/Intrinsic/ws_aic/src/aic/build/superviser/build/lib/superviser/planner
copying superviser/planner/types.py -> /home/daniel-mooney/Documents/Projects/Intrinsic/ws_aic/src/aic/build/superviser/build/lib/superviser/planner
copying superviser/planner/interpolater.py -> /home/daniel-mooney/Documents/Projects/Intrinsic/ws_aic/src/aic/build/superviser/build/lib/superviser/planner
copying superviser/planner/planner.py -> /home/daniel-mooney/Documents/Projects/Intrinsic/ws_aic/src/aic/build/superviser/build/lib/superviser/planner
copying superviser/planner/collision_checker.py -> /home/daniel-mooney/Documents/Projects/Intrinsic/ws_aic/src/aic/build/superviser/build/lib/superviser/planner
copying superviser/planner/rrt.py -> /home/daniel-mooney/Documents/Projects/Intrinsic/ws_aic/src/aic/build/superviser/build/lib/superviser/planner
copying superviser/planner/indexer.py -> /home/daniel-mooney/Documents/Projects/Intrinsic/ws_aic/src/aic/build/superviser/build/lib/superviser/planner
copying superviser/py.typed -> /home/daniel-mooney/Documents/Projects/Intrinsic/ws_aic/src/aic/build/superviser/build/lib/superviser
running install
running install_lib
creating /home/daniel-mooney/Documents/Projects/Intrinsic/ws_aic/src/aic/install/superviser/lib/python3.12/site-packages/superviser
copying /home/daniel-mooney/Documents/Projects/Intrinsic/ws_aic/src/aic/build/superviser/build/lib/superviser/py.typed -> /home/daniel-mooney/Documents/Projects/Intrinsic/ws_aic/src/aic/install/superviser/lib/python3.12/site-packages/superviser
copying /home/daniel-mooney/Documents/Projects/Intrinsic/ws_aic/src/aic/build/superviser/build/lib/superviser/__init__.py -> /home/daniel-mooney/Documents/Projects/Intrinsic/ws_aic/src/aic/install/superviser/lib/python3.12/site-packages/superviser
copying /home/daniel-mooney/Documents/Projects/Intrinsic/ws_aic/src/aic/build/superviser/build/lib/superviser/rrt_policy.py -> /home/daniel-mooney/Documents/Projects/Intrinsic/ws_aic/src/aic/install/superviser/lib/python3.12/site-packages/superviser
creating /home/daniel-mooney/Documents/Projects/Intrinsic/ws_aic/src/aic/install/superviser/lib/python3.12/site-packages/superviser/planner
copying /home/daniel-mooney/Documents/Projects/Intrinsic/ws_aic/src/aic/build/superviser/build/lib/superviser/planner/sampler.py -> /home/daniel-mooney/Documents/Projects/Intrinsic/ws_aic/src/aic/install/superviser/lib/python3.12/site-packages/superviser/planner
copying /home/daniel-mooney/Documents/Projects/Intrinsic/ws_aic/src/aic/build/superviser/build/lib/superviser/planner/__init__.py -> /home/daniel-mooney/Documents/Projects/Intrinsic/ws_aic/src/aic/install/superviser/lib/python3.12/site-packages/superviser/planner
copying /home/daniel-mooney/Documents/Projects/Intrinsic/ws_aic/src/aic/build/superviser/build/lib/superviser/planner/types.py -> /home/daniel-mooney/Documents/Projects/Intrinsic/ws_aic/src/aic/install/superviser/lib/python3.12/site-packages/superviser/planner
copying /home/daniel-mooney/Documents/Projects/Intrinsic/ws_aic/src/aic/build/superviser/build/lib/superviser/planner/interpolater.py -> /home/daniel-mooney/Documents/Projects/Intrinsic/ws_aic/src/aic/install/superviser/lib/python3.12/site-packages/superviser/planner
copying /home/daniel-mooney/Documents/Projects/Intrinsic/ws_aic/src/aic/build/superviser/build/lib/superviser/planner/planner.py -> /home/daniel-mooney/Documents/Projects/Intrinsic/ws_aic/src/aic/install/superviser/lib/python3.12/site-packages/superviser/planner
copying /home/daniel-mooney/Documents/Projects/Intrinsic/ws_aic/src/aic/build/superviser/build/lib/superviser/planner/collision_checker.py -> /home/daniel-mooney/Documents/Projects/Intrinsic/ws_aic/src/aic/install/superviser/lib/python3.12/site-packages/superviser/planner
copying /home/daniel-mooney/Documents/Projects/Intrinsic/ws_aic/src/aic/build/superviser/build/lib/superviser/planner/rrt.py -> /home/daniel-mooney/Documents/Projects/Intrinsic/ws_aic/src/aic/install/superviser/lib/python3.12/site-packages/superviser/planner
copying /home/daniel-mooney/Documents/Projects/Intrinsic/ws_aic/src/aic/build/superviser/build/lib/superviser/planner/indexer.py -> /home/daniel-mooney/Documents/Projects/Intrinsic/ws_aic/src/aic/install/superviser/lib/python3.12/site-packages/superviser/planner
byte-compiling /home/daniel-mooney/Documents/Projects/Intrinsic/ws_aic/src/aic/install/superviser/lib/python3.12/site-packages/superviser/__init__.py to __init__.cpython-312.pyc
byte-compiling /home/daniel-mooney/Documents/Projects/Intrinsic/ws_aic/src/aic/install/superviser/lib/python3.12/site-packages/superviser/rrt_policy.py to rrt_policy.cpython-312.pyc
byte-compiling /home/daniel-mooney/Documents/Projects/Intrinsic/ws_aic/src/aic/install/superviser/lib/python3.12/site-packages/superviser/planner/sampler.py to sampler.cpython-312.pyc
byte-compiling /home/daniel-mooney/Documents/Projects/Intrinsic/ws_aic/src/aic/install/superviser/lib/python3.12/site-packages/superviser/planner/__init__.py to __init__.cpython-312.pyc
byte-compiling /home/daniel-mooney/Documents/Projects/Intrinsic/ws_aic/src/aic/install/superviser/lib/python3.12/site-packages/superviser/planner/types.py to types.cpython-312.pyc
byte-compiling /home/daniel-mooney/Documents/Projects/Intrinsic/ws_aic/src/aic/install/superviser/lib/python3.12/site-packages/superviser/planner/interpolater.py to interpolater.cpython-312.pyc
byte-compiling /home/daniel-mooney/Documents/Projects/Intrinsic/ws_aic/src/aic/install/superviser/lib/python3.12/site-packages/superviser/planner/planner.py to planner.cpython-312.pyc
byte-compiling /home/daniel-mooney/Documents/Projects/Intrinsic/ws_aic/src/aic/install/superviser/lib/python3.12/site-packages/superviser/planner/collision_checker.py to collision_checker.cpython-312.pyc
byte-compiling /home/daniel-mooney/Documents/Projects/Intrinsic/ws_aic/src/aic/install/superviser/lib/python3.12/site-packages/superviser/planner/rrt.py to rrt.cpython-312.pyc
byte-compiling /home/daniel-mooney/Documents/Projects/Intrinsic/ws_aic/src/aic/install/superviser/lib/python3.12/site-packages/superviser/planner/indexer.py to indexer.cpython-312.pyc
running install_data
creating /home/daniel-mooney/Documents/Projects/Intrinsic/ws_aic/src/aic/install/superviser/share/ament_index/resource_index/packages
copying resource/superviser -> /home/daniel-mooney/Documents/Projects/Intrinsic/ws_aic/src/aic/install/superviser/share/ament_index/resource_index/packages
copying package.xml -> /home/daniel-mooney/Documents/Projects/Intrinsic/ws_aic/src/aic/install/superviser/share/superviser
running install_egg_info
Copying ../build/superviser/superviser.egg-info to /home/daniel-mooney/Documents/Projects/Intrinsic/ws_aic/src/aic/install/superviser/lib/python3.12/site-packages/superviser-0.0.0-py3.12.egg-info
running install_scripts
writing list of installed files to '/home/daniel-mooney/Documents/Projects/Intrinsic/ws_aic/src/aic/build/superviser/install.log'
